PASS  X01  The re-implementation reproduces the pipeline exactly at the paper's 15-run threshold (average ranks of the main and component-analysis Friedman rankings, and every case-mean p of the main table, of the fifteen component-analysis contrasts incl. RSD-VNS (raw and Holm), of the N>=10 subgroups and of the six budget-split tests incl. omega = 0.9 equal mpce_summary.json).
PASS  X02  The best-ranked method of the eight-method comparison is PSO-VNS for every qualification threshold from 1 to 30 feasible runs (\NXThrList).
PASS  X03  The complete average-rank order of the eight methods is the same at every threshold 1-30.
PASS  X04  At every threshold, PSO is the only method whose average rank does not differ significantly from that of PSO-VNS (Holm post hoc).
PASS  X05  At every threshold, PSO-VNS and PSO do not differ significantly on the case means (p >= 0.05, p between \NXThrPSOPMin and \NXThrPSOPMax).
PASS  X06  At every threshold, SSA-VNS has a significantly lower case-mean wake loss than RS-VNS (unadjusted and Holm over the component-analysis contrasts; p <= \NXThrSSAVNSvsRSVNSPMax).
PASS  X07  At every threshold, LX-SSA-VNS and RS-VNS do not differ significantly (p >= \NXThrLXSSAVNSvsRSVNSPMin).
PASS  X08  At every threshold, SSA-VNS has a significantly lower case-mean wake loss than LX-SSA-VNS.
PASS  X09  At every threshold, PSO-VNS has a significantly lower case-mean wake loss than RS-VNS.
PASS  X10  The 68 cases form six (data set, radius) clusters with nested N (9, 11 and 14 cases per radius in each data set).
PASS  X11  Every comparison that is significant on the 68 case means favours the same method in all six clusters (the strongest result attainable with six clusters, exact p = \NXClMinP), except the two contrasts of the SSA hybrids with the disc-sampling control (\NXClCaseSigNotUnanimous: \NXClSSAVNSvsRSDVNSFav/\NXClSSAVNSvsRSDVNSOpp and \NXClLXSSAVNSvsRSDVNSFav/\NXClLXSSAVNSvsRSDVNSOpp clusters).
PASS  X12  At the cluster level PSO-VNS and PSO do not differ either: PSO-VNS has the lower mean in \NXClPSOVNSvsPSOFav of the six clusters (all cluster-level p >= 0.05) and the cluster-bootstrap CI \NXClPSOVNSvsPSOCI contains zero.
PASS  X13  LX-SSA-VNS and RS-VNS split the clusters (\NXClLXSSAVNSvsRSVNSFav/\NXClLXSSAVNSvsRSVNSOpp) and do not differ at the cluster level.
PASS  X14  Leaving out any one of the six clusters changes none of the \NXLocoNPairs case-mean verdicts (significant or not, and which method is better when significant) except that of SSA-VNS vs RSD-VNS (\NXLocoSSAVNSvsRSDVNSChanges of six runs, p up to \NXLocoSSAVNSvsRSDVNSPMax); PSO-VNS keeps the best average rank, and PSO remains the only method not significantly behind it.
PASS  X15  In the leave-one-cluster-out runs the sign of the mean difference changes only for the two non-significant pairs (PSO-VNS vs PSO, LX-SSA-VNS vs RS-VNS) and for SSA-VNS vs RSD-VNS; PSO-VNS vs PSO stays non-significant (p >= \NXLocoPSOVNSvsPSOPMin).
PASS  X16  The cluster-bootstrap 95% CI excludes zero for every comparison that is significant on the case means except SSA-VNS vs RSD-VNS (\NXClSSAVNSvsRSDVNSCI), and contains zero for the two that are not significant.
PASS  X17  CAVEAT: three case-level-significant comparisons are not significant with the cluster-robust t test (5 d.f.): SSA-VNS vs RS-VNS (p = \NXClSSAVNSvsRSVNSCRP, although all six clusters favour SSA-VNS; consistent but small), SSA-VNS vs RSD-VNS (p = \NXClSSAVNSvsRSDVNSCRP) and LX-SSA-VNS vs RSD-VNS (p = \NXClLXSSAVNSvsRSDVNSCRP); all other significant comparisons are.
PASS  X18  With one Holm correction over all \NXMultN case-mean tests quoted in the main text (\NXMultNMain main-table, \NXMultNAbl component-analysis, \NXMultNSub subgroup and \NXMultNSplit budget-split tests), every test significant unadjusted stays significant except the post hoc N>=10 subgroup over both data sets and omega = 0.5 vs omega = 0.9 (\NXMultLostHolm); under Benjamini-Hochberg only the former is lost (\NXMultLostBH).
PASS  X19  The Data Set II, N>=10 subgroup of PSO-VNS vs PSO remains significant after the all-family Holm correction (p_Holm <= \NXHolmPSOVNSvsPSOdsIILargeP).
PASS  X20  SSA-VNS vs RS-VNS and SSA-VNS vs LX-SSA-VNS remain significant after the all-family Holm correction; PSO-VNS vs PSO and LX-SSA-VNS vs RS-VNS are not significant with or without it.
PASS  X21  The budget-split case-mean tests omega = 0.5 vs 0.25, 0.5 vs 0.75 and 0.75 vs 1 (plain PSO) remain significant after the all-family Holm correction; omega = 0.5 vs 1 is not significant.
PASS  X22  In Data Set II the PSO-VNS advantage over PSO is significantly larger for N>=10 than for N<10 (permutation within clusters, p = \NXIntDsIIP); in Data Set I there is no such difference (p = \NXIntDsIP, opposite sign).
PASS  X23  Without any threshold, the PSO-VNS advantage grows with N within every Data Set II farm (mean within-farm Spearman \NXSpearDsIIStrat, p = \NXSpearDsIIStratP) but not over all cases (p = \NXSpearAllStratP), because in Data Set I the mean within-farm trend has the opposite sign (\NXSpearDsIStrat, p = \NXSpearDsIStratP); 'the gain grows with N' must therefore not be written without 'in Data Set II'.
PASS  X24  For the same farm and N>=10, the PSO-VNS advantage over PSO is larger in Data Set II than in Data Set I in \NXDsPairLargeIIWins of \NXDsPairLargeN cases (Wilcoxon p = \NXDsPairLargeP), but not for N<10 (p = \NXDsPairSmallP).
PASS  X25  Over the 68 cases the benchmark-energy gain of PSO-VNS over PSO is below 0.05% of AEP (\NXEnPSOVNSvsPSOPct%, \NXEnPSOVNSvsPSOMWh MWh/yr per case) and its 95% CI includes zero.
PASS  X26  The benchmark-energy gain of SSA-VNS over RS-VNS is positive (CI excludes zero) but below 0.1% of AEP and less than a fifth of that of PSO-VNS over RS-VNS.
PASS  X27  In Data Set II with N>=10 the gain of PSO-VNS over PSO is about 0.2% of benchmark AEP (\NXEnPSOVNSvsPSOdsIILargePct%, CI \NXEnPSOVNSvsPSOdsIILargePctCI) and positive in every case.
PASS  X29  The wake-model uncertainty is several times the equivalence margin: the wake loss of the same final layouts differs between the Jensen and the Gaussian wake model by \NXModelShiftMean pp on average (\NXModelShiftRatio times the margin; > 5 x 0.05 pp). [Replaces the earlier '> 10 x' version, which the data do not support.]
PASS  X30  The wake loss of the same final layouts differs between the Jensen and Gaussian wake models by \NXModelShiftMean pp on average (median \NXModelShiftMedian pp; \NXModelShiftRatio times the equivalence margin; above the margin for \NXModelShiftAboveMarginPct% of the \NXModelShiftNLayouts layouts), whereas the per-case PSO-VNS - PSO difference changes by only \NXModelShiftPairMean pp on average between the models (below the margin; mean \NXModelShiftPairJensen vs \NXModelShiftPairGauss pp).
PASS  X31  At every qualification threshold 1-30 the verdicts of the four RSD-VNS contrasts (SSA-VNS and LX-SSA-VNS worse, PSO-VNS better than RSD-VNS; RSD-VNS better than RS-VNS; unadjusted and Holm over the component-analysis contrasts) and of the six budget-split tests (incl. omega = 0.9 better than 0.5 unadjusted, 0.9 vs 0.75 not significant) are unchanged (SSA-VNS vs RSD-VNS p between \NXThrSSAVNSvsRSDVNSPMin and \NXThrSSAVNSvsRSDVNSPMax).
PASS  X32  PSO-VNS vs RSD-VNS and RSD-VNS vs RS-VNS are robust to case dependence: all six clusters favour PSO-VNS and RSD-VNS respectively (exact p = \NXClMinP), the cluster-robust t tests are significant (p = \NXClPSOVNSvsRSDVNSCRP, \NXClRSDVNSvsRSVNSCRP), the cluster-bootstrap CIs exclude zero (\NXClPSOVNSvsRSDVNSCI, \NXClRSDVNSvsRSVNSCI) and no leave-one-cluster-out run changes the verdict.
PASS  X33  CAVEAT: the case-level result that SSA-VNS is worse than RSD-VNS (Wilcoxon, also after the all-family Holm, p_Holm <= \NXHolmSSAVNSvsRSDVNSP) does NOT survive the cluster analyses: RSD-VNS has the lower mean in only \NXClSSAVNSvsRSDVNSOpp of six clusters (all cluster-level p >= 0.05, cluster-robust p = \NXClSSAVNSvsRSDVNSCRP), the cluster-bootstrap CI \NXClSSAVNSvsRSDVNSCI contains zero and one leave-one-cluster-out run loses significance (p up to \NXLocoSSAVNSvsRSDVNSPMax). Write 'the SSA phase gives no gain over disc sampling', not 'SSA-VNS is significantly worse'.
PASS  X34  LX-SSA-VNS is worse than RSD-VNS on the case means (all-family Holm p <= \NXHolmLXSSAVNSvsRSDVNSP) in \NXClLXSSAVNSvsRSDVNSOpp of six clusters, with a cluster-bootstrap CI above zero (\NXClLXSSAVNSvsRSDVNSCI) and no leave-one-cluster-out change; but the cluster-robust t test is not significant (p = \NXClLXSSAVNSvsRSDVNSCRP) -> 'worse', not 'clearly worse at the farm level'.
PASS  X35  All four RSD-VNS contrasts remain significant after the all-family Holm correction over \NXMultN tests (SSA-VNS vs RSD-VNS p_Holm <= \NXHolmSSAVNSvsRSDVNSP, LX-SSA-VNS vs RSD-VNS \NXHolmLXSSAVNSvsRSDVNSP, PSO-VNS vs RSD-VNS \NXHolmPSOVNSvsRSDVNSP, RSD-VNS vs RS-VNS \NXHolmRSDVNSvsRSVNSP).
PASS  X36  omega = 0.9 does not beat omega = 0.75 at any level (case means p = \NXThrSplitNinetyVsSeventyFivePMin-\NXThrSplitNinetyVsSeventyFivePMax over thresholds, all-family Holm p = \NXHolmSplitNinetyVsSeventyFiveP, \NXClSplitNinetyVsSeventyFiveFav/\NXClSplitNinetyVsSeventyFiveOpp clusters, cluster-bootstrap CI \NXClSplitNinetyVsSeventyFiveCI); omega = 0.9 is better than 0.5 unadjusted and in all six clusters, but not after the all-family Holm (p = \NXHolmSplitFiftyVsNinetyP) and not in \NXLocoSplitFiftyVsNinetyChanges of six LOCO runs.
PASS  X37  The budget-split conclusions omega = 0.5 better than 0.25, 0.75 better than 0.5 and 0.75 better than 1 (PSO) hold in all six clusters (cluster-bootstrap CIs exclude zero, no LOCO change); 0.5 vs 1 splits the clusters.
PASS  X38  The case-level equivalence results (mean, 90%/95% CIs, bootstrap TOST p, t-TOST p, minimal margin, verdict) and the Bayesian signed-rank probabilities and posterior means of all 18 pairs of tab:equivalence are reproduced exactly from the per-run data (margin \NXEqMarginSource).
PASS  X39  Equivalence of PSO-VNS and PSO at +-margin holds at the seed level (fixed benchmark, 90% CI \NXEqSeedPSOVNSvsPSOCI) and at the case level (\NXEqCasePSOVNSvsPSOCI, p_TOST = \NXEqCasePSOVNSvsPSOP) but NOT at the cluster level (CR2 90% CI \NXEqClustPSOVNSvsPSOCI, wild-cluster TOST p = \NXEqClustPSOVNSvsPSOP).
PASS  X40  On the fixed benchmark PSO-VNS has a small but statistically significant average advantage over PSO that lies inside the margin: seed-level 90% CI \NXEqSeedPSOVNSvsPSOCI (95%: \NXEqSeedPSOVNSvsPSOCINinetyFive; one seed resample for all cases: \NXEqSeedStratJointPSOVNSvsPSOCI; benchmark average per seed, t(29): \NXEqSeedJointPSOVNSvsPSOCI).
PASS  X41  The minimal equivalence margin of PSO-VNS vs PSO grows with the level of generalization: \NXEqSeedPSOVNSvsPSOMin pp (seed) < \NXEqCasePSOVNSvsPSOMin pp (case) < margin < \NXEqClustPSOVNSvsPSOMin pp (cluster, CR2; wild bootstrap \NXEqClustPSOVNSvsPSOMinWild pp).
PASS  X42  The cluster-level verdict for PSO-VNS vs PSO does not depend on the variant: CR1 (\NXEqClustCROnePSOVNSvsPSOCI), CR2 with 5 d.f. and CR2 with Bell-McCaffrey d.f. (\NXEqClustDfBM; \NXEqClustBMPSOVNSvsPSOCI) all extend beyond -margin.
PASS  X43  Per case, \NXHetBeyond of the \NXHetN cases differ by more than +-margin, in both directions: \NXHetBeyondPSOVNS favour PSO-VNS (by up to \NXHetMaxPSOVNS pp) and \NXHetBeyondPSO favour PSO (by up to \NXHetMaxPSO pp); \NXHetTies cases have identical case means.
PASS  X44  The average equivalence rests on the small layouts: for N < 10 (\NXEqSmallN cases) PSO-VNS and PSO are equivalent (90% CI \NXEqSmallCI; Bayesian probability that equivalence is the most probable outcome \NXEqSmallBayRope); for N >= 10 (\NXEqLargeN cases) they are not (mean \NXEqLargeMean pp, 90% CI \NXEqLargeCI, which excludes zero but is NOT entirely beyond -margin; P(PSO-VNS better most probable) = \NXEqLargeBayLeft).
PASS  X45  Cases with a trivial wake loss dominate the average: in the \NXEqTrivialN cases in which the case-mean wake loss of PSO-VNS is below \NXTrivialLoss pp the two are equivalent (90% CI \NXEqTrivialCI), in the other \NXEqNontrivialN cases equivalence cannot be shown (90% CI \NXEqNontrivialCI, minimal margin \NXEqNontrivialMin pp; P(rope most probable) \NXEqNontrivialBayRope), and every case beyond the margin is non-trivial.
PASS  X46  \NXHetClBeyond of the six cluster means of PSO-VNS - PSO exceed the margin, in opposite directions (\NXHetClBeyondPSOVNS favour PSO-VNS, \NXHetClBeyondPSO favour PSO; Data Set I 500 m \NXHetClDsIFive, Data Set II 1000 m \NXHetClDsIIThousand pp).
PASS  X47  Data set x density crossover (density \NXDensDef): the difference between the data sets changes with density (slope \NXDensInterSlope pp per unit density, studentized sign-flip p = \NXDensInterP); within Data Set II PSO-VNS gains with density (slope \NXDensSlopeDsII, p = \NXDensPDsII), within Data Set I PSO gains (slope \NXDensSlopeDsI, p = \NXDensPDsI). All \NXHetDsINPSO Data Set I cases beyond the margin favour PSO and are dense (\NXHetDsIPSOList); the Data Set II cases beyond the margin favour PSO-VNS (\NXHetDsIINPSOVNS) except \NXHetDsIINPSO (\NXHetDsIIPSOList).
PASS  X48  Bayesian wording: 'above 0.99' is the posterior probability that practical equivalence is the MOST PROBABLE of the three outcomes; the posterior mean shares are theta_PSO-VNS = \NXBayMeanPSOVNSvsPSOLeft, theta_rope = \NXBayMeanPSOVNSvsPSORope (95% credible interval \NXBayPSOVNSvsPSOCIRope), theta_PSO = \NXBayMeanPSOVNSvsPSORight, i.e. about one in four pairs of cases favours PSO-VNS by more than the margin.
PASS  X49  The Hodges-Lehmann estimate of SSA-VNS - RSD-VNS is positive (\NXHLSSAVNSvsRSDVNS pp, 95% CI \NXHLSSAVNSvsRSDVNSCI, excludes zero, consistent with the Wilcoxon test), whereas the 95% CI of the mean contains zero.
PASS  X50  The Hodges-Lehmann estimate of PSO-VNS - PSO is close to zero (\NXHLPSOVNSvsPSO pp, 95% CI \NXHLPSOVNSvsPSOCI inside +-margin and containing zero); the mean (\NXEqMeanPSOVNSvsPSO pp) is larger in magnitude because a few large cases dominate it.
PASS  X51  The Hodges-Lehmann estimates of the other key pairs agree in sign with the Wilcoxon verdicts and their 95% CIs exclude zero: LX-SSA-VNS worse than RSD-VNS (\NXHLLXSSAVNSvsRSDVNS, \NXHLLXSSAVNSvsRSDVNSCI), PSO-VNS better than RSD-VNS (\NXHLPSOVNSvsRSDVNS), SSA-VNS better than RS-VNS (\NXHLSSAVNSvsRSVNS) and than LX-SSA-VNS (\NXHLSSAVNSvsLXSSAVNS).
PASS  X52  Feasibility on Horns Rev (one site, 16 turbines, random starts, 6,030 evaluations): PSO-VNS is feasible in every run, PSO not; all \NXHRMcNemarOnlyPSOVNS discordant seeds favour PSO-VNS, none favours PSO (\NXHRMcNemarOnlyPSO), exact McNemar p = \NXHRMcNemarP.
PASS  X53  D14 (one-sided): a gain of the SSA phase over sampling in the disc larger than the margin is ruled out at the seed and case levels (lower 90% limits of SSA-VNS - RSD-VNS above -margin: \NXEqSeedSSAVNSvsRSDVNSCI, \NXEqCaseSSAVNSvsRSDVNSCI) but NOT at the cluster level, where the lower limit lies just beyond it (CR2 \NXEqClustSSAVNSvsRSDVNSCI, wild \NXEqClustSSAVNSvsRSDVNSCIWild).
PASS  X54  SSA-VNS vs RSD-VNS on the fixed benchmark: equivalent at +-margin (seed-level minimal margin \NXEqSeedSSAVNSvsRSDVNSMin pp) with the 90% CI above zero (\NXEqSeedSSAVNSvsRSDVNSCI) but the 95% CI not (\NXEqSeedSSAVNSvsRSDVNSCINinetyFive); at the case and cluster levels equivalence is not shown (\NXEqCaseSSAVNSvsRSDVNSMin, \NXEqClustSSAVNSvsRSDVNSMin pp).
PASS  X55  LX-SSA-VNS and RS-VNS are equivalent at the seed and case levels (minimal margins \NXEqSeedLXSSAVNSvsRSVNSMin, \NXEqCaseLXSSAVNSvsRSVNSMin pp) but not at the cluster level (\NXEqClustLXSSAVNSvsRSVNSMin pp); no pair of tab:equivalence is equivalent at the cluster level (\NXEqClustNHolds of 18; seed \NXEqSeedNHolds, case \NXEqCaseNHolds).
PASS  X56  In benchmark energy the margin corresponds to \NXMarginMWhTurbDsI MWh/yr per turbine in Data Set I and \NXMarginMWhTurbDsII MWh/yr in Data Set II (wake-free benchmark AEP \NXWakeFreeMWhTurbDsI and \NXWakeFreeMWhTurbDsII MWh/yr per turbine); the mean PSO-VNS - PSO gain is \NXEnPSOVNSvsPSOMWhTurb MWh/yr per turbine, far below both.
PASS  X57  Figure equiv_curve.pdf (TOST p vs margin, PSO-VNS vs PSO, seed / case / cluster level) was generated in the same run.
PASS  X28  mpce_numbers_extra.tex and mpce_supp_inference.tex were generated in the same run as mpce_summary_extra.json.

57 PASS / 0 FAIL
