D01 PASS    instrumented runs reproduce the stored runs of the paper (WakeLoss, coordinates, curve, calls)
D02 PASS    instrumentation does not change behaviour: seed-1 reruns with the original classes are bit-identical
D03 PASS    old PSO setting keeps a much wider swarm: final spread and |V| at least 3x the constriction values (median paired ratio) and larger in every paired run
D04 PASS    old setting clips more coordinates: mean clipped share over iterations 1-200 at least 2x constriction, and higher in every paired run over iterations 101-200
D05 PASS    old setting rarely samples feasible layouts (< 10 % of particle evaluations in iterations 101-200 vs > 25 % for constriction) and returns fewer feasible global bests (constriction: all)
D06 PASS    stored runs, classified with the paper's 1e-6 m rule (R3-7, R5-F2): the infeasible finals of the old setting are exactly the runs without the Feasible flag (runs - feasible, 2,040 - 1,754 = 286, i.e. 86.0 % feasible), boundary-only + spacing-only + both add up to them, none is undecidable at the 1-mm storage precision after the reproduced runs (all reproduced runs match the stored ones) and none contradicts the flag; most violate ONLY the spacing constraint (> 50 %; boundary-only < spacing-only); the constriction setting has none
D07 PASS    old setting: most infeasible particle evaluations violate both constraints, i.e. the swarm samples mostly outside the circle (turbine outside the circle in > 50 % of evaluations, iterations 101-200)
D08 PASS    the VNS phase is essentially one compass-search descent: for PSO-VNS, SSA-VNS and RS-VNS the median number of shaking steps is <= 2, shaking costs < 1 % of the Phase-2 evaluations, >= 85 % of the Phase-2 improvement comes from the first descent, and >= 80 % of the runs have no accepted shaking cycle
D09 PASS    for N >= 12 the median run has no shaking step: the first descent does not finish within the Phase-2 budget in at least 90 % of the runs with N = 12 or 15 (and in all runs with N = 15)
D10 PASS    accepted shaking cycles occur only in the smallest neighbourhood k = 1; k_max = 5 is never reached
D11 PASS    VNS never turns a feasible incumbent infeasible; infeasible switch points are repaired only by the first descent (never by a later cycle)
D12 PASS    the start handed to VNS is the best feasible Phase-1 layout whenever Phase 1 evaluated one (so an 'rsbest' control would equal RS-VNS)
D13 PASS    feasible starts: PSO and DE never improve on the best initial layout (instrumented runs and all stored runs)
D14 PASS    feasible starts: every feasible PSO candidate is the G-particle (zero velocity) re-evaluating G; no personal best is ever updated; DE produces no feasible trial and accepts none
D15 PASS    label symmetry alone does not explain the stall: after optimal relabelling the first PSO move is still feasible in < 1 % of draws; only a common weight (convex combination) is feasible more often
D16 PASS    the feasible initial layouts are distinct, not permutations of each other (matched RMS distance to G > 50 m)
D17 PASS    RS-VNS Phase-1 replay agrees with the runs, the inside-circle rate matches (pi/4)^N (within 5 % relative for N <= 10), and for N = 15 in the 1000-m farm none of the 90,450 box samples is feasible
D18 PASS    share of runs with a feasible layout by the switch (3,030 calls; RS-VNS 3,015, read at the checkpoint at 3,000): PSO > SSA > RS (68 cases)
D19 PASS    the planned cloud experiments are small: omega90 and rsdisc each < 2 CPU-hours (stored run times)
D20 PASS    VNS cycles (R3-2): the shake-plus-search cycles take a sizeable share of the Phase-2 evaluations but give little of the Phase-2 gain -- for every method their evaluation share (runs with a feasible switch point, pooled) is more than twice their gain share (accepted cycles plus the cycle cut off by the budget); for PSO-VNS the cycles take >= 15 % of the evaluations and give < 5 % of the gain (accepted cycles < 1 %)
D21 PASS    old-setting boundary violations are box-tangent pinning (R3-7): at least 90 % of the stored old-setting finals that violate the boundary (1e-6 m rule) have an outside turbine with a coordinate on the box bound
D22 PASS    mpce_numbers_diag.tex is in sync with mpce_summary_diag.json (R5 reproducibility 2): the macros regenerated from the stored summary with mpce_diagnostics.macros equal the file

22 PASS / 0 FAIL / 0 PENDING
