[F01] PASS  Splitting every 15-deg bin into one sub-bin reproduces the benchmark objective (median relative deviation < 1e-6; deviations only from the 1-mm rounding of the stored coordinates), the wake-free objective is identical for 1, 3 and 15 sub-bins, and the case-level statistics of the re-evaluation equal those of the recorded objective (PSO-VNS - PSO within 0.001 pp, no sign change, same best-ranked method).
[F02] PASS  The 15-deg statistics of this analysis reproduce mpce_summary.json (average ranks of the eight methods, PSO-VNS - PSO case-mean difference and p, the MS-SLSQP gap).
[F03] PASS  With 1-deg sub-bins the mean wake loss of every one of the eight methods rises, by \NFLossRiseMin to \NFLossRiseMax pp (\NFLossRiseRelMin to \NFLossRiseRelMax % of its benchmark value); for PSO-VNS from \NFLossPSOVNSFifteen % to \NFLossPSOVNSOne %, about \NFLossRiseMarginRatio times the +-0.05 pp equivalence margin.
[F04] PASS  Most of the change appears already with 5-deg sub-bins (for PSO-VNS more than 70 % of the 15-to-1-deg increase).
[F05] PASS  The finer rose penalizes the VNS-based methods and PSO most and DE and MS-SLSQP least (\NFLossRiseMinBy smallest, increase of DE and MS-SLSQP below 0.75 pp, of PSO-VNS, PSO and VNS above 1.0 pp).
[F06] PASS  PSO-VNS remains the best-ranked of the eight methods with 5-deg and with 1-deg sub-bins (average rank \NFRankPSOVNSOne vs PSO \NFRankPSOOne at 1 deg), and PSO remains the only method whose average rank is not significantly different (Holm).
[F07] PASS  The rest of the order changes: MS-SLSQP moves from sixth to third (average rank \NFRankMSSLSQPFifteen to \NFRankMSSLSQPOne) and VNS from fourth to sixth; the within-case ordering agrees only moderately with the benchmark (mean Kendall tau \NFTauOne; same best method in \NFSameBestOne % of the cases).
[F08] PASS  The gap of MS-SLSQP to PSO-VNS shrinks from \NFSLSQPGapFifteen to \NFSLSQPGapOne pp (to less than a third) but remains significant (Holm).
[F09] PASS  Under the Gaussian wake the best-ranked method is PSO with the 15-deg bins but PSO-VNS with 1-deg sub-bins, so the PSO lead of the Gaussian re-evaluation is itself a property of the coarse rose.
[F10] PASS  With 1-deg sub-bins, PSO-VNS - PSO is \NFPairMeanOne pp (90 % CI \NFPairCIOne): the average difference is still smaller than the margin, but the CI extends beyond -0.05 pp, so equivalence at +-0.05 pp can no longer be shown (smallest margin \NFPairMinMarginOne pp), and PSO-VNS is significantly better on the case means (p = \NFPairPOne).
[F11] PASS  The same holds with 5-deg sub-bins (\NFPairMeanFive pp, 90 % CI \NFPairCIFive; not equivalent; p = \NFPairPFive).
[F12] PASS  The per-case sign of PSO-VNS - PSO changes in \NFSignChangesOne of the \NFSignChangesBase cases with a nonzero difference under both resolutions (more than a third).
[F13] PASS  On the \NFNonTrivN non-trivial cases (PSO-VNS wake loss >= \NFNonTrivThr %), equivalence is shown neither with the benchmark bins (90 % CI \NFNonTrivCIFifteen) nor with 1-deg sub-bins (\NFNonTrivCIOne, where PSO-VNS is significantly better, p = \NFNonTrivPOne).
[F14] PASS  The Data Set II N >= 10 advantage of PSO-VNS survives the finer rose: lower mean wake loss in \NFDSIINTenWinsOne of \NFDSIINTenN cases (\NFDSIINTenMeanOne pp, p = \NFDSIINTenPOne), as with 15-deg bins (\NFDSIINTenMeanFifteen pp).
[F15] PASS  With 1-deg sub-bins the largest per-case advantage of PSO over PSO-VNS falls from \NFPairMaxPSOBetterFifteen to \NFPairMaxPSOBetterOne pp and PSO-VNS has the lower loss in \NFPairWinsOne of 68 cases (\NFPairLossesOne for PSO).
[F16] PASS  The component-analysis conclusions hold with 1-deg sub-bins: SSA-VNS and LX-SSA-VNS have a higher case-mean wake loss than the disc-sampling control RSD-VNS (p = \NFAblSSAVNSvsRSDVNSOneP, \NFAblLXSSAVNSvsRSDVNSOneP), PSO-VNS is better than RSD-VNS, RS-VNS and VNS, and PSO-VNS keeps the best average rank of the nine variants.
[F17] PASS  The small gain of SSA-VNS over the square-sampling control RS-VNS is not significant with 1-deg sub-bins (\NFAblSSAVNSvsRSVNSOne pp, p = \NFAblSSAVNSvsRSVNSOneP).
[F20] PASS  The 1-deg Horns Rev bins give every 30-deg sector exactly 30 bins with total frequency 1; the paper's 5-deg setting of this script reproduces hornsrev_model.py exactly for the installed block and, for the stored runs, up to the 1-cm rounding of the stored coordinates (median deviation < 1e-4 GWh/yr; fewer than 12 % of the 901 feasible runs lower by more than 0.01 GWh/yr, none higher; the count of runs above the installed block, 16, is the same for recorded and re-evaluated values). The 5-deg vs 1-deg comparisons therefore use re-evaluated values of the same coordinates.
[F21] PASS  With 1-deg bins no feasible run of any method at any budget exceeds the installed block (\NFHRAboveOneTotal of \NFHRNFeas, against \NFHRAboveFiveTotal with the paper's 5-deg bins); the same holds with 1-deg bins at integer centres and with 5-deg bins centred at 0 deg.
[F22] PASS  Under PyWake's NOJ model (1-deg bins) only \NFHRAbovePyWakeTotal run exceeds the installed block, a DE run at 120,030 evaluations; no PSO-VNS run does.
[F23] PASS  The installed block loses \NFHRInstDrop GWh/yr under the finer rose, the optimized layouts on average \NFHRMeanDrop GWh/yr; the VNS-based methods lose most (every VNS-based method more than every other method).
[F24] PASS  At 6,030 evaluations (random starts) the AEP advantage of PSO-VNS over PSO on the \NFHRPairSixKOneN jointly feasible seeds is significant only with the paper's 5-deg bins (\NFHRPairSixKFive GWh/yr, p = \NFHRPairSixKFiveP); with 1-deg bins (\NFHRPairSixKOne, p = \NFHRPairSixKOneP) and with PyWake NOJ (\NFHRPairSixKPyWake, p = \NFHRPairSixKPyWakeP) PSO has the (non-significantly) higher mean; the robust 6,030 result is feasibility.
[F25] PASS  With 1-deg bins PSO-VNS no longer has the highest mean AEP at 6,030 evaluations (random starts): PSO (\NFHRSixKRBestOneAEP GWh/yr on its \NFHRSixKRPSOFeas feasible runs) is marginally ahead of PSO-VNS (\NFHRSixKRSecondOneAEP).
[F26] PASS  At 30,030 evaluations PSO-VNS keeps the highest mean AEP with 1-deg bins (\NFHRThirtyKBestOneAEP vs \NFHRThirtyKSecondOne \NFHRThirtyKSecondOneAEP GWh/yr) and under PyWake NOJ (\NFHRThirtyKBestPyWakeAEP), and its advantage over PSO on the \NFHRPairThirtyKOneN jointly feasible seeds is significant under both (p = \NFHRPairThirtyKOneP, \NFHRPairThirtyKPyWakeP).
[F27] PASS  At 30,030 evaluations PSO-VNS is significantly better than every other method in the paper's run-level test with 1-deg bins (Holm p <= \NFHRThirtyKMaxPOne), but on the jointly feasible seeds the comparison with DE rests on 8 runs and is not significant.
[F28] PASS  With 5-deg bins centred at 0 deg instead of 2.5 deg, the PSO-VNS advantage over PSO at 30,030 is not significant.
[F29] PASS  At 120,030 evaluations DE has the highest mean AEP under 5-deg bins, 1-deg bins and PyWake NOJ.
[F30] PASS  The wake loss of the installed block depends on the bin phase: \NFHRInstLossFive % with 5-deg bins centred at 2.5 deg, \NFHRInstLossFivePhaseZero % centred at 0 deg, \NFHRInstLossOne % with 1-deg bins.
[F31] PASS  PyWake \NFPyWakeVersion was run at bins identical to ours (bin probabilities equal to \NFPyWakePMaxDiff) and gives the same wake-free AEP (\NFPyWakeIdealAEP GWh/yr).
[F32] PASS  For the installed 80-turbine farm, PyWake NOJ (k = 0.04) gives \NFPyWakeAEP GWh/yr (wake loss \NFPyWakeLossPct %) and our model \NFPyWakeOurAEP GWh/yr (\NFPyWakeOurLossPct %): our AEP is \NFPyWakeDiffPct % higher (less than 1 %), our wake loss \NFPyWakeLossDiffPP pp lower.
[F33] PASS  Rotor averaging does not explain the difference: PyWake's hub-centre variant (\NFPyWakeRotorCenterAEP GWh/yr) is further from our value than the default NOJ.
[F34] PASS  The difference comes from the thrust coefficient taken at the free-stream speed: with C_T at the local (waked) speed our model reproduces PyWake's NOJ with hub-centre test and momentum-theory induction exactly (\NFOurLocalCTAEP GWh/yr; all bin settings and both farms agree to 1e-6 GWh/yr), and the remaining gap to PyWake's default NOJ (< 0.25 % of AEP) is rotor averaging and the Madsen a(C_T) polynomial.
[F35] PASS  For the installed 16-turbine block PyWake NOJ gives \NFPyWakeSixteenAEP GWh/yr against our \NFPyWakeSixteenOurAEP (\NFPyWakeSixteenDiffPct %).
[F36] PASS  The PyWake reference constant of mpce_results.py (662.5 GWh/yr, 10.96 %) is not reproduced by PyWake at our bins (it lies between the 5-deg and PyWake-default values and differs from both by more than 0.5 GWh/yr).
[F40] PASS  The projection script reproduces iea37_published_results.csv (AEP of every published layout, the 1-mm feasibility flags and the boundary-projected AEPs).
[F41] PASS  \NFIEANChanged published layouts violate only the boundary and become feasible after radial projection (\NFIEAChanged); all but one violate it by less than 1 cm; the two layouts that violate the 2D spacing (participants 5 and 7, 36 turbines) stay infeasible.
[F42] PASS  With projection the best feasible published layout is that of participant 12 in both scenarios (\NFIEABestProjSixteen and \NFIEABestProjThirtySix MWh; minimum spacing \NFIEAProjSpacingSixteen and \NFIEAProjSpacingThirtySix m), instead of participant 4 (\NFIEABestStrictSixteen, \NFIEABestStrictThirtySix).
[F43] PASS  The strict-convention gaps reproduce the paper's \NIEA... macros (best and mean PSO-VNS gap, rank, at both budgets and both farm sizes).
[F44] PASS  With projected published layouts the gap of the best PSO-VNS layout at 30,030 evaluations widens from \NFIEAGapSixteenThirtyKStrict % to \NFIEAGapSixteenThirtyKProj % (16 turbines) and from \NFIEAGapThirtySixThirtyKStrict % to \NFIEAGapThirtySixThirtyKProj % (36 turbines), i.e. \NFIEAGapLossSixteenThirtyKProj and \NFIEAGapLossThirtySixThirtyKProj pp more wake loss; it ranks \NFIEARankSixteenThirtyKProj and \NFIEARankThirtySixThirtyKProj among the published layouts.
[F45] PASS  The best of all our layouts is \NFIEAOurBestGapThirtySixThirtyKProj % below the best feasible published layout at 36 turbines (\NFIEAOurBestByThirtySixThirtyK, 30,030) and \NFIEAOurBestGapSixteenThirtyKProj % at 16 turbines (\NFIEAOurBestBySixteenThirtyK).
[F46] PASS  In wake-loss terms, the best PSO-VNS layout at 30,030 has \NFIEAPSOVNSLossSixteenThirtyK % (16 turbines) and \NFIEAPSOVNSLossThirtySixThirtyK % (36) against \NFIEABestProjLossSixteen % and \NFIEABestProjLossThirtySix % for the best feasible (projected) published layouts.

41/41 checks passed
