BENCH PSOBV-PSOC     950/348/742 score 0.551 seedCI [0.531 0.572] seeds +25/-4 p_flip 1.2e-05 (Holm 1.2e-05) p_W 7.5e-05 | pooled Holm 4.69e-07 | groups +5/-1 p_grp 0.0625
BENCH PSOBV-SSABV    1336/321/383 score 0.734 seedCI [0.715 0.752] seeds +30/-0 p_flip 1.86e-09 (Holm 1.3e-08) p_W 1.72e-06 | pooled Holm 4.35e-123 | groups +6/-0 p_grp 0.0312
BENCH PSOBV-SSA      1650/276/114 score 0.876 seedCI [0.866 0.886] seeds +30/-0 p_flip 1.86e-09 (Holm 1.3e-08) p_W 1.69e-06 | pooled Holm 0 | groups +6/-0 p_grp 0.0312
BENCH PSOBV-LXSSA    1658/273/109 score 0.880 seedCI [0.868 0.891] seeds +30/-0 p_flip 1.86e-09 (Holm 1.3e-08) p_W 1.68e-06 | pooled Holm 0 | groups +6/-0 p_grp 0.0312
BENCH PSOBV-DE       1682/296/62 score 0.897 seedCI [0.888 0.905] seeds +30/-0 p_flip 1.86e-09 (Holm 1.3e-08) p_W 1.66e-06 | pooled Holm 0 | groups +6/-0 p_grp 0.0312
BENCH PSOBV-BVNS     1406/338/296 score 0.772 seedCI [0.751 0.792] seeds +30/-0 p_flip 1.86e-09 (Holm 1.3e-08) p_W 1.7e-06 | pooled Holm 2.87e-172 | groups +6/-0 p_grp 0.0312
BENCH PSOBV-SLSQP    1649/218/173 score 0.862 seedCI [0.85  0.874] seeds +30/-0 p_flip 1.86e-09 (Holm 1.3e-08) p_W 1.7e-06 | pooled Holm 2.08e-301 | groups +6/-0 p_grp 0.0312
BENCH SSABV-RSDVNS   812/318/910 score 0.476 seedCI [0.455 0.498] seeds +9/-17 p_flip 0.0468 (Holm 0.0468) p_W 0.0447 | pooled Holm 0.0194 | groups +2/-3 p_grp 0.375
BENCH SSABV-RSVNS    964/315/761 score 0.550 seedCI [0.528 0.57 ] seeds +21/-8 p_flip 0.000166 (Holm 0.000331) p_W 0.000476 | pooled Holm 2.24e-06 | groups +5/-1 p_grp 0.0625
BENCH RSDVNS-RSVNS   1010/318/712 score 0.573 seedCI [0.557 0.588] seeds +27/-3 p_flip 9.69e-08 (Holm 3.87e-07) p_W 5.5e-06 | pooled Holm 2.9e-12 | groups +6/-0 p_grp 0.0312
BENCH LXBV-RSDVNS    718/321/1001 score 0.431 seedCI [0.41  0.452] seeds +3/-26 p_flip 2.18e-06 (Holm 6.53e-06) p_W 2.02e-05 | pooled Holm 2.8e-11 | groups +0/-5 p_grp 0.0625
BENCH PSOBV-RSDVNS   1320/322/398 score 0.726 seedCI [0.712 0.74 ] seeds +30/-0 p_flip 1.86e-09 (Holm 9.31e-09) p_W 1.69e-06 | pooled Holm 1.59e-114 | groups +6/-0 p_grp 0.0312
CALIB PSOBV-PSOC minus: size (equivalence decision) 6.94% [6.25 7.68]; one-sided 6.94%; calibrated p 0.0002 [116.5 s]
CALIB PSOBV-PSOC plus: size (equivalence decision) 4.30% [3.75 4.9 ]; one-sided 4.30%; calibrated p 0.0002 [119.4 s]
CALIB SSABV-RSDVNS minus: size (equivalence decision) 5.42% [4.81 6.08]; one-sided 5.42%; calibrated p 0.0002 [116.1 s]
CALIB SSABV-RSDVNS plus: size (equivalence decision) 5.68% [5.05 6.36]; one-sided 5.68%; calibrated p 0.0584 [112.7 s]
CONSTR pen  PSOC   122/0/58 score 0.678 seedCI [0.617 0.739] seeds +20/-1 p_flip 1.14e-05 Holm28 0.000229 | paper pooled Holm 3.99e-05 (PSO-VNS better) -> PSO-VNS better
CONSTR pen  GA     113/0/67 score 0.628 seedCI [0.561 0.7  ] seeds +17/-4 p_flip 0.00214 Holm28 0.03 | paper pooled Holm 0.012 (PSO-VNS better) -> PSO-VNS better
CONSTR pen  SSABV  124/0/56 score 0.689 seedCI [0.628 0.75 ] seeds +22/-2 p_flip 1.19e-05 Holm28 0.000229 | paper pooled Holm 8.73e-06 (PSO-VNS better) -> PSO-VNS better
CONSTR pen  DE     179/0/1 score 0.994 seedCI [0.983 1.   ] seeds +30/-0 p_flip 1.86e-09 Holm28 5.22e-08 | paper pooled Holm 6.61e-51 (PSO-VNS better) -> PSO-VNS better
CONSTR deb  PSOC   130/0/50 score 0.722 seedCI [0.65  0.789] seeds +24/-2 p_flip 9.3e-06 Holm28 0.000195 | paper pooled Holm 5.03e-08 (PSO-VNS better) -> PSO-VNS better
CONSTR deb  GA     93/0/87 score 0.517 seedCI [0.444 0.589] seeds +13/-12 p_flip 0.77 Holm28 1 | paper pooled Holm 1 (ns) -> ns
CONSTR deb  SSABV  105/0/75 score 0.583 seedCI [0.5   0.661] seeds +16/-7 p_flip 0.0767 Holm28 0.92 | paper pooled Holm 0.395 (ns) -> ns
CONSTR deb  DE     178/0/2 score 0.989 seedCI [0.967 1.   ] seeds +30/-0 p_flip 1.86e-09 Holm28 5.22e-08 | paper pooled Holm 5.95e-49 (PSO-VNS better) -> PSO-VNS better
CONSTR proj PSOC   101/0/79 score 0.561 seedCI [0.483 0.639] seeds +13/-7 p_flip 0.188 Holm28 1 | paper pooled Holm 1 (ns) -> ns
CONSTR proj GA     123/0/57 score 0.683 seedCI [0.622 0.744] seeds +20/-2 p_flip 2.72e-05 Holm28 0.000516 | paper pooled Holm 2.13e-05 (PSO-VNS better) -> PSO-VNS better
CONSTR proj SSABV  153/0/27 score 0.850 seedCI [0.8 0.9] seeds +30/-0 p_flip 1.86e-09 Holm28 5.22e-08 | paper pooled Holm 4.07e-21 (PSO-VNS better) -> PSO-VNS better
CONSTR proj DE     152/0/28 score 0.844 seedCI [0.794 0.894] seeds +29/-0 p_flip 3.73e-09 Holm28 9.31e-08 | paper pooled Holm 2.16e-20 (PSO-VNS better) -> PSO-VNS better
FINE direct PSO-VNS vs PSOC   190/0/50 score 0.792 seedCI [0.733 0.846] seeds +26/-0 p_flip 2.98e-08 Holm4 8.94e-08 | pooled Holm 6.34e-20
FINE direct PSO-VNS vs GA     171/0/69 score 0.713 seedCI [0.658 0.767] seeds +26/-2 p_flip 5.59e-07 Holm4 1.12e-06 | pooled Holm 7.18e-11
FINE direct PSO-VNS vs SLSQP  209/0/31 score 0.871 seedCI [0.846 0.896] seeds +30/-0 p_flip 1.86e-09 Holm4 7.45e-09 | pooled Holm 5.21e-33
FINE direct PSO-VNS vs RSDVNS 167/0/73 score 0.696 seedCI [0.638 0.754] seeds +23/-2 p_flip 3.22e-06 Holm4 3.22e-06 | pooled Holm 1.2e-09
FINE ctrl1  PSO-VNS vs PSOC   156/0/84 score 0.650 seedCI [0.583 0.717] seeds +19/-5 p_flip 0.000356 Holm4 0.00107 | pooled Holm 1.17e-05
FINE ctrl1  PSO-VNS vs GA     129/0/111 score 0.537 seedCI [0.471 0.604] seeds +14/-9 p_flip 0.327 Holm4 0.654 | pooled Holm 0.545
FINE ctrl1  PSO-VNS vs SLSQP  123/0/117 score 0.512 seedCI [0.446 0.579] seeds +12/-10 p_flip 0.81 Holm4 0.81 | pooled Holm 0.747
FINE ctrl1  PSO-VNS vs RSDVNS 157/0/83 score 0.654 seedCI [0.592 0.712] seeds +21/-4 p_flip 0.000114 Holm4 0.000457 | pooled Holm 8.22e-06
FINE ctrl15 PSO-VNS vs PSOC   159/0/81 score 0.662 seedCI [0.604 0.729] seeds +20/-2 p_flip 2.96e-05 Holm4 5.91e-05 | pooled Holm 1.07e-06
FINE ctrl15 PSO-VNS vs GA     143/0/97 score 0.596 seedCI [0.529 0.667] seeds +16/-6 p_flip 0.0165 Holm4 0.0165 | pooled Holm 0.00359
FINE ctrl15 PSO-VNS vs SLSQP  191/0/49 score 0.796 seedCI [0.758 0.833] seeds +30/-0 p_flip 1.86e-09 Holm4 7.45e-09 | pooled Holm 2.19e-20
FINE ctrl15 PSO-VNS vs RSDVNS 172/0/68 score 0.717 seedCI [0.658 0.775] seeds +24/-1 p_flip 5.36e-07 Holm4 1.61e-06 | pooled Holm 4.26e-11
MATCHED PSOBV  feas 240/240 L direct 3.626 control 4.745 diff -1.119 CI95 [-1.183 -1.054] seeds lower 30/30 p_flip 1.86e-09 | all-run 240/0/0 score 1.000 [1. 1.]
MATCHED PSOC   feas 238/238 L direct 3.820 control 4.831 diff -1.011 CI95 [-1.079 -0.943] seeds lower 30/30 p_flip 1.86e-09 | all-run 238/2/0 score 0.996 [0.988 1.   ]
MATCHED GA     feas 230/230 L direct 3.948 control 4.789 diff -0.840 CI95 [-0.897 -0.786] seeds lower 30/30 p_flip 1.86e-09 | all-run 226/10/4 score 0.963 [0.942 0.983]
MATCHED SLSQP  feas 239/239 L direct 4.315 control 4.636 diff -0.322 CI95 [-0.398 -0.251] seeds lower 29/30 p_flip 7.45e-09 | all-run 168/0/72 score 0.700 [0.654 0.746]
MATCHED RSDVNS feas 238/238 L direct 3.927 control 5.019 diff -1.092 CI95 [-1.168 -1.019] seeds lower 30/30 p_flip 1.86e-09 | all-run 234/2/4 score 0.979 [0.962 0.996]
FINE PSO-VNS - PSO direct: -0.1937 indep90 [-0.2339 -0.1516] joint90 [-0.2393 -0.1436]
FINE PSO-VNS - PSO ctrl1: -0.0862 indep90 [-0.1294 -0.0431] joint90 [-0.1367 -0.0365]
LG  6030 VNS      16/10/4 score 0.700 W/(W+L) 0.800 CP95 [0.5634, 0.9427]
LG  6030 DE       17/13/0 score 0.783 W/(W+L) 1.000 CP95 [0.8049, 1.0000]
LG  6030 LX-SSA   17/13/0 score 0.783 W/(W+L) 1.000 CP95 [0.8049, 1.0000]
LG  6030 PSO      17/13/0 score 0.783 W/(W+L) 1.000 CP95 [0.8049, 1.0000]
LG  6030 RSD-VNS  15/11/4 score 0.683 W/(W+L) 0.789 CP95 [0.5443, 0.9395]
LG  6030 MS-SLSQP 10/0/20 score 0.333 W/(W+L) 0.333 CP95 [0.1729, 0.5281]
LG  6030 SSA      17/11/2 score 0.750 W/(W+L) 0.895 CP95 [0.6686, 0.9870]
LG  6030 SSA-VNS  15/8/7 score 0.633 W/(W+L) 0.682 CP95 [0.4513, 0.8614]
LG 30030 VNS      20/0/10 score 0.667 W/(W+L) 0.667 CP95 [0.4719, 0.8271]
LG 30030 DE       22/0/8 score 0.733 W/(W+L) 0.733 CP95 [0.5411, 0.8772]
LG 30030 LX-SSA   30/0/0 score 1.000 W/(W+L) 1.000 CP95 [0.8843, 1.0000]
LG 30030 PSO      28/0/2 score 0.933 W/(W+L) 0.933 CP95 [0.7793, 0.9918]
LG 30030 RSD-VNS  27/0/3 score 0.900 W/(W+L) 0.900 CP95 [0.7347, 0.9789]
LG 30030 MS-SLSQP 28/0/2 score 0.933 W/(W+L) 0.933 CP95 [0.7793, 0.9918]
LG 30030 SSA      29/0/1 score 0.967 W/(W+L) 0.967 CP95 [0.8278, 0.9992]
LG 30030 SSA-VNS  19/0/11 score 0.633 W/(W+L) 0.633 CP95 [0.4386, 0.8007]
verdict changes (pooled sign test vs seed level, Holm 0.05): []
done in 468.1 s
