fresh_bgrid      reruns   163 bit   127 noise   36 diverged    0 decided   163 changed   0 rerun s      301 stored s      375
fresh_bsplit     reruns    35 bit    29 noise    6 diverged    0 decided    35 changed   0 rerun s       81 stored s       91
fresh_grid       reruns  1679 bit  1243 noise  436 diverged    0 decided  1679 changed   0 rerun s     2901 stored s     4068
fresh_hgrid      reruns    43 bit    28 noise   15 diverged    0 decided    43 changed   0 rerun s       79 stored s       94
fresh_hr         reruns    50 bit    21 noise    1 diverged   27 decided    22 changed   0 rerun s      903 stored s      681
fresh_hsplit     reruns    24 bit    20 noise    4 diverged    0 decided    24 changed   0 rerun s       55 stored s       59
fresh_vgrid      reruns     2 bit     1 noise    1 diverged    0 decided     2 changed   0 rerun s        6 stored s        4
mpce_b120k       reruns   747 bit   585 noise  122 diverged   40 decided   707 changed   0 rerun s    38123 stored s    67868
mpce_b120kp      reruns    52 bit    44 noise    8 diverged    0 decided    52 changed   0 rerun s     2410 stored s     3121
mpce_b30k        reruns   397 bit   306 noise   47 diverged   44 decided   353 changed   0 rerun s     5735 stored s    11953
mpce_b30kp       reruns    11 bit    10 noise    1 diverged    0 decided    11 changed   0 rerun s      281 stored s      443
mpce_csweep      reruns    33 bit    26 noise    7 diverged    0 decided    33 changed   0 rerun s       95 stored s      100
mpce_feas        reruns   289 bit   232 noise   18 diverged   39 decided   250 changed   0 rerun s     1070 stored s     3139
mpce_feasp       reruns    22 bit    18 noise    4 diverged    0 decided    22 changed   0 rerun s      138 stored s      245
mpce_hr16new     reruns    11 bit     9 noise    2 diverged    0 decided    11 changed   0 rerun s       74 stored s       96
mpce_hrfix       reruns   277 bit   180 noise   30 diverged   65 decided   210 changed   0 rerun s     7482 stored s    12794
mpce_iea         reruns   217 bit   139 noise   44 diverged   29 decided   183 changed   0 rerun s     1497 stored s     3695
mpce_omega90     reruns     2 bit     2 noise    0 diverged    0 decided     2 changed   0 rerun s        6 stored s        5
mpce_psobv       reruns    10 bit     6 noise    4 diverged    0 decided    10 changed   0 rerun s       22 stored s       22
mpce_psoc        reruns    25 bit    18 noise    7 diverged    0 decided    25 changed   0 rerun s       37 stored s       31
mpce_psosplit    reruns     3 bit     3 noise    0 diverged    0 decided     3 changed   0 rerun s        7 stored s        7
mpce_rsdisc      reruns     3 bit     3 noise    0 diverged    0 decided     3 changed   0 rerun s        6 stored s        7
mpce_rsvns       reruns     2 bit     1 noise    1 diverged    0 decided     2 changed   0 rerun s        4 stored s        4
mpce_slsqp       reruns   484 bit     1 noise   35 diverged  430 decided    36 changed   0 rerun s     1007 stored s     3857
rev2_ga          reruns     3 bit     3 noise    0 diverged    0 decided     3 changed   0 rerun s        6 stored s        6
rev2_gahr        reruns     1 bit     1 noise    0 diverged    0 decided     1 changed   0 rerun s       58 stored s       26
rev2_gaiea       reruns     1 bit     1 noise    0 diverged    0 decided     1 changed   0 rerun s        1 stored s        1
rev2_grad        reruns   240 bit    11 noise    9 diverged  170 decided    20 changed   0 rerun s     5425 stored s     7164
rev2_laplace     reruns   259 bit   209 noise   50 diverged    0 decided   259 changed   0 rerun s      545 stored s      505
rev2_lg16        reruns    33 bit    23 noise   10 diverged    0 decided    33 changed   0 rerun s      613 stored s      345
rev2_lg16b       reruns   103 bit    64 noise   39 diverged    0 decided   103 changed   0 rerun s     4620 stored s     3287
rev2_spacing     reruns   523 bit   350 noise  173 diverged    0 decided   523 changed   0 rerun s     2591 stored s     1329
errors: 0
