PSO stability (stagnation, no bounds):
  old          w=0.7 c1+c2=4.00000  order-1 bound 6.8000  order-2 bound 3.4971  margin -0.5029 (ratio 1.1438)  rho1 0.8367  rho2 1.1237  var factor -0.9659
  constriction w=0.7298 c1+c2=2.99236  order-1 bound 6.9192  order-2 bound 3.3475  margin +0.3551 (ratio 0.8939)  rho1 0.8543  rho2 0.9442  var factor 1.0874
  region check (random general c1,c2): mismatches 0 of 199954
  region check (c1 = c2 grid):         mismatches 0 of 361118
Box sampling (uniform in the square):
  N= 2 r=  500 s=308  (pi/4)^N=6.169e-01  bound=5.153e-01  MC hits 7189997/10000000  P_N=4.435e-01 [4.43e-01, 4.44e-01]  E[#feasible of 3015]=1.34e+03 (<= 1.34e+03)  (benchmark, smallest case)
  N=10 r=  500 s=308  (pi/4)^N=8.931e-02  bound=6.547e-03  MC hits 0/10000000  P_N=0.000e+00 [0.00e+00, 3.29e-08]  E[#feasible of 3015]=0.00e+00 (<= 9.93e-05)  (benchmark)
  N=12 r=  750 s=308  (pi/4)^N=5.509e-02  bound=1.153e-02  MC hits 17/10000000  P_N=9.365e-08 [5.46e-08, 1.50e-07]  E[#feasible of 3015]=2.82e-04 (<= 4.52e-04)  (benchmark)
  N=15 r= 1000 s=308  (pi/4)^N=2.669e-02  bound=6.964e-03  MC hits 130/10000000  P_N=3.470e-07 [2.90e-07, 4.12e-07]  E[#feasible of 3015]=1.05e-03 (<= 1.24e-03)  (benchmark)
  N=16 r= 1300 s=260  (pi/4)^N=2.096e-02  bound=1.115e-02  MC hits 71208/10000000  P_N=1.493e-04 [1.48e-04, 1.50e-04]  E[#feasible of 3015]=4.50e-01 (<= 4.53e-01)  (IEA37)
  N=20 r= 1000 s=308  (pi/4)^N=7.976e-03  bound=7.028e-04  MC hits 0/10000000  P_N=0.000e+00 [0.00e+00, 2.94e-09]  E[#feasible of 3015]=0.00e+00 (<= 8.87e-06)  (hypothetical)
  N=36 r= 2000 s=260  (pi/4)^N=1.672e-04  bound=4.298e-05  MC hits 108/10000000  P_N=1.806e-09 [1.48e-09, 2.18e-09]  E[#feasible of 3015]=5.44e-06 (<= 6.57e-06)  (IEA37)
    2 & 500 & 308 & $0.62$ & $0.52$ & $0.44$ $[0.44,\,0.44]$ & 1{,}337 \\
    10 & 500 & 308 & $0.089$ & $6.5\cdot10^{-3}$ & $0$ $[0,\,3.3\cdot10^{-8}]$ & $<9.9\cdot10^{-5}$ \\
    12 & 750 & 308 & $0.055$ & $0.012$ & $9.4\cdot10^{-8}$ $[5.5\cdot10^{-8},\,1.5\cdot10^{-7}]$ & $2.8\cdot10^{-4}$ \\
    15 & 1{,}000 & 308 & $0.027$ & $7.0\cdot10^{-3}$ & $3.5\cdot10^{-7}$ $[2.9\cdot10^{-7},\,4.1\cdot10^{-7}]$ & $1.0\cdot10^{-3}$ \\
    16 & 1{,}300 & 260 & $0.021$ & $0.011$ & $1.5\cdot10^{-4}$ $[1.5\cdot10^{-4},\,1.5\cdot10^{-4}]$ & $0.45$ \\
    20 & 1{,}000 & 308 & $8.0\cdot10^{-3}$ & $7.0\cdot10^{-4}$ & $0$ $[0,\,2.9\cdot10^{-9}]$ & $<8.9\cdot10^{-6}$ \\
    36 & 2{,}000 & 260 & $1.7\cdot10^{-4}$ & $4.3\cdot10^{-5}$ & $1.8\cdot10^{-9}$ $[1.5\cdot10^{-9},\,2.2\cdot10^{-9}]$ & $5.4\cdot10^{-6}$ \\
  N=2 exact P_2 (r=500, s=308) = 0.4434;  lens monotone: True
DE: expected number of mutant coordinates 1 + CR(n-1): {20: 18.1, 24: 21.7, 30: 27.1, 32: 28.9}
SSA: xi_1(T/2) = 0.0366;  compass search final step h = 0.0015625 r
T01 PASS  old: order-1 bound 6.8 and order-2 bound 3.50  [3.50]
T01 PASS  old: order-1 bound  [6.8]
T02 PASS  constriction: c1+c2 and order-2 bound  [2.99<3.35]
T02 PASS  constriction: order-1 bound  [6.92]
T03 PASS  spectral radii rho2 (old, constriction)  [1.12]
T03 PASS  spectral radius rho2 constriction  [0.94]
T03 PASS  order-1 radii sqrt(w)  [0.84]
T03 PASS  order-1 radius constriction  [0.85]
T04 PASS  margins  [0.36]
T04 PASS  old excess  [0.50]
T04 PASS  constriction bound 4 digits  [3.3475]
T04 PASS  old bound 4 digits  [3.4971]
T04 PASS  constriction relative margin  [10.6\% below]
T04 PASS  old relative excess  [14.4\% above]
T05 PASS  stationary variance factor and SD (constriction)  [1.09]
T05 PASS  stationary SD factor  [1.04]
T06 PASS  analytic order-2 region equals numerical region (no mismatch)
T07 PASS  (pi/4)^N N=2  [0.62]
T08 PASS  upper bound N=2 r=500  [0.52]
T09 PASS  MC estimate N=2 r=500  [0.44]
T09 PASS  MC upper CI N=2 r=500  [0.44]
T07 PASS  (pi/4)^N N=10  [0.089]
T08 PASS  upper bound N=10 r=500  [6.5\cdot10^{-3}]
T09 PASS  MC upper CI N=10 r=500  [3.3\cdot10^{-8}]
T07 PASS  (pi/4)^N N=12  [0.055]
T08 PASS  upper bound N=12 r=750  [0.012]
T09 PASS  MC estimate N=12 r=750  [9.4\cdot10^{-8}]
T09 PASS  MC upper CI N=12 r=750  [1.5\cdot10^{-7}]
T07 PASS  (pi/4)^N N=15  [0.027]
T08 PASS  upper bound N=15 r=1000  [7.0\cdot10^{-3}]
T09 PASS  MC estimate N=15 r=1000  [3.5\cdot10^{-7}]
T09 PASS  MC upper CI N=15 r=1000  [4.1\cdot10^{-7}]
T07 PASS  (pi/4)^N N=16  [0.021]
T08 PASS  upper bound N=16 r=1300  [0.011]
T09 PASS  MC estimate N=16 r=1300  [1.5\cdot10^{-4}]
T09 PASS  MC upper CI N=16 r=1300  [1.5\cdot10^{-4}]
T07 PASS  (pi/4)^N N=20  [8.0\cdot10^{-3}]
T08 PASS  upper bound N=20 r=1000  [7.0\cdot10^{-4}]
T09 PASS  MC upper CI N=20 r=1000  [2.9\cdot10^{-9}]
T07 PASS  (pi/4)^N N=36  [1.7\cdot10^{-4}]
T08 PASS  upper bound N=36 r=2000  [4.3\cdot10^{-5}]
T09 PASS  MC estimate N=36 r=2000  [1.8\cdot10^{-9}]
T09 PASS  MC upper CI N=36 r=2000  [2.2\cdot10^{-9}]
T13 PASS  table row verbatim in supp_theory.tex  [2 & 500 & 308 & $0.62$ & $0.52$ & $0.44$...]
T13 PASS  table row verbatim in supp_theory.tex  [10 & 500 & 308 & $0.089$ & $6.5\cdot10^{...]
T13 PASS  table row verbatim in supp_theory.tex  [12 & 750 & 308 & $0.055$ & $0.012$ & $9....]
T13 PASS  table row verbatim in supp_theory.tex  [15 & 1{,}000 & 308 & $0.027$ & $7.0\cdot...]
T13 PASS  table row verbatim in supp_theory.tex  [16 & 1{,}300 & 260 & $0.021$ & $0.011$ &...]
T13 PASS  table row verbatim in supp_theory.tex  [20 & 1{,}000 & 308 & $8.0\cdot10^{-3}$ &...]
T13 PASS  table row verbatim in supp_theory.tex  [36 & 2{,}000 & 260 & $1.7\cdot10^{-4}$ &...]
T09 PASS  N=2 exact value  [0.443]
T10 PASS  lens area nonincreasing in the distance of the centres
T11 PASS  DE mutant coordinates n=30  [27.1]
T11 PASS  SSA xi_1(T/2)  [0.037]
T12 PASS  compass search final step  [0.0015625]
T12 PASS  main text: order-2 bound old  [3.50]
T12 PASS  main text: order-2 bound constriction  [3.35]
57 PASS, 0 FAIL
