rev3_fine shard 9/10: 120 runs, 0 already in rev3_fine_s9of10.csv, 120 to do; procs 1; python 3.11.15, numpy 2.4.6, scipy 1.17.1, pandas 3.0.6, cpu Intel(R) Xeon(R) Processor @ 2.10GHz, numpy SIMD AVX2,AVX512F,AVX512_SKX
  [1/120] PSOBV ds1 r1000 N15 seed 40: loss 1.9569% feas True calls 6030 6.5s (elapsed 6s)
  [2/120] PSOBV ds1 r1000 N15 seed 50: loss 1.7215% feas True calls 6030 6.6s (elapsed 13s)
  [3/120] PSOBV ds1 r1000 N15 seed 60: loss 1.8531% feas True calls 6030 6.4s (elapsed 19s)
  [4/120] PSOC ds1 r1000 N15 seed 40: loss 2.3350% feas True calls 6030 6.7s (elapsed 26s)
  [5/120] PSOC ds1 r1000 N15 seed 50: loss 2.0158% feas True calls 6030 6.8s (elapsed 33s)
  [6/120] PSOC ds1 r1000 N15 seed 60: loss 2.1578% feas True calls 6030 6.6s (elapsed 40s)
  [7/120] GA ds1 r1000 N15 seed 40: loss 1.8680% feas True calls 6030 6.6s (elapsed 46s)
  [8/120] GA ds1 r1000 N15 seed 50: loss 1.8794% feas True calls 6030 6.6s (elapsed 53s)
  [9/120] GA ds1 r1000 N15 seed 60: loss 2.1144% feas True calls 6030 6.5s (elapsed 59s)
  [10/120] SLSQP ds1 r1000 N15 seed 40: loss 3.0955% feas True calls 6030 6.7s (elapsed 66s)
  [11/120] SLSQP ds1 r1000 N15 seed 50: loss 2.6105% feas True calls 6030 6.6s (elapsed 73s)
  [12/120] SLSQP ds1 r1000 N15 seed 60: loss 2.7126% feas True calls 6030 6.7s (elapsed 79s)
  [13/120] RSDVNS ds1 r1000 N15 seed 40: loss 1.8114% feas True calls 6030 6.8s (elapsed 86s)
  [14/120] RSDVNS ds1 r1000 N15 seed 50: loss 2.1647% feas True calls 6030 7.0s (elapsed 93s)
  [15/120] RSDVNS ds1 r1000 N15 seed 60: loss 2.0435% feas True calls 6030 7.0s (elapsed 100s)
  [16/120] PSOBV ds2 r1000 N15 seed 40: loss 4.7679% feas True calls 6030 6.4s (elapsed 107s)
  [17/120] PSOBV ds2 r1000 N15 seed 50: loss 4.5392% feas True calls 6030 6.6s (elapsed 113s)
  [18/120] PSOBV ds2 r1000 N15 seed 60: loss 5.1650% feas True calls 6030 6.3s (elapsed 119s)
  [19/120] PSOC ds2 r1000 N15 seed 40: loss 4.9805% feas True calls 6030 6.6s (elapsed 126s)
  [20/120] PSOC ds2 r1000 N15 seed 50: loss 4.8922% feas True calls 6030 6.4s (elapsed 132s)
  [21/120] PSOC ds2 r1000 N15 seed 60: loss 5.4058% feas True calls 6030 6.4s (elapsed 139s)
  [22/120] GA ds2 r1000 N15 seed 40: loss 4.9897% feas True calls 6030 6.8s (elapsed 146s)
  [23/120] GA ds2 r1000 N15 seed 50: loss 4.9327% feas True calls 6030 6.4s (elapsed 152s)
  [24/120] GA ds2 r1000 N15 seed 60: loss 4.9373% feas True calls 6030 6.4s (elapsed 159s)
  [25/120] SLSQP ds2 r1000 N15 seed 40: loss 5.9295% feas True calls 6030 6.8s (elapsed 165s)
  [26/120] SLSQP ds2 r1000 N15 seed 50: loss 5.7800% feas True calls 6030 7.0s (elapsed 172s)
  [27/120] SLSQP ds2 r1000 N15 seed 60: loss 6.3804% feas True calls 6030 6.6s (elapsed 179s)
  [28/120] RSDVNS ds2 r1000 N15 seed 40: loss 5.2443% feas True calls 6030 6.7s (elapsed 186s)
  [29/120] RSDVNS ds2 r1000 N15 seed 50: loss 5.2056% feas True calls 6030 6.7s (elapsed 192s)
  [30/120] RSDVNS ds2 r1000 N15 seed 60: loss 5.8933% feas True calls 6030 7.0s (elapsed 199s)
  [31/120] PSOBV ds1 r750 N12 seed 40: loss 1.7650% feas True calls 6030 5.4s (elapsed 205s)
  [32/120] PSOBV ds1 r750 N12 seed 50: loss 1.9678% feas True calls 6030 5.1s (elapsed 210s)
  [33/120] PSOBV ds1 r750 N12 seed 60: loss 1.9953% feas True calls 6030 5.1s (elapsed 215s)
  [34/120] PSOC ds1 r750 N12 seed 40: loss 1.9632% feas True calls 6030 5.2s (elapsed 220s)
  [35/120] PSOC ds1 r750 N12 seed 50: loss 2.4088% feas True calls 6030 5.3s (elapsed 225s)
  [36/120] PSOC ds1 r750 N12 seed 60: loss 1.8968% feas True calls 6030 5.5s (elapsed 231s)
  [37/120] GA ds1 r750 N12 seed 40: loss 2.3489% feas True calls 6030 5.4s (elapsed 236s)
  [38/120] GA ds1 r750 N12 seed 50: loss 2.1941% feas True calls 6030 5.3s (elapsed 242s)
  [39/120] GA ds1 r750 N12 seed 60: loss 2.5849% feas True calls 6030 5.3s (elapsed 247s)
  [40/120] SLSQP ds1 r750 N12 seed 40: loss 2.5140% feas True calls 6030 5.4s (elapsed 252s)
  [41/120] SLSQP ds1 r750 N12 seed 50: loss 2.8626% feas True calls 6030 5.4s (elapsed 258s)
  [42/120] SLSQP ds1 r750 N12 seed 60: loss 3.3149% feas True calls 6030 5.5s (elapsed 263s)
  [43/120] RSDVNS ds1 r750 N12 seed 40: loss 2.6225% feas True calls 6030 5.5s (elapsed 269s)
  [44/120] RSDVNS ds1 r750 N12 seed 50: loss 2.2901% feas True calls 6030 5.6s (elapsed 274s)
  [45/120] RSDVNS ds1 r750 N12 seed 60: loss 2.5589% feas True calls 6030 5.5s (elapsed 280s)
  [46/120] PSOBV ds2 r750 N12 seed 40: loss 5.4889% feas True calls 6030 5.1s (elapsed 285s)
  [47/120] PSOBV ds2 r750 N12 seed 50: loss 5.1479% feas True calls 6030 5.3s (elapsed 290s)
  [48/120] PSOBV ds2 r750 N12 seed 60: loss 5.1871% feas True calls 6030 5.2s (elapsed 295s)
  [49/120] PSOC ds2 r750 N12 seed 40: loss 5.7507% feas True calls 6030 5.2s (elapsed 301s)
  [50/120] PSOC ds2 r750 N12 seed 50: loss 5.9389% feas True calls 6030 5.3s (elapsed 306s)
  [51/120] PSOC ds2 r750 N12 seed 60: loss 5.4952% feas True calls 6030 5.4s (elapsed 311s)
  [52/120] GA ds2 r750 N12 seed 40: loss 6.1732% feas True calls 6030 5.3s (elapsed 317s)
  [53/120] GA ds2 r750 N12 seed 50: loss 5.5284% feas True calls 6030 5.4s (elapsed 322s)
  [54/120] GA ds2 r750 N12 seed 60: loss 5.6091% feas True calls 6030 5.2s (elapsed 327s)
  [55/120] SLSQP ds2 r750 N12 seed 40: loss 7.1198% feas True calls 6030 5.4s (elapsed 333s)
  [56/120] SLSQP ds2 r750 N12 seed 50: loss 7.4961% feas True calls 6030 5.5s (elapsed 338s)
  [57/120] SLSQP ds2 r750 N12 seed 60: loss 6.4671% feas True calls 6030 5.6s (elapsed 344s)
  [58/120] RSDVNS ds2 r750 N12 seed 40: loss 5.8393% feas True calls 6030 5.8s (elapsed 350s)
  [59/120] RSDVNS ds2 r750 N12 seed 50: loss 5.5319% feas True calls 6030 5.4s (elapsed 355s)
  [60/120] RSDVNS ds2 r750 N12 seed 60: loss 6.0988% feas True calls 6030 5.5s (elapsed 361s)
  [61/120] PSOBV ds1 r500 N10 seed 40: loss 5.3536% feas True calls 6030 4.6s (elapsed 365s)
  [62/120] PSOBV ds1 r500 N10 seed 50: loss 4.0634% feas True calls 6030 4.4s (elapsed 370s)
  [63/120] PSOBV ds1 r500 N10 seed 60: loss 4.6281% feas True calls 6030 4.5s (elapsed 374s)
  [64/120] PSOC ds1 r500 N10 seed 40: loss 6.3010% feas True calls 6030 4.9s (elapsed 379s)
  [65/120] PSOC ds1 r500 N10 seed 50: loss 4.6849% feas True calls 6030 4.9s (elapsed 384s)
  [66/120] PSOC ds1 r500 N10 seed 60: loss 5.0490% feas True calls 6030 4.7s (elapsed 389s)
  [67/120] GA ds1 r500 N10 seed 40: loss 5.9531% feas True calls 6030 4.7s (elapsed 393s)
  [68/120] GA ds1 r500 N10 seed 50: loss 5.2925% feas False calls 6030 4.9s (elapsed 398s)
  [69/120] GA ds1 r500 N10 seed 60: loss 4.2009% feas True calls 6030 4.6s (elapsed 403s)
  [70/120] SLSQP ds1 r500 N10 seed 40: loss 4.0433% feas True calls 6030 4.7s (elapsed 407s)
  [71/120] SLSQP ds1 r500 N10 seed 50: loss 3.7279% feas True calls 6030 5.2s (elapsed 413s)
  [72/120] SLSQP ds1 r500 N10 seed 60: loss 3.4282% feas True calls 6030 4.7s (elapsed 417s)
  [73/120] RSDVNS ds1 r500 N10 seed 40: loss 3.2447% feas True calls 6030 4.9s (elapsed 422s)
  [74/120] RSDVNS ds1 r500 N10 seed 50: loss 5.4717% feas True calls 6030 4.9s (elapsed 427s)
  [75/120] RSDVNS ds1 r500 N10 seed 60: loss 4.9868% feas True calls 6030 5.0s (elapsed 432s)
  [76/120] PSOBV ds2 r500 N10 seed 40: loss 9.3239% feas True calls 6030 4.6s (elapsed 437s)
  [77/120] PSOBV ds2 r500 N10 seed 50: loss 8.4692% feas True calls 6030 4.7s (elapsed 442s)
  [78/120] PSOBV ds2 r500 N10 seed 60: loss 8.8060% feas True calls 6030 4.6s (elapsed 446s)
  [79/120] PSOC ds2 r500 N10 seed 40: loss 10.4226% feas True calls 6030 4.7s (elapsed 451s)
  [80/120] PSOC ds2 r500 N10 seed 50: loss 9.3605% feas True calls 6030 4.6s (elapsed 455s)
  [81/120] PSOC ds2 r500 N10 seed 60: loss 8.9683% feas True calls 6030 4.6s (elapsed 460s)
  [82/120] GA ds2 r500 N10 seed 40: loss 9.8465% feas True calls 6030 5.0s (elapsed 465s)
  [83/120] GA ds2 r500 N10 seed 50: loss 10.2474% feas False calls 6030 4.9s (elapsed 470s)
  [84/120] GA ds2 r500 N10 seed 60: loss 9.8623% feas True calls 6030 4.6s (elapsed 475s)
  [85/120] SLSQP ds2 r500 N10 seed 40: loss 9.6373% feas True calls 6030 5.2s (elapsed 480s)
  [86/120] SLSQP ds2 r500 N10 seed 50: loss 9.0925% feas True calls 6030 5.1s (elapsed 485s)
  [87/120] SLSQP ds2 r500 N10 seed 60: loss 9.7217% feas True calls 6030 4.7s (elapsed 490s)
  [88/120] RSDVNS ds2 r500 N10 seed 40: loss 9.1278% feas True calls 6030 4.9s (elapsed 494s)
  [89/120] RSDVNS ds2 r500 N10 seed 50: loss 10.1394% feas True calls 6030 5.2s (elapsed 500s)
  [90/120] RSDVNS ds2 r500 N10 seed 60: loss 10.0410% feas True calls 6030 5.2s (elapsed 505s)
  [91/120] PSOBV ds1 r750 N6 seed 40: loss 0.3117% feas True calls 6030 2.2s (elapsed 507s)
  [92/120] PSOBV ds1 r750 N6 seed 50: loss 0.3139% feas True calls 6030 2.1s (elapsed 509s)
  [93/120] PSOBV ds1 r750 N6 seed 60: loss 0.2800% feas True calls 6030 2.2s (elapsed 511s)
  [94/120] PSOC ds1 r750 N6 seed 40: loss 0.3064% feas True calls 6030 2.3s (elapsed 514s)
  [95/120] PSOC ds1 r750 N6 seed 50: loss 0.3092% feas True calls 6030 2.2s (elapsed 516s)
  [96/120] PSOC ds1 r750 N6 seed 60: loss 0.2856% feas True calls 6030 2.2s (elapsed 518s)
  [97/120] GA ds1 r750 N6 seed 40: loss 0.5082% feas True calls 6030 2.4s (elapsed 520s)
  [98/120] GA ds1 r750 N6 seed 50: loss 0.4115% feas True calls 6030 2.4s (elapsed 523s)
  [99/120] GA ds1 r750 N6 seed 60: loss 0.3101% feas True calls 6030 2.5s (elapsed 525s)
  [100/120] SLSQP ds1 r750 N6 seed 40: loss 0.6664% feas True calls 6030 2.9s (elapsed 528s)
  [101/120] SLSQP ds1 r750 N6 seed 50: loss 0.5212% feas True calls 6030 2.9s (elapsed 531s)
  [102/120] SLSQP ds1 r750 N6 seed 60: loss 0.4077% feas True calls 6030 2.6s (elapsed 534s)
  [103/120] RSDVNS ds1 r750 N6 seed 40: loss 0.3055% feas True calls 6030 2.4s (elapsed 536s)
  [104/120] RSDVNS ds1 r750 N6 seed 50: loss 0.3025% feas True calls 6030 2.5s (elapsed 539s)
rev3_fine shard 9/10: 120 runs, 104 already in rev3_fine_s9of10.csv, 16 to do; procs 1; python 3.11.15, numpy 2.4.6, scipy 1.17.1, pandas 3.0.6, cpu Intel(R) Xeon(R) Processor @ 2.10GHz, numpy SIMD AVX2,AVX512F,AVX512_SKX
  [1/16] RSDVNS ds1 r750 N6 seed 60: loss 0.3986% feas True calls 6030 2.5s (elapsed 2s)
  [2/16] PSOBV ds2 r750 N6 seed 40: loss 1.3879% feas True calls 6030 2.2s (elapsed 5s)
  [3/16] PSOBV ds2 r750 N6 seed 50: loss 1.2524% feas True calls 6030 2.2s (elapsed 7s)
  [4/16] PSOBV ds2 r750 N6 seed 60: loss 1.4546% feas True calls 6030 2.2s (elapsed 9s)
  [5/16] PSOC ds2 r750 N6 seed 40: loss 1.4414% feas True calls 6030 2.3s (elapsed 11s)
  [6/16] PSOC ds2 r750 N6 seed 50: loss 1.2760% feas True calls 6030 2.3s (elapsed 14s)
  [7/16] PSOC ds2 r750 N6 seed 60: loss 1.4796% feas True calls 6030 2.6s (elapsed 16s)
  [8/16] GA ds2 r750 N6 seed 40: loss 1.4218% feas True calls 6030 2.7s (elapsed 19s)
  [9/16] GA ds2 r750 N6 seed 50: loss 1.6622% feas True calls 6030 2.5s (elapsed 21s)
  [10/16] GA ds2 r750 N6 seed 60: loss 1.3531% feas True calls 6030 2.4s (elapsed 24s)
  [11/16] SLSQP ds2 r750 N6 seed 40: loss 2.2455% feas True calls 6030 2.7s (elapsed 27s)
  [12/16] SLSQP ds2 r750 N6 seed 50: loss 2.2508% feas True calls 6030 2.7s (elapsed 29s)
  [13/16] SLSQP ds2 r750 N6 seed 60: loss 2.3893% feas True calls 6030 2.6s (elapsed 32s)
  [14/16] RSDVNS ds2 r750 N6 seed 40: loss 1.3511% feas True calls 6030 2.5s (elapsed 34s)
  [15/16] RSDVNS ds2 r750 N6 seed 50: loss 1.4486% feas True calls 6030 2.5s (elapsed 37s)
  [16/16] RSDVNS ds2 r750 N6 seed 60: loss 1.3445% feas True calls 6030 2.5s (elapsed 39s)
rev3_fine shard 9/10 done: 16 runs in 39 s
