rev3_fine shard 5/10: 120 runs, 0 already in rev3_fine_s5of10.csv, 120 to do; procs 1; python 3.11.15, numpy 2.4.6, scipy 1.17.1, pandas 3.0.6, cpu Intel(R) Xeon(R) Processor @ 2.10GHz, numpy SIMD AVX2,AVX512F,AVX512_SKX
  [1/120] PSOBV ds1 r1000 N15 seed 36: loss 2.0840% feas True calls 6030 8.0s (elapsed 8s)
  [2/120] PSOBV ds1 r1000 N15 seed 46: loss 1.5970% feas True calls 6030 6.4s (elapsed 14s)
  [3/120] PSOBV ds1 r1000 N15 seed 56: loss 2.0260% feas True calls 6030 7.1s (elapsed 21s)
  [4/120] PSOC ds1 r1000 N15 seed 36: loss 2.0813% feas True calls 6030 8.0s (elapsed 30s)
  [5/120] PSOC ds1 r1000 N15 seed 46: loss 2.0311% feas True calls 6030 7.2s (elapsed 37s)
  [6/120] PSOC ds1 r1000 N15 seed 56: loss 2.0565% feas True calls 6030 6.4s (elapsed 43s)
  [7/120] GA ds1 r1000 N15 seed 36: loss 1.9322% feas True calls 6030 6.6s (elapsed 50s)
  [8/120] GA ds1 r1000 N15 seed 46: loss 2.3764% feas True calls 6030 7.7s (elapsed 57s)
  [9/120] GA ds1 r1000 N15 seed 56: loss 2.3306% feas True calls 6030 6.9s (elapsed 64s)
  [10/120] SLSQP ds1 r1000 N15 seed 36: loss 2.6267% feas True calls 6030 8.3s (elapsed 73s)
  [11/120] SLSQP ds1 r1000 N15 seed 46: loss 2.7771% feas True calls 6030 7.7s (elapsed 80s)
  [12/120] SLSQP ds1 r1000 N15 seed 56: loss 2.9949% feas True calls 6030 8.4s (elapsed 89s)
  [13/120] RSDVNS ds1 r1000 N15 seed 36: loss 2.1984% feas True calls 6030 7.8s (elapsed 97s)
  [14/120] RSDVNS ds1 r1000 N15 seed 46: loss 1.9887% feas True calls 6030 7.8s (elapsed 104s)
  [15/120] RSDVNS ds1 r1000 N15 seed 56: loss 1.8908% feas True calls 6030 8.1s (elapsed 113s)
  [16/120] PSOBV ds2 r1000 N15 seed 36: loss 5.3353% feas True calls 6030 7.2s (elapsed 120s)
  [17/120] PSOBV ds2 r1000 N15 seed 46: loss 4.7914% feas True calls 6030 6.3s (elapsed 126s)
  [18/120] PSOBV ds2 r1000 N15 seed 56: loss 4.4649% feas True calls 6030 6.9s (elapsed 133s)
  [19/120] PSOC ds2 r1000 N15 seed 36: loss 6.0948% feas True calls 6030 7.5s (elapsed 140s)
  [20/120] PSOC ds2 r1000 N15 seed 46: loss 5.2439% feas True calls 6030 6.9s (elapsed 147s)
  [21/120] PSOC ds2 r1000 N15 seed 56: loss 5.0690% feas True calls 6030 7.1s (elapsed 154s)
  [22/120] GA ds2 r1000 N15 seed 36: loss 4.8428% feas True calls 6030 6.4s (elapsed 161s)
  [23/120] GA ds2 r1000 N15 seed 46: loss 4.9971% feas True calls 6030 6.5s (elapsed 167s)
  [24/120] GA ds2 r1000 N15 seed 56: loss 5.1283% feas True calls 6030 6.6s (elapsed 174s)
  [25/120] SLSQP ds2 r1000 N15 seed 36: loss 6.2313% feas True calls 6030 7.8s (elapsed 182s)
  [26/120] SLSQP ds2 r1000 N15 seed 46: loss 7.4718% feas True calls 6030 7.6s (elapsed 189s)
  [27/120] SLSQP ds2 r1000 N15 seed 56: loss 6.3456% feas True calls 6030 8.1s (elapsed 198s)
  [28/120] RSDVNS ds2 r1000 N15 seed 36: loss 4.9380% feas True calls 6030 8.3s (elapsed 206s)
  [29/120] RSDVNS ds2 r1000 N15 seed 46: loss 4.8461% feas True calls 6030 8.1s (elapsed 214s)
  [30/120] RSDVNS ds2 r1000 N15 seed 56: loss 5.3369% feas True calls 6030 7.3s (elapsed 221s)
  [31/120] PSOBV ds1 r750 N12 seed 36: loss 2.0254% feas True calls 6030 5.3s (elapsed 227s)
  [32/120] PSOBV ds1 r750 N12 seed 46: loss 2.6154% feas True calls 6030 4.8s (elapsed 231s)
  [33/120] PSOBV ds1 r750 N12 seed 56: loss 1.7658% feas True calls 6030 6.2s (elapsed 238s)
  [34/120] PSOC ds1 r750 N12 seed 36: loss 2.1226% feas True calls 6030 6.2s (elapsed 244s)
  [35/120] PSOC ds1 r750 N12 seed 46: loss 2.3839% feas True calls 6030 6.3s (elapsed 250s)
  [36/120] PSOC ds1 r750 N12 seed 56: loss 1.7422% feas True calls 6030 6.0s (elapsed 256s)
  [37/120] GA ds1 r750 N12 seed 36: loss 2.0903% feas True calls 6030 5.5s (elapsed 262s)
  [38/120] GA ds1 r750 N12 seed 46: loss 1.8668% feas True calls 6030 5.5s (elapsed 267s)
  [39/120] GA ds1 r750 N12 seed 56: loss 2.3520% feas True calls 6030 5.9s (elapsed 273s)
  [40/120] SLSQP ds1 r750 N12 seed 36: loss 2.9361% feas True calls 6030 6.7s (elapsed 280s)
  [41/120] SLSQP ds1 r750 N12 seed 46: loss 2.9661% feas True calls 6030 6.7s (elapsed 286s)
  [42/120] SLSQP ds1 r750 N12 seed 56: loss 2.8583% feas True calls 6030 6.0s (elapsed 292s)
  [43/120] RSDVNS ds1 r750 N12 seed 36: loss 2.0652% feas True calls 6030 6.2s (elapsed 299s)
  [44/120] RSDVNS ds1 r750 N12 seed 46: loss 2.8282% feas True calls 6030 5.4s (elapsed 304s)
  [45/120] RSDVNS ds1 r750 N12 seed 56: loss 3.0667% feas True calls 6030 6.4s (elapsed 310s)
  [46/120] PSOBV ds2 r750 N12 seed 36: loss 5.7147% feas True calls 6030 5.7s (elapsed 316s)
  [47/120] PSOBV ds2 r750 N12 seed 46: loss 5.9324% feas True calls 6030 5.0s (elapsed 321s)
  [48/120] PSOBV ds2 r750 N12 seed 56: loss 5.2459% feas True calls 6030 4.8s (elapsed 326s)
  [49/120] PSOC ds2 r750 N12 seed 36: loss 5.6841% feas True calls 6030 5.6s (elapsed 332s)
  [50/120] PSOC ds2 r750 N12 seed 46: loss 6.3972% feas True calls 6030 5.0s (elapsed 337s)
  [51/120] PSOC ds2 r750 N12 seed 56: loss 5.3068% feas True calls 6030 5.0s (elapsed 342s)
  [52/120] GA ds2 r750 N12 seed 36: loss 6.0641% feas True calls 6030 5.0s (elapsed 347s)
  [53/120] GA ds2 r750 N12 seed 46: loss 5.5212% feas True calls 6030 5.0s (elapsed 352s)
  [54/120] GA ds2 r750 N12 seed 56: loss 5.7641% feas True calls 6030 6.1s (elapsed 358s)
  [55/120] SLSQP ds2 r750 N12 seed 36: loss 7.0231% feas True calls 6030 5.4s (elapsed 363s)
  [56/120] SLSQP ds2 r750 N12 seed 46: loss 6.2991% feas True calls 6030 5.5s (elapsed 369s)
  [57/120] SLSQP ds2 r750 N12 seed 56: loss 6.8774% feas True calls 6030 6.6s (elapsed 375s)
  [58/120] RSDVNS ds2 r750 N12 seed 36: loss 5.8938% feas True calls 6030 6.6s (elapsed 382s)
  [59/120] RSDVNS ds2 r750 N12 seed 46: loss 5.8403% feas True calls 6030 6.2s (elapsed 388s)
  [60/120] RSDVNS ds2 r750 N12 seed 56: loss 5.8401% feas True calls 6030 5.5s (elapsed 394s)
  [61/120] PSOBV ds1 r500 N10 seed 36: loss 4.4062% feas True calls 6030 4.2s (elapsed 398s)
  [62/120] PSOBV ds1 r500 N10 seed 46: loss 3.5789% feas True calls 6030 5.6s (elapsed 403s)
  [63/120] PSOBV ds1 r500 N10 seed 56: loss 4.1754% feas True calls 6030 5.3s (elapsed 409s)
  [64/120] PSOC ds1 r500 N10 seed 36: loss 4.3745% feas True calls 6030 5.7s (elapsed 415s)
  [65/120] PSOC ds1 r500 N10 seed 46: loss 4.9958% feas True calls 6030 5.0s (elapsed 420s)
  [66/120] PSOC ds1 r500 N10 seed 56: loss 4.1567% feas True calls 6030 5.0s (elapsed 425s)
  [67/120] GA ds1 r500 N10 seed 36: loss 4.8385% feas True calls 6030 5.6s (elapsed 430s)
  [68/120] GA ds1 r500 N10 seed 46: loss 4.8390% feas True calls 6030 5.3s (elapsed 435s)
  [69/120] GA ds1 r500 N10 seed 56: loss 4.8893% feas True calls 6030 5.7s (elapsed 441s)
  [70/120] SLSQP ds1 r500 N10 seed 36: loss 3.1792% feas True calls 6030 5.9s (elapsed 447s)
  [71/120] SLSQP ds1 r500 N10 seed 46: loss 3.3747% feas True calls 6030 5.8s (elapsed 453s)
  [72/120] SLSQP ds1 r500 N10 seed 56: loss 3.3134% feas True calls 6030 5.3s (elapsed 458s)
  [73/120] RSDVNS ds1 r500 N10 seed 36: loss 3.4648% feas True calls 6030 4.9s (elapsed 463s)
  [74/120] RSDVNS ds1 r500 N10 seed 46: loss 4.1099% feas True calls 6030 5.8s (elapsed 469s)
  [75/120] RSDVNS ds1 r500 N10 seed 56: loss 3.3922% feas True calls 6030 4.7s (elapsed 473s)
  [76/120] PSOBV ds2 r500 N10 seed 36: loss 8.4241% feas True calls 6030 4.7s (elapsed 478s)
  [77/120] PSOBV ds2 r500 N10 seed 46: loss 9.0254% feas True calls 6030 5.5s (elapsed 484s)
  [78/120] PSOBV ds2 r500 N10 seed 56: loss 8.4142% feas True calls 6030 5.3s (elapsed 489s)
  [79/120] PSOC ds2 r500 N10 seed 36: loss 9.1699% feas True calls 6030 4.9s (elapsed 494s)
  [80/120] PSOC ds2 r500 N10 seed 46: loss 9.6150% feas True calls 6030 5.5s (elapsed 499s)
  [81/120] PSOC ds2 r500 N10 seed 56: loss 9.5795% feas True calls 6030 6.0s (elapsed 505s)
  [82/120] GA ds2 r500 N10 seed 36: loss 9.2750% feas True calls 6030 5.4s (elapsed 511s)
  [83/120] GA ds2 r500 N10 seed 46: loss 9.8440% feas True calls 6030 5.3s (elapsed 516s)
  [84/120] GA ds2 r500 N10 seed 56: loss 9.5929% feas True calls 6030 4.5s (elapsed 520s)
  [85/120] SLSQP ds2 r500 N10 seed 36: loss 8.9711% feas True calls 6030 4.6s (elapsed 525s)
  [86/120] SLSQP ds2 r500 N10 seed 46: loss 9.8689% feas True calls 6030 5.0s (elapsed 530s)
  [87/120] SLSQP ds2 r500 N10 seed 56: loss 9.9719% feas True calls 6030 4.7s (elapsed 535s)
rev3_fine shard 5/10: 120 runs, 87 already in rev3_fine_s5of10.csv, 33 to do; procs 1; python 3.11.15, numpy 2.4.6, scipy 1.17.1, pandas 3.0.6, cpu Intel(R) Xeon(R) Processor @ 2.10GHz, numpy SIMD AVX2,AVX512F,AVX512_SKX
  [1/33] RSDVNS ds2 r500 N10 seed 36: loss 9.0357% feas True calls 6030 4.9s (elapsed 5s)
  [2/33] RSDVNS ds2 r500 N10 seed 46: loss 8.7008% feas True calls 6030 5.9s (elapsed 11s)
  [3/33] RSDVNS ds2 r500 N10 seed 56: loss 8.5168% feas True calls 6030 5.9s (elapsed 17s)
  [4/33] PSOBV ds1 r750 N6 seed 36: loss 0.3491% feas True calls 6030 2.3s (elapsed 19s)
  [5/33] PSOBV ds1 r750 N6 seed 46: loss 0.2608% feas True calls 6030 2.3s (elapsed 21s)
  [6/33] PSOBV ds1 r750 N6 seed 56: loss 0.3730% feas True calls 6030 2.4s (elapsed 24s)
  [7/33] PSOC ds1 r750 N6 seed 36: loss 0.3470% feas True calls 6030 2.4s (elapsed 26s)
  [8/33] PSOC ds1 r750 N6 seed 46: loss 0.2536% feas True calls 6030 2.1s (elapsed 28s)
  [9/33] PSOC ds1 r750 N6 seed 56: loss 0.3551% feas True calls 6030 2.3s (elapsed 30s)
  [10/33] GA ds1 r750 N6 seed 36: loss 0.3824% feas True calls 6030 2.5s (elapsed 33s)
  [11/33] GA ds1 r750 N6 seed 46: loss 0.3604% feas True calls 6030 2.3s (elapsed 35s)
  [12/33] GA ds1 r750 N6 seed 56: loss 0.3217% feas True calls 6030 2.1s (elapsed 37s)
  [13/33] SLSQP ds1 r750 N6 seed 36: loss 0.6178% feas True calls 6030 2.3s (elapsed 40s)
  [14/33] SLSQP ds1 r750 N6 seed 46: loss 0.5677% feas True calls 6030 2.5s (elapsed 42s)
  [15/33] SLSQP ds1 r750 N6 seed 56: loss 0.6131% feas True calls 6030 2.5s (elapsed 45s)
  [16/33] RSDVNS ds1 r750 N6 seed 36: loss 0.2634% feas True calls 6030 2.1s (elapsed 47s)
  [17/33] RSDVNS ds1 r750 N6 seed 46: loss 0.3204% feas True calls 6030 2.3s (elapsed 49s)
  [18/33] RSDVNS ds1 r750 N6 seed 56: loss 0.3268% feas True calls 6030 2.5s (elapsed 52s)
  [19/33] PSOBV ds2 r750 N6 seed 36: loss 1.5449% feas True calls 6030 2.2s (elapsed 54s)
  [20/33] PSOBV ds2 r750 N6 seed 46: loss 1.3204% feas True calls 6030 2.3s (elapsed 56s)
  [21/33] PSOBV ds2 r750 N6 seed 56: loss 1.3297% feas True calls 6030 2.0s (elapsed 58s)
  [22/33] PSOC ds2 r750 N6 seed 36: loss 1.6045% feas True calls 6030 2.1s (elapsed 60s)
  [23/33] PSOC ds2 r750 N6 seed 46: loss 1.3191% feas True calls 6030 2.1s (elapsed 62s)
  [24/33] PSOC ds2 r750 N6 seed 56: loss 1.3228% feas True calls 6030 2.1s (elapsed 64s)
  [25/33] GA ds2 r750 N6 seed 36: loss 1.3934% feas True calls 6030 2.6s (elapsed 67s)
  [26/33] GA ds2 r750 N6 seed 46: loss 1.3344% feas True calls 6030 2.5s (elapsed 70s)
  [27/33] GA ds2 r750 N6 seed 56: loss 1.4000% feas True calls 6030 2.6s (elapsed 72s)
  [28/33] SLSQP ds2 r750 N6 seed 36: loss 2.9691% feas True calls 6030 2.7s (elapsed 75s)
  [29/33] SLSQP ds2 r750 N6 seed 46: loss 1.6748% feas True calls 6030 2.4s (elapsed 77s)
  [30/33] SLSQP ds2 r750 N6 seed 56: loss 2.2238% feas True calls 6030 2.2s (elapsed 80s)
  [31/33] RSDVNS ds2 r750 N6 seed 36: loss 1.5545% feas True calls 6030 2.2s (elapsed 82s)
  [32/33] RSDVNS ds2 r750 N6 seed 46: loss 1.3301% feas True calls 6030 2.2s (elapsed 84s)
  [33/33] RSDVNS ds2 r750 N6 seed 56: loss 1.3428% feas True calls 6030 2.5s (elapsed 86s)
rev3_fine shard 5/10 done: 33 runs in 86 s
