fresh_grid_s1of2: 837 keys, 837 to run, procs=1
  10/837 30s last fresh_grid.csv:5976 match
  20/837 58s last fresh_grid.csv:5370 match
  30/837 84s last fresh_grid.csv:11776 match
  40/837 109s last fresh_grid.csv:5215 MISMATCH
  50/837 133s last fresh_grid.csv:5396 MISMATCH
  60/837 157s last fresh_grid.csv:5618 match
  70/837 180s last fresh_grid.csv:3451 match
  80/837 203s last fresh_grid.csv:11335 match
  90/837 225s last fresh_grid.csv:9160 match
  100/837 248s last fresh_grid.csv:2851 match
  110/837 269s last fresh_grid.csv:9166 match
  120/837 291s last fresh_grid.csv:6993 match
  130/837 312s last fresh_grid.csv:9218 match
  140/837 332s last fresh_grid.csv:2677 match
  150/837 353s last fresh_grid.csv:6998 match
  160/837 373s last fresh_grid.csv:1316 MISMATCH
  170/837 393s last fresh_grid.csv:1296 MISMATCH
  180/837 414s last fresh_grid.csv:4654 match
  190/837 434s last fresh_grid.csv:4666 match
  200/837 454s last fresh_grid.csv:5089 match
  210/837 474s last fresh_grid.csv:8807 match
  220/837 493s last fresh_grid.csv:697 match
  230/837 513s last fresh_grid.csv:4290 match
  240/837 532s last fresh_grid.csv:9043 match
  250/837 551s last fresh_grid.csv:11199 match
  260/837 570s last fresh_grid.csv:6819 match
  270/837 588s last fresh_grid.csv:7257 match
  280/837 607s last fresh_grid.csv:1129 match
  290/837 626s last fresh_grid.csv:7428 match
  300/837 644s last fresh_grid.csv:8458 match
  310/837 662s last fresh_grid.csv:2744 MISMATCH
  320/837 679s last fresh_grid.csv:7054 match
  330/837 697s last fresh_grid.csv:7220 match
  340/837 715s last fresh_grid.csv:8270 MISMATCH
  350/837 733s last fresh_grid.csv:8080 MISMATCH
  360/837 751s last fresh_grid.csv:358 match
  370/837 768s last fresh_grid.csv:7070 match
  380/837 785s last fresh_grid.csv:4739 match
  390/837 802s last fresh_grid.csv:2734 match
  400/837 819s last fresh_grid.csv:2727 MISMATCH
  410/837 836s last fresh_grid.csv:1956 match
  420/837 853s last fresh_grid.csv:1110 match
  430/837 870s last fresh_grid.csv:2577 MISMATCH
  440/837 886s last fresh_grid.csv:4689 MISMATCH
  450/837 903s last fresh_grid.csv:936 match
  460/837 920s last fresh_grid.csv:934 match
  470/837 936s last fresh_grid.csv:6859 match
  480/837 952s last fresh_grid.csv:2578 MISMATCH
  490/837 969s last fresh_grid.csv:736 match
  500/837 984s last fresh_grid.csv:778 match
  510/837 1001s last fresh_grid.csv:764 match
  520/837 1017s last fresh_grid.csv:2573 match
  530/837 1033s last fresh_grid.csv:2393 match
  540/837 1048s last fresh_grid.csv:2372 MISMATCH
  550/837 1064s last fresh_grid.csv:6415 match
  560/837 1079s last fresh_grid.csv:8498 match
  570/837 1094s last fresh_grid.csv:6851 match
  580/837 1109s last fresh_grid.csv:587 match
  590/837 1124s last fresh_grid.csv:8296 match
  600/837 1138s last fresh_grid.csv:10472 MISMATCH
  610/837 1153s last fresh_grid.csv:8339 match
  620/837 1166s last fresh_grid.csv:6535 match
  630/837 1180s last fresh_grid.csv:6707 match
  640/837 1194s last fresh_grid.csv:6495 MISMATCH
  650/837 1208s last fresh_grid.csv:578 match
  660/837 1222s last fresh_grid.csv:4010 MISMATCH
  670/837 1236s last fresh_grid.csv:8148 MISMATCH
  680/837 1249s last fresh_grid.csv:8287 match
  690/837 1263s last fresh_grid.csv:4171 match
  700/837 1276s last fresh_grid.csv:6509 MISMATCH
  710/837 1290s last fresh_grid.csv:10260 match
  720/837 1303s last fresh_grid.csv:576 match
  730/837 1316s last fresh_grid.csv:6355 match
  740/837 1330s last fresh_grid.csv:2025 match
  750/837 1343s last fresh_grid.csv:6312 MISMATCH
  760/837 1356s last fresh_grid.csv:372 match
  770/837 1369s last fresh_grid.csv:1980 match
  780/837 1382s last fresh_grid.csv:6515 MISMATCH
  790/837 1395s last fresh_grid.csv:1850 match
  800/837 1407s last fresh_grid.csv:6332 match
  810/837 1420s last fresh_grid.csv:210 match
  820/837 1432s last fresh_grid.csv:6308 MISMATCH
  830/837 1445s last fresh_grid.csv:1812 match
  837/837 1454s last fresh_grid.csv:6348 MISMATCH
fresh_grid_s1of2: done in 1454s
wrote /home/user/Figures_QASSA_WFLOP/LXSSA_WFLOP_revision/analysis/rev3_fullprec_fresh_grid_s1of2.csv: 837 of 837 records
