fresh_grid_s0of2: 836 keys, 836 to run, procs=1
  10/836 32s last fresh_grid.csv:12135 match
  20/836 59s last fresh_grid.csv:5741 match
  30/836 84s last fresh_grid.csv:11895 MISMATCH
  40/836 108s last fresh_grid.csv:3035 match
  50/836 132s last fresh_grid.csv:11762 match
  60/836 155s last fresh_grid.csv:7711 match
  70/836 178s last fresh_grid.csv:8977 MISMATCH
  80/836 200s last fresh_grid.csv:5400 MISMATCH
  90/836 222s last fresh_grid.csv:10976 match
  100/836 243s last fresh_grid.csv:7547 MISMATCH
  110/836 265s last fresh_grid.csv:9552 match
  120/836 286s last fresh_grid.csv:6999 match
  130/836 307s last fresh_grid.csv:3091 match
  140/836 327s last fresh_grid.csv:7000 MISMATCH
  150/836 347s last fresh_grid.csv:7596 match
  160/836 366s last fresh_grid.csv:330 match
  170/836 387s last fresh_grid.csv:5087 match
  180/836 406s last fresh_grid.csv:2928 MISMATCH
  190/836 425s last fresh_grid.csv:2672 MISMATCH
  200/836 444s last fresh_grid.csv:10616 match
  210/836 463s last fresh_grid.csv:4658 match
  220/836 482s last fresh_grid.csv:712 match
  230/836 501s last fresh_grid.csv:11037 match
  240/836 520s last fresh_grid.csv:2501 match
  250/836 538s last fresh_grid.csv:8457 match
  260/836 557s last fresh_grid.csv:6817 MISMATCH
  270/836 576s last fresh_grid.csv:8451 match
  280/836 594s last fresh_grid.csv:3957 MISMATCH
  290/836 612s last fresh_grid.csv:2153 match
  300/836 629s last fresh_grid.csv:10607 MISMATCH
  310/836 647s last fresh_grid.csv:6648 match
  320/836 664s last fresh_grid.csv:7255 match
  330/836 682s last fresh_grid.csv:1131 MISMATCH
  340/836 699s last fresh_grid.csv:6656 match
  350/836 716s last fresh_grid.csv:8850 match
  360/836 733s last fresh_grid.csv:8825 MISMATCH
  370/836 750s last fresh_grid.csv:7225 match
  380/836 767s last fresh_grid.csv:8677 MISMATCH
  390/836 785s last fresh_grid.csv:11021 match
  400/836 801s last fresh_grid.csv:2575 match
  410/836 818s last fresh_grid.csv:4898 match
  420/836 835s last fresh_grid.csv:8822 match
  430/836 851s last fresh_grid.csv:1773 match
  440/836 868s last fresh_grid.csv:3769 match
  450/836 884s last fresh_grid.csv:164 match
  460/836 901s last fresh_grid.csv:9889 match
  470/836 917s last fresh_grid.csv:4550 MISMATCH
  480/836 933s last fresh_grid.csv:6893 match
  490/836 949s last fresh_grid.csv:750 match
  500/836 966s last fresh_grid.csv:912 match
  510/836 982s last fresh_grid.csv:10677 match
  520/836 997s last fresh_grid.csv:759 match
  530/836 1012s last fresh_grid.csv:734 match
  540/836 1027s last fresh_grid.csv:4375 match
  550/836 1043s last fresh_grid.csv:10283 match
  560/836 1058s last fresh_grid.csv:6686 match
  570/836 1073s last fresh_grid.csv:8322 MISMATCH
  580/836 1088s last fresh_grid.csv:8492 MISMATCH
  590/836 1103s last fresh_grid.csv:6698 match
  600/836 1117s last fresh_grid.csv:8490 match
  610/836 1132s last fresh_grid.csv:581 match
  620/836 1146s last fresh_grid.csv:6717 match
  630/836 1160s last fresh_grid.csv:8331 MISMATCH
  640/836 1174s last fresh_grid.csv:2390 match
  650/836 1187s last fresh_grid.csv:6520 match
  660/836 1201s last fresh_grid.csv:2209 match
  670/836 1215s last fresh_grid.csv:595 match
  680/836 1228s last fresh_grid.csv:4190 match
  690/836 1242s last fresh_grid.csv:10314 MISMATCH
  700/836 1255s last fresh_grid.csv:8150 match
  710/836 1268s last fresh_grid.csv:399 match
  720/836 1280s last fresh_grid.csv:6329 match
  730/836 1294s last fresh_grid.csv:585 match
  740/836 1306s last fresh_grid.csv:8103 MISMATCH
  750/836 1319s last fresh_grid.csv:6498 MISMATCH
  760/836 1333s last fresh_grid.csv:4005 match
  770/836 1345s last fresh_grid.csv:6357 MISMATCH
  780/836 1358s last fresh_grid.csv:187 MISMATCH
  790/836 1370s last fresh_grid.csv:7928 match
  800/836 1382s last fresh_grid.csv:6337 MISMATCH
  810/836 1395s last fresh_grid.csv:6482 MISMATCH
  820/836 1407s last fresh_grid.csv:7924 MISMATCH
  830/836 1419s last fresh_grid.csv:227 match
  836/836 1426s last fresh_grid.csv:6352 MISMATCH
fresh_grid_s0of2: done in 1426s
wrote /home/user/Figures_QASSA_WFLOP/LXSSA_WFLOP_revision/analysis/rev3_fullprec_fresh_grid_s0of2.csv: 836 of 836 records
