rev3_fine shard 8/10: 120 runs, 0 already in rev3_fine_s8of10.csv, 120 to do; procs 1; python 3.11.15, numpy 2.4.6, scipy 1.17.1, pandas 3.0.6, cpu Intel(R) Xeon(R) Processor @ 2.10GHz, numpy SIMD AVX2,AVX512F,AVX512_SKX
  [1/120] PSOBV ds1 r1000 N15 seed 39: loss 2.1464% feas True calls 6030 7.2s (elapsed 7s)
  [2/120] PSOBV ds1 r1000 N15 seed 49: loss 1.8218% feas True calls 6030 6.7s (elapsed 14s)
  [3/120] PSOBV ds1 r1000 N15 seed 59: loss 1.9019% feas True calls 6030 6.8s (elapsed 21s)
  [4/120] PSOC ds1 r1000 N15 seed 39: loss 2.1991% feas True calls 6030 7.3s (elapsed 28s)
  [5/120] PSOC ds1 r1000 N15 seed 49: loss 1.8974% feas True calls 6030 6.9s (elapsed 35s)
  [6/120] PSOC ds1 r1000 N15 seed 59: loss 2.1661% feas True calls 6030 7.0s (elapsed 42s)
  [7/120] GA ds1 r1000 N15 seed 39: loss 2.0290% feas True calls 6030 6.9s (elapsed 49s)
  [8/120] GA ds1 r1000 N15 seed 49: loss 2.2225% feas True calls 6030 7.5s (elapsed 56s)
  [9/120] GA ds1 r1000 N15 seed 59: loss 2.5391% feas True calls 6030 7.0s (elapsed 63s)
  [10/120] SLSQP ds1 r1000 N15 seed 39: loss 2.6813% feas True calls 6030 7.5s (elapsed 71s)
  [11/120] SLSQP ds1 r1000 N15 seed 49: loss 2.5920% feas True calls 6030 7.3s (elapsed 78s)
  [12/120] SLSQP ds1 r1000 N15 seed 59: loss 2.5437% feas True calls 6030 7.2s (elapsed 85s)
  [13/120] RSDVNS ds1 r1000 N15 seed 39: loss 1.9887% feas True calls 6030 7.7s (elapsed 93s)
  [14/120] RSDVNS ds1 r1000 N15 seed 49: loss 1.9689% feas True calls 6030 7.5s (elapsed 101s)
  [15/120] RSDVNS ds1 r1000 N15 seed 59: loss 2.0589% feas True calls 6030 7.6s (elapsed 108s)
  [16/120] PSOBV ds2 r1000 N15 seed 39: loss 5.3439% feas True calls 6030 7.5s (elapsed 116s)
  [17/120] PSOBV ds2 r1000 N15 seed 49: loss 4.8339% feas True calls 6030 6.8s (elapsed 123s)
  [18/120] PSOBV ds2 r1000 N15 seed 59: loss 4.8509% feas True calls 6030 6.8s (elapsed 129s)
  [19/120] PSOC ds2 r1000 N15 seed 39: loss 5.9673% feas True calls 6030 7.1s (elapsed 136s)
  [20/120] PSOC ds2 r1000 N15 seed 49: loss 5.0062% feas True calls 6030 7.0s (elapsed 143s)
  [21/120] PSOC ds2 r1000 N15 seed 59: loss 5.0121% feas True calls 6030 7.1s (elapsed 150s)
  [22/120] GA ds2 r1000 N15 seed 39: loss 4.9063% feas True calls 6030 7.1s (elapsed 158s)
  [23/120] GA ds2 r1000 N15 seed 49: loss 4.8703% feas True calls 6030 7.0s (elapsed 165s)
  [24/120] GA ds2 r1000 N15 seed 59: loss 4.7467% feas True calls 6030 7.2s (elapsed 172s)
  [25/120] SLSQP ds2 r1000 N15 seed 39: loss 6.3068% feas True calls 6030 7.5s (elapsed 179s)
  [26/120] SLSQP ds2 r1000 N15 seed 49: loss 6.1593% feas True calls 6030 7.3s (elapsed 187s)
  [27/120] SLSQP ds2 r1000 N15 seed 59: loss 6.6119% feas True calls 6030 7.2s (elapsed 194s)
  [28/120] RSDVNS ds2 r1000 N15 seed 39: loss 5.2296% feas True calls 6030 7.4s (elapsed 201s)
  [29/120] RSDVNS ds2 r1000 N15 seed 49: loss 5.5930% feas True calls 6030 7.7s (elapsed 209s)
  [30/120] RSDVNS ds2 r1000 N15 seed 59: loss 5.1677% feas True calls 6030 7.7s (elapsed 216s)
  [31/120] PSOBV ds1 r750 N12 seed 39: loss 1.8722% feas True calls 6030 5.6s (elapsed 222s)
  [32/120] PSOBV ds1 r750 N12 seed 49: loss 2.0014% feas True calls 6030 5.3s (elapsed 227s)
  [33/120] PSOBV ds1 r750 N12 seed 59: loss 1.7052% feas True calls 6030 5.8s (elapsed 233s)
  [34/120] PSOC ds1 r750 N12 seed 39: loss 1.9136% feas True calls 6030 5.7s (elapsed 239s)
  [35/120] PSOC ds1 r750 N12 seed 49: loss 2.1299% feas True calls 6030 5.6s (elapsed 244s)
  [36/120] PSOC ds1 r750 N12 seed 59: loss 2.3208% feas True calls 6030 5.6s (elapsed 250s)
  [37/120] GA ds1 r750 N12 seed 39: loss 1.9495% feas True calls 6030 5.8s (elapsed 256s)
  [38/120] GA ds1 r750 N12 seed 49: loss 2.7074% feas True calls 6030 6.1s (elapsed 262s)
  [39/120] GA ds1 r750 N12 seed 59: loss 2.2982% feas True calls 6030 5.9s (elapsed 268s)
  [40/120] SLSQP ds1 r750 N12 seed 39: loss 2.7576% feas True calls 6030 5.8s (elapsed 274s)
  [41/120] SLSQP ds1 r750 N12 seed 49: loss 3.0901% feas True calls 6030 6.2s (elapsed 280s)
  [42/120] SLSQP ds1 r750 N12 seed 59: loss 2.9679% feas True calls 6030 6.0s (elapsed 286s)
  [43/120] RSDVNS ds1 r750 N12 seed 39: loss 2.0360% feas True calls 6030 5.9s (elapsed 292s)
  [44/120] RSDVNS ds1 r750 N12 seed 49: loss 2.8483% feas True calls 6030 6.3s (elapsed 298s)
  [45/120] RSDVNS ds1 r750 N12 seed 59: loss 1.9050% feas True calls 6030 6.0s (elapsed 304s)
  [46/120] PSOBV ds2 r750 N12 seed 39: loss 5.5495% feas True calls 6030 5.8s (elapsed 310s)
  [47/120] PSOBV ds2 r750 N12 seed 49: loss 5.2274% feas True calls 6030 5.6s (elapsed 316s)
  [48/120] PSOBV ds2 r750 N12 seed 59: loss 5.7993% feas True calls 6030 5.9s (elapsed 321s)
  [49/120] PSOC ds2 r750 N12 seed 39: loss 5.4833% feas True calls 6030 5.9s (elapsed 327s)
  [50/120] PSOC ds2 r750 N12 seed 49: loss 5.4985% feas True calls 6030 5.7s (elapsed 333s)
  [51/120] PSOC ds2 r750 N12 seed 59: loss 7.1673% feas True calls 6030 5.8s (elapsed 339s)
  [52/120] GA ds2 r750 N12 seed 39: loss 5.7243% feas True calls 6030 5.7s (elapsed 345s)
  [53/120] GA ds2 r750 N12 seed 49: loss 5.8398% feas True calls 6030 5.8s (elapsed 351s)
  [54/120] GA ds2 r750 N12 seed 59: loss 6.1468% feas True calls 6030 6.0s (elapsed 357s)
  [55/120] SLSQP ds2 r750 N12 seed 39: loss 6.5954% feas True calls 6030 5.9s (elapsed 362s)
  [56/120] SLSQP ds2 r750 N12 seed 49: loss 6.7868% feas True calls 6030 5.9s (elapsed 368s)
  [57/120] SLSQP ds2 r750 N12 seed 59: loss 6.7946% feas True calls 6030 6.0s (elapsed 374s)
  [58/120] RSDVNS ds2 r750 N12 seed 39: loss 6.2004% feas True calls 6030 6.3s (elapsed 381s)
  [59/120] RSDVNS ds2 r750 N12 seed 49: loss 5.8868% feas True calls 6030 6.2s (elapsed 387s)
  [60/120] RSDVNS ds2 r750 N12 seed 59: loss 5.6893% feas True calls 6030 5.9s (elapsed 393s)
  [61/120] PSOBV ds1 r500 N10 seed 39: loss 5.1562% feas True calls 6030 5.3s (elapsed 398s)
  [62/120] PSOBV ds1 r500 N10 seed 49: loss 3.5547% feas True calls 6030 5.1s (elapsed 403s)
  [63/120] PSOBV ds1 r500 N10 seed 59: loss 3.2014% feas True calls 6030 5.0s (elapsed 408s)
  [64/120] PSOC ds1 r500 N10 seed 39: loss 5.2568% feas True calls 6030 4.9s (elapsed 413s)
  [65/120] PSOC ds1 r500 N10 seed 49: loss 4.8908% feas True calls 6030 5.2s (elapsed 418s)
  [66/120] PSOC ds1 r500 N10 seed 59: loss 3.2036% feas True calls 6030 4.9s (elapsed 423s)
  [67/120] GA ds1 r500 N10 seed 39: loss 6.7735% feas True calls 6030 5.0s (elapsed 428s)
  [68/120] GA ds1 r500 N10 seed 49: loss 3.3349% feas True calls 6030 5.0s (elapsed 433s)
  [69/120] GA ds1 r500 N10 seed 59: loss 2.5283% feas True calls 6030 5.1s (elapsed 438s)
  [70/120] SLSQP ds1 r500 N10 seed 39: loss 3.2820% feas True calls 6030 5.5s (elapsed 444s)
  [71/120] SLSQP ds1 r500 N10 seed 49: loss 3.5305% feas True calls 6030 5.5s (elapsed 449s)
  [72/120] SLSQP ds1 r500 N10 seed 59: loss 3.1504% feas True calls 6030 5.3s (elapsed 455s)
  [73/120] RSDVNS ds1 r500 N10 seed 39: loss 4.1775% feas True calls 6030 5.3s (elapsed 460s)
  [74/120] RSDVNS ds1 r500 N10 seed 49: loss 5.1348% feas True calls 6030 5.6s (elapsed 466s)
  [75/120] RSDVNS ds1 r500 N10 seed 59: loss 5.5792% feas True calls 6030 5.3s (elapsed 471s)
  [76/120] PSOBV ds2 r500 N10 seed 39: loss 8.5288% feas True calls 6030 5.0s (elapsed 476s)
  [77/120] PSOBV ds2 r500 N10 seed 49: loss 8.9428% feas True calls 6030 4.7s (elapsed 481s)
  [78/120] PSOBV ds2 r500 N10 seed 59: loss 8.7949% feas True calls 6030 4.8s (elapsed 485s)
  [79/120] PSOC ds2 r500 N10 seed 39: loss 9.4319% feas True calls 6030 5.1s (elapsed 491s)
  [80/120] PSOC ds2 r500 N10 seed 49: loss 9.3843% feas True calls 6030 5.0s (elapsed 496s)
  [81/120] PSOC ds2 r500 N10 seed 59: loss 9.1157% feas True calls 6030 4.9s (elapsed 500s)
  [82/120] GA ds2 r500 N10 seed 39: loss 10.1597% feas True calls 6030 5.3s (elapsed 506s)
  [83/120] GA ds2 r500 N10 seed 49: loss 8.9092% feas True calls 6030 5.3s (elapsed 511s)
  [84/120] GA ds2 r500 N10 seed 59: loss 8.7224% feas True calls 6030 5.3s (elapsed 516s)
  [85/120] SLSQP ds2 r500 N10 seed 39: loss 9.4118% feas True calls 6030 5.3s (elapsed 522s)
  [86/120] SLSQP ds2 r500 N10 seed 49: loss 9.5042% feas True calls 6030 5.4s (elapsed 527s)
  [87/120] SLSQP ds2 r500 N10 seed 59: loss 9.3056% feas True calls 6030 5.2s (elapsed 532s)
  [88/120] RSDVNS ds2 r500 N10 seed 39: loss 9.8504% feas True calls 6030 5.7s (elapsed 538s)
rev3_fine shard 8/10: 120 runs, 88 already in rev3_fine_s8of10.csv, 32 to do; procs 1; python 3.11.15, numpy 2.4.6, scipy 1.17.1, pandas 3.0.6, cpu Intel(R) Xeon(R) Processor @ 2.10GHz, numpy SIMD AVX2,AVX512F,AVX512_SKX
  [1/32] RSDVNS ds2 r500 N10 seed 49: loss 10.2178% feas True calls 6030 5.5s (elapsed 6s)
  [2/32] RSDVNS ds2 r500 N10 seed 59: loss 10.0466% feas True calls 6030 5.6s (elapsed 11s)
  [3/32] PSOBV ds1 r750 N6 seed 39: loss 0.3103% feas True calls 6030 2.5s (elapsed 14s)
  [4/32] PSOBV ds1 r750 N6 seed 49: loss 0.3889% feas True calls 6030 2.4s (elapsed 16s)
  [5/32] PSOBV ds1 r750 N6 seed 59: loss 0.2840% feas True calls 6030 2.4s (elapsed 18s)
  [6/32] PSOC ds1 r750 N6 seed 39: loss 0.3140% feas True calls 6030 2.5s (elapsed 21s)
  [7/32] PSOC ds1 r750 N6 seed 49: loss 0.3901% feas True calls 6030 2.6s (elapsed 23s)
  [8/32] PSOC ds1 r750 N6 seed 59: loss 0.2938% feas True calls 6030 2.4s (elapsed 26s)
  [9/32] GA ds1 r750 N6 seed 39: loss 0.3137% feas True calls 6030 2.7s (elapsed 29s)
  [10/32] GA ds1 r750 N6 seed 49: loss 0.4292% feas True calls 6030 2.7s (elapsed 31s)
  [11/32] GA ds1 r750 N6 seed 59: loss 0.2978% feas True calls 6030 2.7s (elapsed 34s)
  [12/32] SLSQP ds1 r750 N6 seed 39: loss 0.4723% feas True calls 6030 3.2s (elapsed 37s)
  [13/32] SLSQP ds1 r750 N6 seed 49: loss 0.6831% feas True calls 6030 3.1s (elapsed 40s)
  [14/32] SLSQP ds1 r750 N6 seed 59: loss 0.5615% feas True calls 6030 3.2s (elapsed 43s)
  [15/32] RSDVNS ds1 r750 N6 seed 39: loss 0.2781% feas True calls 6030 2.7s (elapsed 46s)
  [16/32] RSDVNS ds1 r750 N6 seed 49: loss 0.3242% feas True calls 6030 2.8s (elapsed 49s)
  [17/32] RSDVNS ds1 r750 N6 seed 59: loss 0.3138% feas True calls 6030 2.7s (elapsed 52s)
  [18/32] PSOBV ds2 r750 N6 seed 39: loss 1.3309% feas True calls 6030 2.5s (elapsed 54s)
  [19/32] PSOBV ds2 r750 N6 seed 49: loss 1.3102% feas True calls 6030 2.5s (elapsed 57s)
  [20/32] PSOBV ds2 r750 N6 seed 59: loss 1.3095% feas True calls 6030 2.5s (elapsed 59s)
  [21/32] PSOC ds2 r750 N6 seed 39: loss 1.5558% feas True calls 6030 2.5s (elapsed 62s)
  [22/32] PSOC ds2 r750 N6 seed 49: loss 1.3567% feas True calls 6030 2.4s (elapsed 64s)
  [23/32] PSOC ds2 r750 N6 seed 59: loss 1.2962% feas True calls 6030 2.6s (elapsed 67s)
  [24/32] GA ds2 r750 N6 seed 39: loss 1.3312% feas True calls 6030 2.8s (elapsed 70s)
  [25/32] GA ds2 r750 N6 seed 49: loss 1.3486% feas True calls 6030 2.7s (elapsed 72s)
  [26/32] GA ds2 r750 N6 seed 59: loss 1.4572% feas True calls 6030 2.6s (elapsed 75s)
  [27/32] SLSQP ds2 r750 N6 seed 39: loss 2.4953% feas True calls 6030 2.8s (elapsed 78s)
  [28/32] SLSQP ds2 r750 N6 seed 49: loss 2.0262% feas True calls 6030 2.8s (elapsed 80s)
  [29/32] SLSQP ds2 r750 N6 seed 59: loss 2.3477% feas True calls 6030 3.1s (elapsed 84s)
  [30/32] RSDVNS ds2 r750 N6 seed 39: loss 1.4252% feas True calls 6030 2.6s (elapsed 86s)
  [31/32] RSDVNS ds2 r750 N6 seed 49: loss 1.3328% feas True calls 6030 2.6s (elapsed 89s)
  [32/32] RSDVNS ds2 r750 N6 seed 59: loss 1.6309% feas True calls 6030 2.6s (elapsed 91s)
rev3_fine shard 8/10 done: 32 runs in 91 s
