rev3_fine shard 3/10: 120 runs, 0 already in rev3_fine_s3of10.csv, 120 to do; procs 1; python 3.11.15, numpy 2.4.6, scipy 1.17.1, pandas 3.0.6, cpu Intel(R) Xeon(R) Processor @ 2.10GHz, numpy SIMD AVX2,AVX512F,AVX512_SKX
  [1/120] PSOBV ds1 r1000 N15 seed 34: loss 1.8382% feas True calls 6030 6.7s (elapsed 7s)
  [2/120] PSOBV ds1 r1000 N15 seed 44: loss 1.9952% feas True calls 6030 6.7s (elapsed 13s)
  [3/120] PSOBV ds1 r1000 N15 seed 54: loss 2.2472% feas True calls 6030 6.4s (elapsed 20s)
  [4/120] PSOC ds1 r1000 N15 seed 34: loss 1.9366% feas True calls 6030 6.7s (elapsed 27s)
  [5/120] PSOC ds1 r1000 N15 seed 44: loss 3.5128% feas True calls 6030 7.3s (elapsed 34s)
  [6/120] PSOC ds1 r1000 N15 seed 54: loss 2.6000% feas True calls 6030 6.8s (elapsed 41s)
  [7/120] GA ds1 r1000 N15 seed 34: loss 1.7843% feas True calls 6030 6.6s (elapsed 47s)
  [8/120] GA ds1 r1000 N15 seed 44: loss 2.0174% feas True calls 6030 6.6s (elapsed 54s)
  [9/120] GA ds1 r1000 N15 seed 54: loss 2.4248% feas True calls 6030 6.9s (elapsed 61s)
  [10/120] SLSQP ds1 r1000 N15 seed 34: loss 2.2971% feas True calls 6030 6.9s (elapsed 68s)
  [11/120] SLSQP ds1 r1000 N15 seed 44: loss 2.9373% feas True calls 6030 6.9s (elapsed 75s)
  [12/120] SLSQP ds1 r1000 N15 seed 54: loss 2.6854% feas True calls 6030 6.7s (elapsed 81s)
  [13/120] RSDVNS ds1 r1000 N15 seed 34: loss 2.8359% feas True calls 6030 7.0s (elapsed 88s)
  [14/120] RSDVNS ds1 r1000 N15 seed 44: loss 2.2133% feas True calls 6030 6.9s (elapsed 95s)
  [15/120] RSDVNS ds1 r1000 N15 seed 54: loss 2.1971% feas True calls 6030 7.0s (elapsed 102s)
  [16/120] PSOBV ds2 r1000 N15 seed 34: loss 5.0497% feas True calls 6030 6.7s (elapsed 109s)
  [17/120] PSOBV ds2 r1000 N15 seed 44: loss 5.9552% feas True calls 6030 6.9s (elapsed 116s)
  [18/120] PSOBV ds2 r1000 N15 seed 54: loss 4.9786% feas True calls 6030 6.5s (elapsed 122s)
  [19/120] PSOC ds2 r1000 N15 seed 34: loss 5.3611% feas True calls 6030 6.7s (elapsed 129s)
  [20/120] PSOC ds2 r1000 N15 seed 44: loss 7.0134% feas True calls 6030 6.8s (elapsed 136s)
  [21/120] PSOC ds2 r1000 N15 seed 54: loss 5.4497% feas True calls 6030 6.6s (elapsed 143s)
  [22/120] GA ds2 r1000 N15 seed 34: loss 5.1530% feas True calls 6030 6.9s (elapsed 149s)
  [23/120] GA ds2 r1000 N15 seed 44: loss 5.1573% feas True calls 6030 6.5s (elapsed 156s)
  [24/120] GA ds2 r1000 N15 seed 54: loss 5.0637% feas True calls 6030 6.6s (elapsed 163s)
  [25/120] SLSQP ds2 r1000 N15 seed 34: loss 6.1519% feas True calls 6030 6.8s (elapsed 169s)
  [26/120] SLSQP ds2 r1000 N15 seed 44: loss 5.8482% feas True calls 6030 6.8s (elapsed 176s)
  [27/120] SLSQP ds2 r1000 N15 seed 54: loss 6.8680% feas True calls 6030 7.0s (elapsed 183s)
  [28/120] RSDVNS ds2 r1000 N15 seed 34: loss 5.0003% feas True calls 6030 6.9s (elapsed 190s)
  [29/120] RSDVNS ds2 r1000 N15 seed 44: loss 5.2145% feas True calls 6030 7.0s (elapsed 197s)
  [30/120] RSDVNS ds2 r1000 N15 seed 54: loss 5.0593% feas True calls 6030 7.0s (elapsed 204s)
  [31/120] PSOBV ds1 r750 N12 seed 34: loss 1.7770% feas True calls 6030 5.4s (elapsed 209s)
  [32/120] PSOBV ds1 r750 N12 seed 44: loss 1.9525% feas True calls 6030 5.3s (elapsed 215s)
  [33/120] PSOBV ds1 r750 N12 seed 54: loss 1.9569% feas True calls 6030 5.2s (elapsed 220s)
  [34/120] PSOC ds1 r750 N12 seed 34: loss 1.7541% feas True calls 6030 5.3s (elapsed 225s)
  [35/120] PSOC ds1 r750 N12 seed 44: loss 2.0884% feas True calls 6030 5.4s (elapsed 231s)
  [36/120] PSOC ds1 r750 N12 seed 54: loss 2.0068% feas True calls 6030 5.5s (elapsed 236s)
  [37/120] GA ds1 r750 N12 seed 34: loss 2.2856% feas True calls 6030 5.5s (elapsed 242s)
  [38/120] GA ds1 r750 N12 seed 44: loss 2.0825% feas True calls 6030 5.4s (elapsed 247s)
  [39/120] GA ds1 r750 N12 seed 54: loss 2.4870% feas True calls 6030 5.4s (elapsed 252s)
  [40/120] SLSQP ds1 r750 N12 seed 34: loss 3.0219% feas True calls 6030 5.5s (elapsed 258s)
  [41/120] SLSQP ds1 r750 N12 seed 44: loss 2.6160% feas True calls 6030 5.7s (elapsed 264s)
  [42/120] SLSQP ds1 r750 N12 seed 54: loss 2.6399% feas True calls 6030 5.9s (elapsed 270s)
  [43/120] RSDVNS ds1 r750 N12 seed 34: loss 2.2625% feas True calls 6030 5.8s (elapsed 275s)
  [44/120] RSDVNS ds1 r750 N12 seed 44: loss 2.2259% feas True calls 6030 5.4s (elapsed 281s)
  [45/120] RSDVNS ds1 r750 N12 seed 54: loss 2.1503% feas True calls 6030 5.3s (elapsed 286s)
  [46/120] PSOBV ds2 r750 N12 seed 34: loss 5.1284% feas True calls 6030 5.0s (elapsed 291s)
  [47/120] PSOBV ds2 r750 N12 seed 44: loss 5.7857% feas True calls 6030 5.2s (elapsed 296s)
  [48/120] PSOBV ds2 r750 N12 seed 54: loss 5.0595% feas True calls 6030 5.4s (elapsed 302s)
  [49/120] PSOC ds2 r750 N12 seed 34: loss 5.7800% feas True calls 6030 5.2s (elapsed 307s)
  [50/120] PSOC ds2 r750 N12 seed 44: loss 5.9476% feas True calls 6030 5.3s (elapsed 312s)
  [51/120] PSOC ds2 r750 N12 seed 54: loss 5.9686% feas True calls 6030 5.2s (elapsed 318s)
  [52/120] GA ds2 r750 N12 seed 34: loss 5.4435% feas True calls 6030 5.2s (elapsed 323s)
  [53/120] GA ds2 r750 N12 seed 44: loss 5.4647% feas True calls 6030 5.3s (elapsed 328s)
  [54/120] GA ds2 r750 N12 seed 54: loss 5.9511% feas True calls 6030 5.3s (elapsed 333s)
  [55/120] SLSQP ds2 r750 N12 seed 34: loss 8.2936% feas True calls 6030 5.6s (elapsed 339s)
  [56/120] SLSQP ds2 r750 N12 seed 44: loss 7.1920% feas True calls 6030 5.3s (elapsed 344s)
  [57/120] SLSQP ds2 r750 N12 seed 54: loss 7.1732% feas True calls 6030 5.8s (elapsed 350s)
  [58/120] RSDVNS ds2 r750 N12 seed 34: loss 6.0317% feas True calls 6030 5.7s (elapsed 356s)
  [59/120] RSDVNS ds2 r750 N12 seed 44: loss 5.6032% feas True calls 6030 5.6s (elapsed 361s)
  [60/120] RSDVNS ds2 r750 N12 seed 54: loss 5.5698% feas True calls 6030 5.4s (elapsed 367s)
  [61/120] PSOBV ds1 r500 N10 seed 34: loss 2.8599% feas True calls 6030 4.5s (elapsed 371s)
  [62/120] PSOBV ds1 r500 N10 seed 44: loss 3.6349% feas True calls 6030 4.6s (elapsed 376s)
  [63/120] PSOBV ds1 r500 N10 seed 54: loss 4.1121% feas True calls 6030 4.5s (elapsed 380s)
  [64/120] PSOC ds1 r500 N10 seed 34: loss 2.8992% feas True calls 6030 4.6s (elapsed 385s)
  [65/120] PSOC ds1 r500 N10 seed 44: loss 4.0011% feas True calls 6030 5.1s (elapsed 390s)
  [66/120] PSOC ds1 r500 N10 seed 54: loss 4.3415% feas True calls 6030 4.8s (elapsed 395s)
  [67/120] GA ds1 r500 N10 seed 34: loss 5.2230% feas True calls 6030 5.0s (elapsed 400s)
  [68/120] GA ds1 r500 N10 seed 44: loss 4.0719% feas True calls 6030 4.7s (elapsed 405s)
  [69/120] GA ds1 r500 N10 seed 54: loss 8.7621% feas False calls 6030 5.0s (elapsed 409s)
  [70/120] SLSQP ds1 r500 N10 seed 34: loss 3.5018% feas True calls 6030 4.9s (elapsed 414s)
  [71/120] SLSQP ds1 r500 N10 seed 44: loss 3.2380% feas True calls 6030 4.7s (elapsed 419s)
  [72/120] SLSQP ds1 r500 N10 seed 54: loss 3.2068% feas True calls 6030 4.9s (elapsed 424s)
  [73/120] RSDVNS ds1 r500 N10 seed 34: loss 5.5500% feas True calls 6030 4.9s (elapsed 429s)
  [74/120] RSDVNS ds1 r500 N10 seed 44: loss 6.5523% feas False calls 6030 5.1s (elapsed 434s)
  [75/120] RSDVNS ds1 r500 N10 seed 54: loss 3.4673% feas True calls 6030 4.9s (elapsed 439s)
  [76/120] PSOBV ds2 r500 N10 seed 34: loss 7.8141% feas True calls 6030 4.6s (elapsed 443s)
  [77/120] PSOBV ds2 r500 N10 seed 44: loss 8.6439% feas True calls 6030 4.8s (elapsed 448s)
  [78/120] PSOBV ds2 r500 N10 seed 54: loss 8.7750% feas True calls 6030 4.5s (elapsed 453s)
  [79/120] PSOC ds2 r500 N10 seed 34: loss 8.1998% feas True calls 6030 4.8s (elapsed 458s)
  [80/120] PSOC ds2 r500 N10 seed 44: loss 8.8607% feas True calls 6030 4.7s (elapsed 462s)
  [81/120] PSOC ds2 r500 N10 seed 54: loss 8.5417% feas True calls 6030 4.9s (elapsed 467s)
  [82/120] GA ds2 r500 N10 seed 34: loss 9.9973% feas True calls 6030 4.9s (elapsed 472s)
  [83/120] GA ds2 r500 N10 seed 44: loss 9.5464% feas True calls 6030 5.0s (elapsed 477s)
  [84/120] GA ds2 r500 N10 seed 54: loss 11.7969% feas False calls 6030 4.9s (elapsed 482s)
  [85/120] SLSQP ds2 r500 N10 seed 34: loss 9.7296% feas True calls 6030 4.8s (elapsed 487s)
  [86/120] SLSQP ds2 r500 N10 seed 44: loss 9.1963% feas True calls 6030 4.9s (elapsed 492s)
  [87/120] SLSQP ds2 r500 N10 seed 54: loss 9.0264% feas True calls 6030 4.9s (elapsed 497s)
  [88/120] RSDVNS ds2 r500 N10 seed 34: loss 9.3735% feas True calls 6030 4.9s (elapsed 502s)
  [89/120] RSDVNS ds2 r500 N10 seed 44: loss 11.7231% feas False calls 6030 5.1s (elapsed 507s)
  [90/120] RSDVNS ds2 r500 N10 seed 54: loss 9.3292% feas True calls 6030 5.3s (elapsed 512s)
  [91/120] PSOBV ds1 r750 N6 seed 34: loss 0.2861% feas True calls 6030 2.2s (elapsed 514s)
  [92/120] PSOBV ds1 r750 N6 seed 44: loss 0.3147% feas True calls 6030 2.2s (elapsed 516s)
  [93/120] PSOBV ds1 r750 N6 seed 54: loss 0.3167% feas True calls 6030 2.2s (elapsed 519s)
  [94/120] PSOC ds1 r750 N6 seed 34: loss 0.2932% feas True calls 6030 2.3s (elapsed 521s)
  [95/120] PSOC ds1 r750 N6 seed 44: loss 0.3222% feas True calls 6030 2.3s (elapsed 523s)
  [96/120] PSOC ds1 r750 N6 seed 54: loss 0.3179% feas True calls 6030 2.3s (elapsed 525s)
  [97/120] GA ds1 r750 N6 seed 34: loss 0.4514% feas True calls 6030 2.3s (elapsed 528s)
  [98/120] GA ds1 r750 N6 seed 44: loss 0.3581% feas True calls 6030 2.4s (elapsed 530s)
  [99/120] GA ds1 r750 N6 seed 54: loss 0.2947% feas True calls 6030 2.4s (elapsed 533s)
  [100/120] SLSQP ds1 r750 N6 seed 34: loss 0.4705% feas True calls 6030 2.7s (elapsed 535s)
  [101/120] SLSQP ds1 r750 N6 seed 44: loss 0.5936% feas True calls 6030 2.8s (elapsed 538s)
rev3_fine shard 3/10: 120 runs, 101 already in rev3_fine_s3of10.csv, 19 to do; procs 1; python 3.11.15, numpy 2.4.6, scipy 1.17.1, pandas 3.0.6, cpu Intel(R) Xeon(R) Processor @ 2.10GHz, numpy SIMD AVX2,AVX512F,AVX512_SKX
  [1/19] SLSQP ds1 r750 N6 seed 54: loss 0.6776% feas True calls 6030 2.8s (elapsed 3s)
  [2/19] RSDVNS ds1 r750 N6 seed 34: loss 0.2801% feas True calls 6030 2.4s (elapsed 5s)
  [3/19] RSDVNS ds1 r750 N6 seed 44: loss 0.3039% feas True calls 6030 2.4s (elapsed 8s)
  [4/19] RSDVNS ds1 r750 N6 seed 54: loss 0.2911% feas True calls 6030 2.4s (elapsed 10s)
  [5/19] PSOBV ds2 r750 N6 seed 34: loss 1.4828% feas True calls 6030 2.4s (elapsed 12s)
  [6/19] PSOBV ds2 r750 N6 seed 44: loss 1.5470% feas True calls 6030 2.3s (elapsed 15s)
  [7/19] PSOBV ds2 r750 N6 seed 54: loss 1.3139% feas True calls 6030 2.3s (elapsed 17s)
  [8/19] PSOC ds2 r750 N6 seed 34: loss 1.5770% feas True calls 6030 2.3s (elapsed 19s)
  [9/19] PSOC ds2 r750 N6 seed 44: loss 1.6011% feas True calls 6030 2.3s (elapsed 22s)
  [10/19] PSOC ds2 r750 N6 seed 54: loss 1.3362% feas True calls 6030 2.3s (elapsed 24s)
  [11/19] GA ds2 r750 N6 seed 34: loss 1.3151% feas True calls 6030 2.7s (elapsed 27s)
  [12/19] GA ds2 r750 N6 seed 44: loss 1.3072% feas True calls 6030 2.5s (elapsed 29s)
  [13/19] GA ds2 r750 N6 seed 54: loss 1.2797% feas True calls 6030 2.5s (elapsed 32s)
  [14/19] SLSQP ds2 r750 N6 seed 34: loss 2.0454% feas True calls 6030 2.8s (elapsed 35s)
  [15/19] SLSQP ds2 r750 N6 seed 44: loss 2.5176% feas True calls 6030 2.8s (elapsed 37s)
  [16/19] SLSQP ds2 r750 N6 seed 54: loss 2.8586% feas True calls 6030 2.8s (elapsed 40s)
  [17/19] RSDVNS ds2 r750 N6 seed 34: loss 1.5680% feas True calls 6030 2.6s (elapsed 43s)
  [18/19] RSDVNS ds2 r750 N6 seed 44: loss 1.3798% feas True calls 6030 2.4s (elapsed 45s)
  [19/19] RSDVNS ds2 r750 N6 seed 54: loss 1.4430% feas True calls 6030 2.4s (elapsed 48s)
rev3_fine shard 3/10 done: 19 runs in 48 s
