rev3_fine shard 2/10: 120 runs, 0 already in rev3_fine_s2of10.csv, 120 to do; procs 1; python 3.11.15, numpy 2.4.6, scipy 1.17.1, pandas 3.0.6, cpu Intel(R) Xeon(R) Processor @ 2.10GHz, numpy SIMD AVX2,AVX512F,AVX512_SKX
  [1/120] PSOBV ds1 r1000 N15 seed 33: loss 2.0585% feas True calls 6030 7.0s (elapsed 7s)
  [2/120] PSOBV ds1 r1000 N15 seed 43: loss 1.7085% feas True calls 6030 7.1s (elapsed 14s)
  [3/120] PSOBV ds1 r1000 N15 seed 53: loss 1.7841% feas True calls 6030 7.3s (elapsed 21s)
  [4/120] PSOC ds1 r1000 N15 seed 33: loss 2.2513% feas True calls 6030 7.2s (elapsed 29s)
  [5/120] PSOC ds1 r1000 N15 seed 43: loss 1.9012% feas True calls 6030 7.2s (elapsed 36s)
  [6/120] PSOC ds1 r1000 N15 seed 53: loss 1.9968% feas True calls 6030 7.5s (elapsed 43s)
  [7/120] GA ds1 r1000 N15 seed 33: loss 1.9057% feas True calls 6030 7.3s (elapsed 51s)
  [8/120] GA ds1 r1000 N15 seed 43: loss 2.2005% feas True calls 6030 7.4s (elapsed 58s)
  [9/120] GA ds1 r1000 N15 seed 53: loss 2.0369% feas True calls 6030 7.3s (elapsed 65s)
  [10/120] SLSQP ds1 r1000 N15 seed 33: loss 2.5925% feas True calls 6030 7.7s (elapsed 73s)
  [11/120] SLSQP ds1 r1000 N15 seed 43: loss 3.2157% feas True calls 6030 7.9s (elapsed 81s)
  [12/120] SLSQP ds1 r1000 N15 seed 53: loss 2.3943% feas True calls 6030 7.8s (elapsed 89s)
  [13/120] RSDVNS ds1 r1000 N15 seed 33: loss 1.9771% feas True calls 6030 7.7s (elapsed 97s)
  [14/120] RSDVNS ds1 r1000 N15 seed 43: loss 2.0263% feas True calls 6030 7.8s (elapsed 104s)
  [15/120] RSDVNS ds1 r1000 N15 seed 53: loss 1.9981% feas True calls 6030 7.6s (elapsed 112s)
  [16/120] PSOBV ds2 r1000 N15 seed 33: loss 4.6659% feas True calls 6030 7.1s (elapsed 119s)
  [17/120] PSOBV ds2 r1000 N15 seed 43: loss 4.7175% feas True calls 6030 7.2s (elapsed 126s)
  [18/120] PSOBV ds2 r1000 N15 seed 53: loss 4.8320% feas True calls 6030 7.3s (elapsed 134s)
  [19/120] PSOC ds2 r1000 N15 seed 33: loss 5.0414% feas True calls 6030 7.3s (elapsed 141s)
  [20/120] PSOC ds2 r1000 N15 seed 43: loss 5.1046% feas True calls 6030 7.2s (elapsed 148s)
  [21/120] PSOC ds2 r1000 N15 seed 53: loss 5.0603% feas True calls 6030 7.2s (elapsed 155s)
  [22/120] GA ds2 r1000 N15 seed 33: loss 4.9890% feas True calls 6030 7.1s (elapsed 162s)
  [23/120] GA ds2 r1000 N15 seed 43: loss 4.7521% feas True calls 6030 7.1s (elapsed 170s)
  [24/120] GA ds2 r1000 N15 seed 53: loss 4.6800% feas True calls 6030 7.1s (elapsed 177s)
  [25/120] SLSQP ds2 r1000 N15 seed 33: loss 5.9400% feas True calls 6030 7.5s (elapsed 184s)
  [26/120] SLSQP ds2 r1000 N15 seed 43: loss 6.6785% feas True calls 6030 7.5s (elapsed 192s)
  [27/120] SLSQP ds2 r1000 N15 seed 53: loss 5.9213% feas True calls 6030 7.6s (elapsed 199s)
  [28/120] RSDVNS ds2 r1000 N15 seed 33: loss 5.0032% feas True calls 6030 7.9s (elapsed 207s)
  [29/120] RSDVNS ds2 r1000 N15 seed 43: loss 5.0787% feas True calls 6030 7.4s (elapsed 215s)
  [30/120] RSDVNS ds2 r1000 N15 seed 53: loss 4.9836% feas True calls 6030 7.8s (elapsed 222s)
  [31/120] PSOBV ds1 r750 N12 seed 33: loss 1.7282% feas True calls 6030 5.7s (elapsed 228s)
  [32/120] PSOBV ds1 r750 N12 seed 43: loss 2.3648% feas True calls 6030 5.7s (elapsed 234s)
  [33/120] PSOBV ds1 r750 N12 seed 53: loss 2.1654% feas True calls 6030 5.7s (elapsed 240s)
  [34/120] PSOC ds1 r750 N12 seed 33: loss 2.3091% feas True calls 6030 5.9s (elapsed 245s)
  [35/120] PSOC ds1 r750 N12 seed 43: loss 1.9970% feas True calls 6030 5.7s (elapsed 251s)
  [36/120] PSOC ds1 r750 N12 seed 53: loss 2.4145% feas True calls 6030 5.8s (elapsed 257s)
  [37/120] GA ds1 r750 N12 seed 33: loss 2.2151% feas True calls 6030 5.9s (elapsed 263s)
  [38/120] GA ds1 r750 N12 seed 43: loss 2.4294% feas True calls 6030 5.7s (elapsed 269s)
  [39/120] GA ds1 r750 N12 seed 53: loss 2.5484% feas True calls 6030 5.7s (elapsed 274s)
  [40/120] SLSQP ds1 r750 N12 seed 33: loss 2.4096% feas True calls 6030 5.8s (elapsed 280s)
  [41/120] SLSQP ds1 r750 N12 seed 43: loss 2.7553% feas True calls 6030 6.1s (elapsed 286s)
  [42/120] SLSQP ds1 r750 N12 seed 53: loss 2.7269% feas True calls 6030 6.1s (elapsed 292s)
  [43/120] RSDVNS ds1 r750 N12 seed 33: loss 2.1594% feas True calls 6030 6.3s (elapsed 299s)
  [44/120] RSDVNS ds1 r750 N12 seed 43: loss 2.3929% feas True calls 6030 6.1s (elapsed 305s)
  [45/120] RSDVNS ds1 r750 N12 seed 53: loss 2.2671% feas True calls 6030 5.9s (elapsed 310s)
  [46/120] PSOBV ds2 r750 N12 seed 33: loss 6.0478% feas True calls 6030 5.8s (elapsed 316s)
  [47/120] PSOBV ds2 r750 N12 seed 43: loss 5.4056% feas True calls 6030 5.8s (elapsed 322s)
  [48/120] PSOBV ds2 r750 N12 seed 53: loss 5.1825% feas True calls 6030 5.9s (elapsed 328s)
  [49/120] PSOC ds2 r750 N12 seed 33: loss 6.1616% feas True calls 6030 6.1s (elapsed 334s)
  [50/120] PSOC ds2 r750 N12 seed 43: loss 6.2070% feas True calls 6030 5.8s (elapsed 340s)
  [51/120] PSOC ds2 r750 N12 seed 53: loss 5.5580% feas True calls 6030 5.9s (elapsed 346s)
  [52/120] GA ds2 r750 N12 seed 33: loss 5.9613% feas True calls 6030 5.9s (elapsed 352s)
  [53/120] GA ds2 r750 N12 seed 43: loss 5.4597% feas True calls 6030 6.1s (elapsed 358s)
  [54/120] GA ds2 r750 N12 seed 53: loss 5.4720% feas True calls 6030 6.0s (elapsed 364s)
  [55/120] SLSQP ds2 r750 N12 seed 33: loss 6.7236% feas True calls 6030 6.0s (elapsed 370s)
  [56/120] SLSQP ds2 r750 N12 seed 43: loss 7.0021% feas True calls 6030 6.0s (elapsed 376s)
  [57/120] SLSQP ds2 r750 N12 seed 53: loss 7.5986% feas True calls 6030 6.1s (elapsed 382s)
  [58/120] RSDVNS ds2 r750 N12 seed 33: loss 6.0834% feas True calls 6030 6.3s (elapsed 388s)
  [59/120] RSDVNS ds2 r750 N12 seed 43: loss 5.6204% feas True calls 6030 6.2s (elapsed 395s)
  [60/120] RSDVNS ds2 r750 N12 seed 53: loss 5.7387% feas True calls 6030 6.4s (elapsed 401s)
  [61/120] PSOBV ds1 r500 N10 seed 33: loss 3.5544% feas True calls 6030 5.1s (elapsed 406s)
  [62/120] PSOBV ds1 r500 N10 seed 43: loss 4.9092% feas True calls 6030 4.9s (elapsed 411s)
  [63/120] PSOBV ds1 r500 N10 seed 53: loss 4.8715% feas True calls 6030 5.4s (elapsed 416s)
  [64/120] PSOC ds1 r500 N10 seed 33: loss 3.6411% feas True calls 6030 5.1s (elapsed 422s)
  [65/120] PSOC ds1 r500 N10 seed 43: loss 4.0194% feas True calls 6030 5.1s (elapsed 427s)
  [66/120] PSOC ds1 r500 N10 seed 53: loss 4.6044% feas True calls 6030 5.3s (elapsed 432s)
  [67/120] GA ds1 r500 N10 seed 33: loss 3.2413% feas True calls 6030 5.2s (elapsed 437s)
  [68/120] GA ds1 r500 N10 seed 43: loss 5.5518% feas True calls 6030 5.3s (elapsed 443s)
  [69/120] GA ds1 r500 N10 seed 53: loss 5.2432% feas True calls 6030 5.5s (elapsed 448s)
  [70/120] SLSQP ds1 r500 N10 seed 33: loss 3.6474% feas True calls 6030 5.6s (elapsed 454s)
  [71/120] SLSQP ds1 r500 N10 seed 43: loss 3.3286% feas True calls 6030 5.6s (elapsed 459s)
  [72/120] SLSQP ds1 r500 N10 seed 53: loss 3.2022% feas True calls 6030 5.8s (elapsed 465s)
  [73/120] RSDVNS ds1 r500 N10 seed 33: loss 3.6795% feas True calls 6030 5.6s (elapsed 471s)
  [74/120] RSDVNS ds1 r500 N10 seed 43: loss 4.3456% feas True calls 6030 6.2s (elapsed 477s)
  [75/120] RSDVNS ds1 r500 N10 seed 53: loss 5.8658% feas True calls 6030 5.7s (elapsed 483s)
  [76/120] PSOBV ds2 r500 N10 seed 33: loss 8.3711% feas True calls 6030 5.1s (elapsed 488s)
  [77/120] PSOBV ds2 r500 N10 seed 43: loss 10.6685% feas True calls 6030 5.2s (elapsed 493s)
  [78/120] PSOBV ds2 r500 N10 seed 53: loss 9.0574% feas True calls 6030 5.1s (elapsed 498s)
  [79/120] PSOC ds2 r500 N10 seed 33: loss 8.6833% feas True calls 6030 5.3s (elapsed 503s)
  [80/120] PSOC ds2 r500 N10 seed 43: loss 9.7670% feas True calls 6030 5.4s (elapsed 509s)
  [81/120] PSOC ds2 r500 N10 seed 53: loss 9.5443% feas True calls 6030 5.5s (elapsed 514s)
  [82/120] GA ds2 r500 N10 seed 33: loss 9.2415% feas True calls 6030 5.5s (elapsed 520s)
  [83/120] GA ds2 r500 N10 seed 43: loss 10.2521% feas True calls 6030 5.3s (elapsed 525s)
  [84/120] GA ds2 r500 N10 seed 53: loss 9.0742% feas True calls 6030 5.2s (elapsed 530s)
  [85/120] SLSQP ds2 r500 N10 seed 33: loss 9.5531% feas True calls 6030 5.6s (elapsed 536s)
rev3_fine shard 2/10: 120 runs, 85 already in rev3_fine_s2of10.csv, 35 to do; procs 1; python 3.11.15, numpy 2.4.6, scipy 1.17.1, pandas 3.0.6, cpu Intel(R) Xeon(R) Processor @ 2.10GHz, numpy SIMD AVX2,AVX512F,AVX512_SKX
  [1/35] SLSQP ds2 r500 N10 seed 43: loss 9.1818% feas True calls 6030 5.7s (elapsed 6s)
  [2/35] SLSQP ds2 r500 N10 seed 53: loss 9.6142% feas True calls 6030 5.7s (elapsed 11s)
  [3/35] RSDVNS ds2 r500 N10 seed 33: loss 8.9415% feas True calls 6030 5.8s (elapsed 17s)
  [4/35] RSDVNS ds2 r500 N10 seed 43: loss 9.8114% feas True calls 6030 6.0s (elapsed 23s)
  [5/35] RSDVNS ds2 r500 N10 seed 53: loss 11.6094% feas True calls 6030 5.9s (elapsed 29s)
  [6/35] PSOBV ds1 r750 N6 seed 33: loss 0.3823% feas True calls 6030 2.7s (elapsed 32s)
  [7/35] PSOBV ds1 r750 N6 seed 43: loss 0.2726% feas True calls 6030 2.7s (elapsed 34s)
  [8/35] PSOBV ds1 r750 N6 seed 53: loss 0.2845% feas True calls 6030 2.6s (elapsed 37s)
  [9/35] PSOC ds1 r750 N6 seed 33: loss 0.3825% feas True calls 6030 2.6s (elapsed 40s)
  [10/35] PSOC ds1 r750 N6 seed 43: loss 0.2809% feas True calls 6030 2.6s (elapsed 42s)
  [11/35] PSOC ds1 r750 N6 seed 53: loss 0.2952% feas True calls 6030 2.5s (elapsed 45s)
  [12/35] GA ds1 r750 N6 seed 33: loss 0.2995% feas True calls 6030 2.7s (elapsed 47s)
  [13/35] GA ds1 r750 N6 seed 43: loss 0.2912% feas True calls 6030 2.7s (elapsed 50s)
  [14/35] GA ds1 r750 N6 seed 53: loss 0.2980% feas True calls 6030 2.7s (elapsed 53s)
  [15/35] SLSQP ds1 r750 N6 seed 33: loss 0.6041% feas True calls 6030 3.0s (elapsed 56s)
  [16/35] SLSQP ds1 r750 N6 seed 43: loss 0.3994% feas True calls 6030 3.0s (elapsed 59s)
  [17/35] SLSQP ds1 r750 N6 seed 53: loss 0.5498% feas True calls 6030 3.1s (elapsed 62s)
  [18/35] RSDVNS ds1 r750 N6 seed 33: loss 0.2768% feas True calls 6030 2.7s (elapsed 65s)
  [19/35] RSDVNS ds1 r750 N6 seed 43: loss 0.4161% feas True calls 6030 2.7s (elapsed 67s)
  [20/35] RSDVNS ds1 r750 N6 seed 53: loss 0.4063% feas True calls 6030 2.7s (elapsed 70s)
  [21/35] PSOBV ds2 r750 N6 seed 33: loss 1.4259% feas True calls 6030 2.5s (elapsed 73s)
  [22/35] PSOBV ds2 r750 N6 seed 43: loss 1.3204% feas True calls 6030 2.5s (elapsed 75s)
  [23/35] PSOBV ds2 r750 N6 seed 53: loss 1.2535% feas True calls 6030 2.6s (elapsed 78s)
  [24/35] PSOC ds2 r750 N6 seed 33: loss 1.4468% feas True calls 6030 2.5s (elapsed 80s)
  [25/35] PSOC ds2 r750 N6 seed 43: loss 1.2507% feas True calls 6030 2.7s (elapsed 83s)
  [26/35] PSOC ds2 r750 N6 seed 53: loss 1.2845% feas True calls 6030 2.7s (elapsed 86s)
  [27/35] GA ds2 r750 N6 seed 33: loss 1.3637% feas True calls 6030 2.8s (elapsed 88s)
  [28/35] GA ds2 r750 N6 seed 43: loss 1.4552% feas True calls 6030 2.8s (elapsed 91s)
  [29/35] GA ds2 r750 N6 seed 53: loss 1.8308% feas True calls 6030 2.8s (elapsed 94s)
  [30/35] SLSQP ds2 r750 N6 seed 33: loss 2.5739% feas True calls 6030 3.4s (elapsed 97s)
  [31/35] SLSQP ds2 r750 N6 seed 43: loss 1.9915% feas True calls 6030 3.2s (elapsed 101s)
  [32/35] SLSQP ds2 r750 N6 seed 53: loss 2.3228% feas True calls 6030 3.0s (elapsed 104s)
  [33/35] RSDVNS ds2 r750 N6 seed 33: loss 1.3996% feas True calls 6030 2.8s (elapsed 107s)
  [34/35] RSDVNS ds2 r750 N6 seed 43: loss 1.3163% feas True calls 6030 2.9s (elapsed 109s)
  [35/35] RSDVNS ds2 r750 N6 seed 53: loss 1.3222% feas True calls 6030 2.9s (elapsed 112s)
rev3_fine shard 2/10 done: 35 runs in 112 s
