rev3_fine shard 1/10: 120 runs, 0 already in rev3_fine_s1of10.csv, 120 to do; procs 1; python 3.11.15, numpy 2.4.6, scipy 1.17.1, pandas 3.0.6, cpu Intel(R) Xeon(R) Processor @ 2.10GHz, numpy SIMD AVX2,AVX512F,AVX512_SKX
  [1/120] PSOBV ds1 r1000 N15 seed 32: loss 1.8739% feas True calls 6030 6.5s (elapsed 6s)
  [2/120] PSOBV ds1 r1000 N15 seed 42: loss 1.9437% feas True calls 6030 6.4s (elapsed 13s)
  [3/120] PSOBV ds1 r1000 N15 seed 52: loss 1.9951% feas True calls 6030 6.8s (elapsed 20s)
  [4/120] PSOC ds1 r1000 N15 seed 32: loss 2.0396% feas True calls 6030 6.7s (elapsed 26s)
  [5/120] PSOC ds1 r1000 N15 seed 42: loss 2.1358% feas True calls 6030 6.9s (elapsed 33s)
  [6/120] PSOC ds1 r1000 N15 seed 52: loss 2.0997% feas True calls 6030 6.8s (elapsed 40s)
  [7/120] GA ds1 r1000 N15 seed 32: loss 1.7998% feas True calls 6030 7.0s (elapsed 47s)
  [8/120] GA ds1 r1000 N15 seed 42: loss 1.9018% feas True calls 6030 6.9s (elapsed 54s)
  [9/120] GA ds1 r1000 N15 seed 52: loss 1.9642% feas True calls 6030 6.7s (elapsed 61s)
  [10/120] SLSQP ds1 r1000 N15 seed 32: loss 2.2325% feas True calls 6030 6.7s (elapsed 67s)
  [11/120] SLSQP ds1 r1000 N15 seed 42: loss 2.0177% feas True calls 6030 6.6s (elapsed 74s)
  [12/120] SLSQP ds1 r1000 N15 seed 52: loss 2.4645% feas True calls 6030 6.9s (elapsed 81s)
  [13/120] RSDVNS ds1 r1000 N15 seed 32: loss 1.9789% feas True calls 6030 7.0s (elapsed 88s)
  [14/120] RSDVNS ds1 r1000 N15 seed 42: loss 2.0650% feas True calls 6030 7.0s (elapsed 95s)
  [15/120] RSDVNS ds1 r1000 N15 seed 52: loss 1.8737% feas True calls 6030 7.0s (elapsed 102s)
  [16/120] PSOBV ds2 r1000 N15 seed 32: loss 4.8244% feas True calls 6030 6.7s (elapsed 108s)
  [17/120] PSOBV ds2 r1000 N15 seed 42: loss 4.7366% feas True calls 6030 6.4s (elapsed 115s)
  [18/120] PSOBV ds2 r1000 N15 seed 52: loss 4.5573% feas True calls 6030 6.6s (elapsed 121s)
  [19/120] PSOC ds2 r1000 N15 seed 32: loss 4.7604% feas True calls 6030 6.7s (elapsed 128s)
  [20/120] PSOC ds2 r1000 N15 seed 42: loss 5.0214% feas True calls 6030 6.6s (elapsed 135s)
  [21/120] PSOC ds2 r1000 N15 seed 52: loss 5.0767% feas True calls 6030 6.8s (elapsed 142s)
  [22/120] GA ds2 r1000 N15 seed 32: loss 4.5277% feas True calls 6030 6.6s (elapsed 148s)
  [23/120] GA ds2 r1000 N15 seed 42: loss 4.5833% feas True calls 6030 6.6s (elapsed 155s)
  [24/120] GA ds2 r1000 N15 seed 52: loss 4.7578% feas True calls 6030 6.4s (elapsed 161s)
  [25/120] SLSQP ds2 r1000 N15 seed 32: loss 6.7007% feas True calls 6030 7.5s (elapsed 169s)
  [26/120] SLSQP ds2 r1000 N15 seed 42: loss 6.4720% feas True calls 6030 7.0s (elapsed 176s)
  [27/120] SLSQP ds2 r1000 N15 seed 52: loss 6.4653% feas True calls 6030 6.8s (elapsed 182s)
  [28/120] RSDVNS ds2 r1000 N15 seed 32: loss 4.5652% feas True calls 6030 6.9s (elapsed 189s)
  [29/120] RSDVNS ds2 r1000 N15 seed 42: loss 4.9627% feas True calls 6030 6.7s (elapsed 196s)
  [30/120] RSDVNS ds2 r1000 N15 seed 52: loss 5.4389% feas True calls 6030 7.2s (elapsed 203s)
  [31/120] PSOBV ds1 r750 N12 seed 32: loss 2.1303% feas True calls 6030 5.2s (elapsed 208s)
  [32/120] PSOBV ds1 r750 N12 seed 42: loss 1.6283% feas True calls 6030 5.0s (elapsed 213s)
  [33/120] PSOBV ds1 r750 N12 seed 52: loss 2.1681% feas True calls 6030 5.2s (elapsed 219s)
  [34/120] PSOC ds1 r750 N12 seed 32: loss 2.4961% feas True calls 6030 5.3s (elapsed 224s)
  [35/120] PSOC ds1 r750 N12 seed 42: loss 2.0324% feas True calls 6030 5.6s (elapsed 229s)
  [36/120] PSOC ds1 r750 N12 seed 52: loss 2.4805% feas True calls 6030 5.6s (elapsed 235s)
  [37/120] GA ds1 r750 N12 seed 32: loss 1.8359% feas True calls 6030 5.5s (elapsed 240s)
  [38/120] GA ds1 r750 N12 seed 42: loss 2.3207% feas True calls 6030 5.3s (elapsed 246s)
  [39/120] GA ds1 r750 N12 seed 52: loss 2.3181% feas True calls 6030 5.4s (elapsed 251s)
  [40/120] SLSQP ds1 r750 N12 seed 32: loss 2.9185% feas True calls 6030 5.8s (elapsed 257s)
  [41/120] SLSQP ds1 r750 N12 seed 42: loss 2.7910% feas True calls 6030 5.7s (elapsed 263s)
  [42/120] SLSQP ds1 r750 N12 seed 52: loss 3.1719% feas True calls 6030 5.5s (elapsed 268s)
  [43/120] RSDVNS ds1 r750 N12 seed 32: loss 2.1033% feas True calls 6030 5.6s (elapsed 274s)
  [44/120] RSDVNS ds1 r750 N12 seed 42: loss 2.4874% feas True calls 6030 5.7s (elapsed 280s)
  [45/120] RSDVNS ds1 r750 N12 seed 52: loss 2.1127% feas True calls 6030 5.8s (elapsed 285s)
  [46/120] PSOBV ds2 r750 N12 seed 32: loss 5.7577% feas True calls 6030 5.3s (elapsed 291s)
  [47/120] PSOBV ds2 r750 N12 seed 42: loss 5.9447% feas True calls 6030 5.4s (elapsed 296s)
  [48/120] PSOBV ds2 r750 N12 seed 52: loss 5.3814% feas True calls 6030 5.1s (elapsed 301s)
  [49/120] PSOC ds2 r750 N12 seed 32: loss 6.0086% feas True calls 6030 5.3s (elapsed 307s)
  [50/120] PSOC ds2 r750 N12 seed 42: loss 5.9266% feas True calls 6030 5.1s (elapsed 312s)
  [51/120] PSOC ds2 r750 N12 seed 52: loss 5.8637% feas True calls 6030 5.3s (elapsed 317s)
  [52/120] GA ds2 r750 N12 seed 32: loss 5.5543% feas True calls 6030 5.6s (elapsed 323s)
  [53/120] GA ds2 r750 N12 seed 42: loss 5.7207% feas True calls 6030 5.6s (elapsed 328s)
  [54/120] GA ds2 r750 N12 seed 52: loss 5.8896% feas True calls 6030 5.3s (elapsed 333s)
  [55/120] SLSQP ds2 r750 N12 seed 32: loss 7.5198% feas True calls 6030 5.5s (elapsed 339s)
  [56/120] SLSQP ds2 r750 N12 seed 42: loss 6.8584% feas True calls 6030 5.6s (elapsed 345s)
  [57/120] SLSQP ds2 r750 N12 seed 52: loss 7.0820% feas True calls 6030 5.9s (elapsed 350s)
  [58/120] RSDVNS ds2 r750 N12 seed 32: loss 5.8691% feas True calls 6030 5.7s (elapsed 356s)
  [59/120] RSDVNS ds2 r750 N12 seed 42: loss 8.1027% feas True calls 6030 5.7s (elapsed 362s)
  [60/120] RSDVNS ds2 r750 N12 seed 52: loss 5.8713% feas True calls 6030 5.7s (elapsed 368s)
  [61/120] PSOBV ds1 r500 N10 seed 32: loss 3.6944% feas True calls 6030 4.6s (elapsed 372s)
  [62/120] PSOBV ds1 r500 N10 seed 42: loss 3.5913% feas True calls 6030 4.6s (elapsed 377s)
  [63/120] PSOBV ds1 r500 N10 seed 52: loss 3.9268% feas True calls 6030 5.2s (elapsed 382s)
  [64/120] PSOC ds1 r500 N10 seed 32: loss 3.7705% feas True calls 6030 4.7s (elapsed 387s)
  [65/120] PSOC ds1 r500 N10 seed 42: loss 3.6469% feas True calls 6030 4.5s (elapsed 391s)
  [66/120] PSOC ds1 r500 N10 seed 52: loss 3.6815% feas True calls 6030 4.6s (elapsed 396s)
  [67/120] GA ds1 r500 N10 seed 32: loss 5.9524% feas True calls 6030 4.8s (elapsed 401s)
  [68/120] GA ds1 r500 N10 seed 42: loss 4.1665% feas True calls 6030 4.7s (elapsed 405s)
  [69/120] GA ds1 r500 N10 seed 52: loss 5.5391% feas True calls 6030 4.9s (elapsed 410s)
  [70/120] SLSQP ds1 r500 N10 seed 32: loss 3.6888% feas True calls 6030 4.7s (elapsed 415s)
  [71/120] SLSQP ds1 r500 N10 seed 42: loss 3.4856% feas True calls 6030 4.8s (elapsed 420s)
  [72/120] SLSQP ds1 r500 N10 seed 52: loss 4.5788% feas True calls 6030 5.1s (elapsed 425s)
  [73/120] RSDVNS ds1 r500 N10 seed 32: loss 3.3341% feas True calls 6030 4.9s (elapsed 430s)
  [74/120] RSDVNS ds1 r500 N10 seed 42: loss 3.3737% feas True calls 6030 4.9s (elapsed 435s)
  [75/120] RSDVNS ds1 r500 N10 seed 52: loss 3.3406% feas True calls 6030 5.1s (elapsed 440s)
  [76/120] PSOBV ds2 r500 N10 seed 32: loss 8.9457% feas True calls 6030 4.3s (elapsed 444s)
  [77/120] PSOBV ds2 r500 N10 seed 42: loss 9.1169% feas True calls 6030 4.4s (elapsed 448s)
  [78/120] PSOBV ds2 r500 N10 seed 52: loss 9.0151% feas True calls 6030 4.7s (elapsed 453s)
  [79/120] PSOC ds2 r500 N10 seed 32: loss 8.8363% feas True calls 6030 4.4s (elapsed 458s)
  [80/120] PSOC ds2 r500 N10 seed 42: loss 9.7285% feas True calls 6030 4.5s (elapsed 462s)
  [81/120] PSOC ds2 r500 N10 seed 52: loss 8.9634% feas True calls 6030 4.9s (elapsed 467s)
  [82/120] GA ds2 r500 N10 seed 32: loss 9.1193% feas True calls 6030 5.0s (elapsed 472s)
  [83/120] GA ds2 r500 N10 seed 42: loss 9.1192% feas True calls 6030 4.7s (elapsed 477s)
  [84/120] GA ds2 r500 N10 seed 52: loss 9.0716% feas True calls 6030 4.7s (elapsed 481s)
  [85/120] SLSQP ds2 r500 N10 seed 32: loss 8.6024% feas True calls 6030 5.1s (elapsed 486s)
  [86/120] SLSQP ds2 r500 N10 seed 42: loss 9.1448% feas True calls 6030 5.3s (elapsed 492s)
  [87/120] SLSQP ds2 r500 N10 seed 52: loss 8.9613% feas True calls 6030 4.8s (elapsed 496s)
  [88/120] RSDVNS ds2 r500 N10 seed 32: loss 9.6136% feas True calls 6030 5.1s (elapsed 502s)
  [89/120] RSDVNS ds2 r500 N10 seed 42: loss 9.3629% feas True calls 6030 5.0s (elapsed 507s)
  [90/120] RSDVNS ds2 r500 N10 seed 52: loss 9.2359% feas True calls 6030 5.1s (elapsed 512s)
  [91/120] PSOBV ds1 r750 N6 seed 32: loss 0.2677% feas True calls 6030 2.2s (elapsed 514s)
  [92/120] PSOBV ds1 r750 N6 seed 42: loss 0.2731% feas True calls 6030 2.2s (elapsed 516s)
  [93/120] PSOBV ds1 r750 N6 seed 52: loss 0.2997% feas True calls 6030 2.3s (elapsed 518s)
  [94/120] PSOC ds1 r750 N6 seed 32: loss 0.2606% feas True calls 6030 2.2s (elapsed 521s)
  [95/120] PSOC ds1 r750 N6 seed 42: loss 0.2950% feas True calls 6030 2.3s (elapsed 523s)
  [96/120] PSOC ds1 r750 N6 seed 52: loss 0.3119% feas True calls 6030 2.4s (elapsed 525s)
  [97/120] GA ds1 r750 N6 seed 32: loss 0.3134% feas True calls 6030 2.5s (elapsed 528s)
  [98/120] GA ds1 r750 N6 seed 42: loss 0.3020% feas True calls 6030 2.6s (elapsed 530s)
  [99/120] GA ds1 r750 N6 seed 52: loss 0.2808% feas True calls 6030 2.4s (elapsed 533s)
  [100/120] SLSQP ds1 r750 N6 seed 32: loss 0.6127% feas True calls 6030 2.7s (elapsed 536s)
  [101/120] SLSQP ds1 r750 N6 seed 42: loss 0.5104% feas True calls 6030 2.7s (elapsed 538s)
rev3_fine shard 1/10: 120 runs, 101 already in rev3_fine_s1of10.csv, 19 to do; procs 1; python 3.11.15, numpy 2.4.6, scipy 1.17.1, pandas 3.0.6, cpu Intel(R) Xeon(R) Processor @ 2.10GHz, numpy SIMD AVX2,AVX512F,AVX512_SKX
  [1/19] SLSQP ds1 r750 N6 seed 52: loss 0.7292% feas True calls 6030 2.7s (elapsed 3s)
  [2/19] RSDVNS ds1 r750 N6 seed 32: loss 0.3680% feas True calls 6030 2.5s (elapsed 5s)
  [3/19] RSDVNS ds1 r750 N6 seed 42: loss 0.3469% feas True calls 6030 2.5s (elapsed 8s)
  [4/19] RSDVNS ds1 r750 N6 seed 52: loss 0.3279% feas True calls 6030 2.4s (elapsed 10s)
  [5/19] PSOBV ds2 r750 N6 seed 32: loss 1.3948% feas True calls 6030 2.3s (elapsed 12s)
  [6/19] PSOBV ds2 r750 N6 seed 42: loss 1.4164% feas True calls 6030 2.4s (elapsed 15s)
  [7/19] PSOBV ds2 r750 N6 seed 52: loss 1.4704% feas True calls 6030 2.4s (elapsed 17s)
  [8/19] PSOC ds2 r750 N6 seed 32: loss 1.4181% feas True calls 6030 2.4s (elapsed 20s)
  [9/19] PSOC ds2 r750 N6 seed 42: loss 1.4468% feas True calls 6030 2.3s (elapsed 22s)
  [10/19] PSOC ds2 r750 N6 seed 52: loss 1.4971% feas True calls 6030 2.3s (elapsed 24s)
  [11/19] GA ds2 r750 N6 seed 32: loss 1.3320% feas True calls 6030 2.3s (elapsed 27s)
  [12/19] GA ds2 r750 N6 seed 42: loss 1.5591% feas True calls 6030 2.4s (elapsed 29s)
  [13/19] GA ds2 r750 N6 seed 52: loss 1.3526% feas True calls 6030 2.4s (elapsed 31s)
  [14/19] SLSQP ds2 r750 N6 seed 32: loss 2.1065% feas True calls 6030 2.6s (elapsed 34s)
  [15/19] SLSQP ds2 r750 N6 seed 42: loss 2.1133% feas True calls 6030 2.5s (elapsed 36s)
  [16/19] SLSQP ds2 r750 N6 seed 52: loss 2.3778% feas True calls 6030 2.7s (elapsed 39s)
  [17/19] RSDVNS ds2 r750 N6 seed 32: loss 1.5252% feas True calls 6030 2.5s (elapsed 42s)
  [18/19] RSDVNS ds2 r750 N6 seed 42: loss 1.4610% feas True calls 6030 2.7s (elapsed 44s)
  [19/19] RSDVNS ds2 r750 N6 seed 52: loss 1.4586% feas True calls 6030 2.4s (elapsed 47s)
rev3_fine shard 1/10 done: 19 runs in 47 s
