rev3_fine shard 7/10: 120 runs, 0 already in rev3_fine_s7of10.csv, 120 to do; procs 1; python 3.11.15, numpy 2.4.6, scipy 1.17.1, pandas 3.0.6, cpu Intel(R) Xeon(R) Processor @ 2.10GHz, numpy SIMD AVX2,AVX512F,AVX512_SKX
  [1/120] PSOBV ds1 r1000 N15 seed 38: loss 2.0604% feas True calls 6030 7.2s (elapsed 7s)
  [2/120] PSOBV ds1 r1000 N15 seed 48: loss 1.8975% feas True calls 6030 7.1s (elapsed 14s)
  [3/120] PSOBV ds1 r1000 N15 seed 58: loss 1.6587% feas True calls 6030 5.8s (elapsed 20s)
  [4/120] PSOC ds1 r1000 N15 seed 38: loss 2.1422% feas True calls 6030 6.8s (elapsed 27s)
  [5/120] PSOC ds1 r1000 N15 seed 48: loss 1.9716% feas True calls 6030 7.1s (elapsed 34s)
  [6/120] PSOC ds1 r1000 N15 seed 58: loss 1.9458% feas True calls 6030 7.1s (elapsed 41s)
  [7/120] GA ds1 r1000 N15 seed 38: loss 1.9748% feas True calls 6030 7.4s (elapsed 49s)
  [8/120] GA ds1 r1000 N15 seed 48: loss 2.0036% feas True calls 6030 6.4s (elapsed 55s)
  [9/120] GA ds1 r1000 N15 seed 58: loss 2.2154% feas True calls 6030 6.3s (elapsed 61s)
  [10/120] SLSQP ds1 r1000 N15 seed 38: loss 2.6071% feas True calls 6030 7.7s (elapsed 69s)
  [11/120] SLSQP ds1 r1000 N15 seed 48: loss 2.7270% feas True calls 6030 6.9s (elapsed 76s)
  [12/120] SLSQP ds1 r1000 N15 seed 58: loss 2.7786% feas True calls 6030 7.5s (elapsed 83s)
  [13/120] RSDVNS ds1 r1000 N15 seed 38: loss 2.0347% feas True calls 6030 8.2s (elapsed 91s)
  [14/120] RSDVNS ds1 r1000 N15 seed 48: loss 1.7386% feas True calls 6030 8.1s (elapsed 100s)
  [15/120] RSDVNS ds1 r1000 N15 seed 58: loss 1.7795% feas True calls 6030 7.8s (elapsed 107s)
  [16/120] PSOBV ds2 r1000 N15 seed 38: loss 5.6616% feas True calls 6030 7.4s (elapsed 115s)
  [17/120] PSOBV ds2 r1000 N15 seed 48: loss 4.7315% feas True calls 6030 6.1s (elapsed 121s)
  [18/120] PSOBV ds2 r1000 N15 seed 58: loss 4.5900% feas True calls 6030 6.7s (elapsed 128s)
  [19/120] PSOC ds2 r1000 N15 seed 38: loss 5.4841% feas True calls 6030 7.6s (elapsed 135s)
  [20/120] PSOC ds2 r1000 N15 seed 48: loss 5.2338% feas True calls 6030 7.7s (elapsed 143s)
  [21/120] PSOC ds2 r1000 N15 seed 58: loss 5.0435% feas True calls 6030 7.3s (elapsed 150s)
  [22/120] GA ds2 r1000 N15 seed 38: loss 5.5719% feas True calls 6030 7.4s (elapsed 158s)
  [23/120] GA ds2 r1000 N15 seed 48: loss 4.7186% feas True calls 6030 7.3s (elapsed 165s)
  [24/120] GA ds2 r1000 N15 seed 58: loss 6.0071% feas True calls 6030 7.3s (elapsed 172s)
  [25/120] SLSQP ds2 r1000 N15 seed 38: loss 6.6099% feas True calls 6030 7.7s (elapsed 180s)
  [26/120] SLSQP ds2 r1000 N15 seed 48: loss 5.9254% feas True calls 6030 7.4s (elapsed 187s)
  [27/120] SLSQP ds2 r1000 N15 seed 58: loss 6.1143% feas True calls 6030 7.7s (elapsed 195s)
  [28/120] RSDVNS ds2 r1000 N15 seed 38: loss 5.0503% feas True calls 6030 6.6s (elapsed 201s)
  [29/120] RSDVNS ds2 r1000 N15 seed 48: loss 4.8609% feas True calls 6030 6.9s (elapsed 208s)
  [30/120] RSDVNS ds2 r1000 N15 seed 58: loss 4.9725% feas True calls 6030 8.0s (elapsed 216s)
  [31/120] PSOBV ds1 r750 N12 seed 38: loss 2.1514% feas True calls 6030 4.8s (elapsed 221s)
  [32/120] PSOBV ds1 r750 N12 seed 48: loss 2.3613% feas True calls 6030 4.9s (elapsed 226s)
  [33/120] PSOBV ds1 r750 N12 seed 58: loss 1.9814% feas True calls 6030 5.2s (elapsed 231s)
  [34/120] PSOC ds1 r750 N12 seed 38: loss 2.0003% feas True calls 6030 5.9s (elapsed 237s)
  [35/120] PSOC ds1 r750 N12 seed 48: loss 2.1003% feas True calls 6030 5.9s (elapsed 243s)
  [36/120] PSOC ds1 r750 N12 seed 58: loss 2.3898% feas True calls 6030 5.2s (elapsed 248s)
  [37/120] GA ds1 r750 N12 seed 38: loss 2.3353% feas True calls 6030 4.7s (elapsed 253s)
  [38/120] GA ds1 r750 N12 seed 48: loss 2.5831% feas True calls 6030 4.8s (elapsed 258s)
  [39/120] GA ds1 r750 N12 seed 58: loss 1.8034% feas True calls 6030 4.8s (elapsed 263s)
  [40/120] SLSQP ds1 r750 N12 seed 38: loss 2.4810% feas True calls 6030 6.6s (elapsed 269s)
  [41/120] SLSQP ds1 r750 N12 seed 48: loss 2.6408% feas True calls 6030 5.8s (elapsed 275s)
  [42/120] SLSQP ds1 r750 N12 seed 58: loss 3.1389% feas True calls 6030 6.2s (elapsed 281s)
  [43/120] RSDVNS ds1 r750 N12 seed 38: loss 2.2867% feas True calls 6030 5.3s (elapsed 287s)
  [44/120] RSDVNS ds1 r750 N12 seed 48: loss 2.2652% feas True calls 6030 5.7s (elapsed 292s)
  [45/120] RSDVNS ds1 r750 N12 seed 58: loss 2.6035% feas True calls 6030 6.2s (elapsed 298s)
  [46/120] PSOBV ds2 r750 N12 seed 38: loss 5.4142% feas True calls 6030 5.6s (elapsed 304s)
  [47/120] PSOBV ds2 r750 N12 seed 48: loss 5.8319% feas True calls 6030 5.4s (elapsed 309s)
  [48/120] PSOBV ds2 r750 N12 seed 58: loss 5.1643% feas True calls 6030 5.9s (elapsed 315s)
  [49/120] PSOC ds2 r750 N12 seed 38: loss 5.7375% feas True calls 6030 5.2s (elapsed 321s)
  [50/120] PSOC ds2 r750 N12 seed 48: loss 5.7622% feas True calls 6030 5.3s (elapsed 326s)
  [51/120] PSOC ds2 r750 N12 seed 58: loss 5.4580% feas True calls 6030 6.3s (elapsed 332s)
  [52/120] GA ds2 r750 N12 seed 38: loss 6.1221% feas True calls 6030 6.0s (elapsed 338s)
  [53/120] GA ds2 r750 N12 seed 48: loss 6.0895% feas True calls 6030 6.3s (elapsed 344s)
  [54/120] GA ds2 r750 N12 seed 58: loss 6.3444% feas True calls 6030 5.9s (elapsed 350s)
  [55/120] SLSQP ds2 r750 N12 seed 38: loss 6.8410% feas True calls 6030 5.2s (elapsed 356s)
  [56/120] SLSQP ds2 r750 N12 seed 48: loss 6.7597% feas True calls 6030 6.0s (elapsed 362s)
  [57/120] SLSQP ds2 r750 N12 seed 58: loss 7.3271% feas True calls 6030 6.6s (elapsed 368s)
  [58/120] RSDVNS ds2 r750 N12 seed 38: loss 6.2991% feas True calls 6030 6.2s (elapsed 374s)
  [59/120] RSDVNS ds2 r750 N12 seed 48: loss 6.2279% feas True calls 6030 6.1s (elapsed 380s)
  [60/120] RSDVNS ds2 r750 N12 seed 58: loss 6.8570% feas True calls 6030 6.6s (elapsed 387s)
  [61/120] PSOBV ds1 r500 N10 seed 38: loss 3.6656% feas True calls 6030 4.4s (elapsed 391s)
  [62/120] PSOBV ds1 r500 N10 seed 48: loss 3.1612% feas True calls 6030 4.5s (elapsed 396s)
  [63/120] PSOBV ds1 r500 N10 seed 58: loss 3.5953% feas True calls 6030 4.2s (elapsed 400s)
  [64/120] PSOC ds1 r500 N10 seed 38: loss 5.4235% feas True calls 6030 4.2s (elapsed 404s)
  [65/120] PSOC ds1 r500 N10 seed 48: loss 3.4908% feas True calls 6030 4.2s (elapsed 409s)
  [66/120] PSOC ds1 r500 N10 seed 58: loss 3.3304% feas True calls 6030 4.1s (elapsed 413s)
  [67/120] GA ds1 r500 N10 seed 38: loss 7.4921% feas True calls 6030 5.4s (elapsed 418s)
  [68/120] GA ds1 r500 N10 seed 48: loss 6.9244% feas False calls 6030 4.3s (elapsed 422s)
  [69/120] GA ds1 r500 N10 seed 58: loss 5.4768% feas True calls 6030 4.2s (elapsed 427s)
  [70/120] SLSQP ds1 r500 N10 seed 38: loss 2.8406% feas True calls 6030 4.3s (elapsed 431s)
  [71/120] SLSQP ds1 r500 N10 seed 48: loss 3.7537% feas True calls 6030 4.3s (elapsed 435s)
  [72/120] SLSQP ds1 r500 N10 seed 58: loss 4.2236% feas True calls 6030 5.8s (elapsed 441s)
  [73/120] RSDVNS ds1 r500 N10 seed 38: loss 3.9915% feas True calls 6030 5.8s (elapsed 447s)
  [74/120] RSDVNS ds1 r500 N10 seed 48: loss 4.1500% feas True calls 6030 5.7s (elapsed 452s)
  [75/120] RSDVNS ds1 r500 N10 seed 58: loss 4.9330% feas True calls 6030 5.9s (elapsed 458s)
  [76/120] PSOBV ds2 r500 N10 seed 38: loss 8.7964% feas True calls 6030 5.4s (elapsed 464s)
  [77/120] PSOBV ds2 r500 N10 seed 48: loss 9.1703% feas True calls 6030 4.8s (elapsed 469s)
  [78/120] PSOBV ds2 r500 N10 seed 58: loss 8.5680% feas True calls 6030 5.0s (elapsed 474s)
  [79/120] PSOC ds2 r500 N10 seed 38: loss 10.1065% feas True calls 6030 5.4s (elapsed 479s)
  [80/120] PSOC ds2 r500 N10 seed 48: loss 9.1442% feas True calls 6030 4.4s (elapsed 483s)
  [81/120] PSOC ds2 r500 N10 seed 58: loss 8.6520% feas True calls 6030 4.2s (elapsed 488s)
  [82/120] GA ds2 r500 N10 seed 38: loss 10.2945% feas True calls 6030 5.6s (elapsed 493s)
  [83/120] GA ds2 r500 N10 seed 48: loss 10.9869% feas False calls 6030 4.3s (elapsed 498s)
  [84/120] GA ds2 r500 N10 seed 58: loss 9.1343% feas True calls 6030 4.3s (elapsed 502s)
  [85/120] SLSQP ds2 r500 N10 seed 38: loss 9.1786% feas True calls 6030 4.6s (elapsed 506s)
  [86/120] SLSQP ds2 r500 N10 seed 48: loss 9.0152% feas True calls 6030 5.3s (elapsed 512s)
  [87/120] SLSQP ds2 r500 N10 seed 58: loss 9.3350% feas True calls 6030 4.6s (elapsed 516s)
  [88/120] RSDVNS ds2 r500 N10 seed 38: loss 10.3536% feas True calls 6030 4.6s (elapsed 521s)
  [89/120] RSDVNS ds2 r500 N10 seed 48: loss 10.2165% feas True calls 6030 5.1s (elapsed 526s)
  [90/120] RSDVNS ds2 r500 N10 seed 58: loss 9.7984% feas True calls 6030 5.3s (elapsed 531s)
  [91/120] PSOBV ds1 r750 N6 seed 38: loss 0.2596% feas True calls 6030 1.8s (elapsed 533s)
  [92/120] PSOBV ds1 r750 N6 seed 48: loss 0.2748% feas True calls 6030 2.1s (elapsed 535s)
  [93/120] PSOBV ds1 r750 N6 seed 58: loss 0.3012% feas True calls 6030 1.8s (elapsed 537s)
rev3_fine shard 7/10: 120 runs, 93 already in rev3_fine_s7of10.csv, 27 to do; procs 1; python 3.11.15, numpy 2.4.6, scipy 1.17.1, pandas 3.0.6, cpu Intel(R) Xeon(R) Processor @ 2.10GHz, numpy SIMD AVX2,AVX512F,AVX512_SKX
  [1/27] PSOC ds1 r750 N6 seed 38: loss 0.2645% feas True calls 6030 2.3s (elapsed 2s)
  [2/27] PSOC ds1 r750 N6 seed 48: loss 0.2811% feas True calls 6030 2.0s (elapsed 4s)
  [3/27] PSOC ds1 r750 N6 seed 58: loss 0.3084% feas True calls 6030 1.9s (elapsed 6s)
  [4/27] GA ds1 r750 N6 seed 38: loss 0.3481% feas True calls 6030 2.0s (elapsed 8s)
  [5/27] GA ds1 r750 N6 seed 48: loss 0.3208% feas True calls 6030 2.6s (elapsed 11s)
  [6/27] GA ds1 r750 N6 seed 58: loss 0.3476% feas True calls 6030 2.3s (elapsed 13s)
  [7/27] SLSQP ds1 r750 N6 seed 38: loss 0.8864% feas True calls 6030 2.4s (elapsed 16s)
  [8/27] SLSQP ds1 r750 N6 seed 48: loss 0.5584% feas True calls 6030 2.5s (elapsed 18s)
  [9/27] SLSQP ds1 r750 N6 seed 58: loss 0.8444% feas True calls 6030 2.2s (elapsed 20s)
  [10/27] RSDVNS ds1 r750 N6 seed 38: loss 0.2705% feas True calls 6030 2.1s (elapsed 22s)
  [11/27] RSDVNS ds1 r750 N6 seed 48: loss 0.2635% feas True calls 6030 2.0s (elapsed 24s)
  [12/27] RSDVNS ds1 r750 N6 seed 58: loss 0.2711% feas True calls 6030 2.0s (elapsed 26s)
  [13/27] PSOBV ds2 r750 N6 seed 38: loss 1.3357% feas True calls 6030 1.9s (elapsed 28s)
  [14/27] PSOBV ds2 r750 N6 seed 48: loss 1.4029% feas True calls 6030 1.8s (elapsed 30s)
  [15/27] PSOBV ds2 r750 N6 seed 58: loss 1.4586% feas True calls 6030 1.9s (elapsed 32s)
  [16/27] PSOC ds2 r750 N6 seed 38: loss 1.3238% feas True calls 6030 1.9s (elapsed 34s)
  [17/27] PSOC ds2 r750 N6 seed 48: loss 1.3946% feas True calls 6030 1.8s (elapsed 36s)
  [18/27] PSOC ds2 r750 N6 seed 58: loss 1.4660% feas True calls 6030 1.9s (elapsed 38s)
  [19/27] GA ds2 r750 N6 seed 38: loss 1.7240% feas True calls 6030 2.1s (elapsed 40s)
  [20/27] GA ds2 r750 N6 seed 48: loss 1.5182% feas True calls 6030 2.5s (elapsed 42s)
  [21/27] GA ds2 r750 N6 seed 58: loss 1.4105% feas True calls 6030 2.4s (elapsed 45s)
  [22/27] SLSQP ds2 r750 N6 seed 38: loss 2.5330% feas True calls 6030 2.4s (elapsed 47s)
  [23/27] SLSQP ds2 r750 N6 seed 48: loss 2.4390% feas True calls 6030 2.8s (elapsed 50s)
  [24/27] SLSQP ds2 r750 N6 seed 58: loss 2.4621% feas True calls 6030 2.8s (elapsed 53s)
  [25/27] RSDVNS ds2 r750 N6 seed 38: loss 1.5651% feas True calls 6030 2.2s (elapsed 55s)
  [26/27] RSDVNS ds2 r750 N6 seed 48: loss 1.3358% feas True calls 6030 2.3s (elapsed 57s)
  [27/27] RSDVNS ds2 r750 N6 seed 58: loss 1.3376% feas True calls 6030 2.0s (elapsed 59s)
rev3_fine shard 7/10 done: 27 runs in 59 s
rev3_fine shard 7/10: 120 runs, 120 already in rev3_fine_s7of10.csv, 0 to do; procs 1; python 3.11.15, numpy 2.4.6, scipy 1.17.1, pandas 3.0.6, cpu Intel(R) Xeon(R) Processor @ 2.10GHz, numpy SIMD AVX2,AVX512F,AVX512_SKX
rev3_fine shard 7/10 done: 0 runs in 0 s
