rev3_fine shard 4/10: 120 runs, 0 already in rev3_fine_s4of10.csv, 120 to do; procs 1; python 3.11.15, numpy 2.4.6, scipy 1.17.1, pandas 3.0.6, cpu Intel(R) Xeon(R) Processor @ 2.10GHz, numpy SIMD AVX2,AVX512F,AVX512_SKX
  [1/120] PSOBV ds1 r1000 N15 seed 35: loss 1.6947% feas True calls 6030 7.0s (elapsed 7s)
  [2/120] PSOBV ds1 r1000 N15 seed 45: loss 1.6912% feas True calls 6030 7.0s (elapsed 14s)
  [3/120] PSOBV ds1 r1000 N15 seed 55: loss 1.7710% feas True calls 6030 6.9s (elapsed 21s)
  [4/120] PSOC ds1 r1000 N15 seed 35: loss 1.9026% feas True calls 6030 7.1s (elapsed 28s)
  [5/120] PSOC ds1 r1000 N15 seed 45: loss 1.9800% feas True calls 6030 7.1s (elapsed 35s)
  [6/120] PSOC ds1 r1000 N15 seed 55: loss 2.2683% feas True calls 6030 7.0s (elapsed 42s)
  [7/120] GA ds1 r1000 N15 seed 35: loss 2.3292% feas True calls 6030 7.3s (elapsed 49s)
  [8/120] GA ds1 r1000 N15 seed 45: loss 2.3367% feas True calls 6030 6.9s (elapsed 56s)
  [9/120] GA ds1 r1000 N15 seed 55: loss 2.0130% feas True calls 6030 7.0s (elapsed 63s)
  [10/120] SLSQP ds1 r1000 N15 seed 35: loss 2.9315% feas True calls 6030 7.4s (elapsed 71s)
  [11/120] SLSQP ds1 r1000 N15 seed 45: loss 2.7391% feas True calls 6030 7.5s (elapsed 78s)
  [12/120] SLSQP ds1 r1000 N15 seed 55: loss 2.3570% feas True calls 6030 7.4s (elapsed 86s)
  [13/120] RSDVNS ds1 r1000 N15 seed 35: loss 2.0250% feas True calls 6030 7.6s (elapsed 93s)
  [14/120] RSDVNS ds1 r1000 N15 seed 45: loss 2.1416% feas True calls 6030 7.7s (elapsed 101s)
  [15/120] RSDVNS ds1 r1000 N15 seed 55: loss 2.5442% feas True calls 6030 7.7s (elapsed 109s)
  [16/120] PSOBV ds2 r1000 N15 seed 35: loss 4.9522% feas True calls 6030 7.0s (elapsed 116s)
  [17/120] PSOBV ds2 r1000 N15 seed 45: loss 4.8686% feas True calls 6030 7.1s (elapsed 123s)
  [18/120] PSOBV ds2 r1000 N15 seed 55: loss 4.6457% feas True calls 6030 7.1s (elapsed 130s)
  [19/120] PSOC ds2 r1000 N15 seed 35: loss 5.3082% feas True calls 6030 7.5s (elapsed 137s)
  [20/120] PSOC ds2 r1000 N15 seed 45: loss 4.8233% feas True calls 6030 7.3s (elapsed 145s)
  [21/120] PSOC ds2 r1000 N15 seed 55: loss 4.8584% feas True calls 6030 7.2s (elapsed 152s)
  [22/120] GA ds2 r1000 N15 seed 35: loss 4.5474% feas True calls 6030 7.3s (elapsed 159s)
  [23/120] GA ds2 r1000 N15 seed 45: loss 4.7226% feas True calls 6030 7.3s (elapsed 167s)
  [24/120] GA ds2 r1000 N15 seed 55: loss 4.9400% feas True calls 6030 7.2s (elapsed 174s)
  [25/120] SLSQP ds2 r1000 N15 seed 35: loss 7.0630% feas True calls 6030 7.6s (elapsed 181s)
  [26/120] SLSQP ds2 r1000 N15 seed 45: loss 6.5842% feas True calls 6030 7.8s (elapsed 189s)
  [27/120] SLSQP ds2 r1000 N15 seed 55: loss 5.9821% feas True calls 6030 7.7s (elapsed 197s)
  [28/120] RSDVNS ds2 r1000 N15 seed 35: loss 5.6650% feas True calls 6030 7.6s (elapsed 204s)
  [29/120] RSDVNS ds2 r1000 N15 seed 45: loss 5.9464% feas True calls 6030 7.3s (elapsed 212s)
  [30/120] RSDVNS ds2 r1000 N15 seed 55: loss 7.0541% feas True calls 6030 7.5s (elapsed 219s)
  [31/120] PSOBV ds1 r750 N12 seed 35: loss 1.9647% feas True calls 6030 5.7s (elapsed 225s)
  [32/120] PSOBV ds1 r750 N12 seed 45: loss 1.8676% feas True calls 6030 5.5s (elapsed 231s)
  [33/120] PSOBV ds1 r750 N12 seed 55: loss 1.6625% feas True calls 6030 5.6s (elapsed 236s)
  [34/120] PSOC ds1 r750 N12 seed 35: loss 2.3206% feas True calls 6030 5.9s (elapsed 242s)
  [35/120] PSOC ds1 r750 N12 seed 45: loss 2.3245% feas True calls 6030 5.8s (elapsed 248s)
  [36/120] PSOC ds1 r750 N12 seed 55: loss 1.7216% feas True calls 6030 6.1s (elapsed 254s)
  [37/120] GA ds1 r750 N12 seed 35: loss 2.4549% feas True calls 6030 5.9s (elapsed 260s)
  [38/120] GA ds1 r750 N12 seed 45: loss 2.4731% feas True calls 6030 6.0s (elapsed 266s)
  [39/120] GA ds1 r750 N12 seed 55: loss 2.9712% feas True calls 6030 5.9s (elapsed 272s)
  [40/120] SLSQP ds1 r750 N12 seed 35: loss 3.1141% feas True calls 6030 6.0s (elapsed 278s)
  [41/120] SLSQP ds1 r750 N12 seed 45: loss 2.4880% feas True calls 6030 6.2s (elapsed 284s)
  [42/120] SLSQP ds1 r750 N12 seed 55: loss 3.0180% feas True calls 6030 6.0s (elapsed 290s)
  [43/120] RSDVNS ds1 r750 N12 seed 35: loss 2.0056% feas True calls 6030 6.0s (elapsed 296s)
  [44/120] RSDVNS ds1 r750 N12 seed 45: loss 2.2360% feas True calls 6030 5.8s (elapsed 302s)
  [45/120] RSDVNS ds1 r750 N12 seed 55: loss 3.0474% feas True calls 6030 5.8s (elapsed 308s)
  [46/120] PSOBV ds2 r750 N12 seed 35: loss 5.4222% feas True calls 6030 5.5s (elapsed 313s)
  [47/120] PSOBV ds2 r750 N12 seed 45: loss 5.4921% feas True calls 6030 5.5s (elapsed 319s)
  [48/120] PSOBV ds2 r750 N12 seed 55: loss 5.9717% feas True calls 6030 5.7s (elapsed 325s)
  [49/120] PSOC ds2 r750 N12 seed 35: loss 5.6671% feas True calls 6030 5.7s (elapsed 330s)
  [50/120] PSOC ds2 r750 N12 seed 45: loss 5.5328% feas True calls 6030 5.8s (elapsed 336s)
  [51/120] PSOC ds2 r750 N12 seed 55: loss 5.9514% feas True calls 6030 6.0s (elapsed 342s)
  [52/120] GA ds2 r750 N12 seed 35: loss 6.0122% feas True calls 6030 6.1s (elapsed 348s)
  [53/120] GA ds2 r750 N12 seed 45: loss 6.6081% feas True calls 6030 5.9s (elapsed 354s)
  [54/120] GA ds2 r750 N12 seed 55: loss 6.9711% feas True calls 6030 5.9s (elapsed 360s)
  [55/120] SLSQP ds2 r750 N12 seed 35: loss 7.1126% feas True calls 6030 6.1s (elapsed 366s)
  [56/120] SLSQP ds2 r750 N12 seed 45: loss 6.7215% feas True calls 6030 6.1s (elapsed 372s)
  [57/120] SLSQP ds2 r750 N12 seed 55: loss 6.7204% feas True calls 6030 6.2s (elapsed 378s)
  [58/120] RSDVNS ds2 r750 N12 seed 35: loss 6.2160% feas True calls 6030 6.0s (elapsed 384s)
  [59/120] RSDVNS ds2 r750 N12 seed 45: loss 5.5203% feas True calls 6030 6.2s (elapsed 391s)
  [60/120] RSDVNS ds2 r750 N12 seed 55: loss 5.8852% feas True calls 6030 6.0s (elapsed 397s)
  [61/120] PSOBV ds1 r500 N10 seed 35: loss 4.0109% feas True calls 6030 5.2s (elapsed 402s)
  [62/120] PSOBV ds1 r500 N10 seed 45: loss 6.4279% feas True calls 6030 5.4s (elapsed 407s)
  [63/120] PSOBV ds1 r500 N10 seed 55: loss 3.9873% feas True calls 6030 5.3s (elapsed 413s)
  [64/120] PSOC ds1 r500 N10 seed 35: loss 4.5097% feas True calls 6030 5.4s (elapsed 418s)
  [65/120] PSOC ds1 r500 N10 seed 45: loss 5.5770% feas False calls 6030 5.2s (elapsed 423s)
  [66/120] PSOC ds1 r500 N10 seed 55: loss 3.5578% feas True calls 6030 5.5s (elapsed 429s)
  [67/120] GA ds1 r500 N10 seed 35: loss 8.8387% feas False calls 6030 5.4s (elapsed 434s)
  [68/120] GA ds1 r500 N10 seed 45: loss 4.7355% feas True calls 6030 5.2s (elapsed 439s)
  [69/120] GA ds1 r500 N10 seed 55: loss 4.0018% feas True calls 6030 5.5s (elapsed 445s)
  [70/120] SLSQP ds1 r500 N10 seed 35: loss 4.3069% feas True calls 6030 5.6s (elapsed 450s)
  [71/120] SLSQP ds1 r500 N10 seed 45: loss 3.7741% feas True calls 6030 5.6s (elapsed 456s)
  [72/120] SLSQP ds1 r500 N10 seed 55: loss 3.1029% feas True calls 6030 5.2s (elapsed 461s)
  [73/120] RSDVNS ds1 r500 N10 seed 35: loss 4.6699% feas True calls 6030 5.9s (elapsed 467s)
  [74/120] RSDVNS ds1 r500 N10 seed 45: loss 5.3484% feas True calls 6030 5.3s (elapsed 473s)
  [75/120] RSDVNS ds1 r500 N10 seed 55: loss 4.1983% feas True calls 6030 5.6s (elapsed 478s)
  [76/120] PSOBV ds2 r500 N10 seed 35: loss 8.1068% feas True calls 6030 4.9s (elapsed 483s)
  [77/120] PSOBV ds2 r500 N10 seed 45: loss 10.5311% feas True calls 6030 5.2s (elapsed 488s)
  [78/120] PSOBV ds2 r500 N10 seed 55: loss 8.8132% feas True calls 6030 5.1s (elapsed 493s)
  [79/120] PSOC ds2 r500 N10 seed 35: loss 8.7024% feas True calls 6030 5.0s (elapsed 498s)
  [80/120] PSOC ds2 r500 N10 seed 45: loss 11.9857% feas False calls 6030 5.3s (elapsed 504s)
  [81/120] PSOC ds2 r500 N10 seed 55: loss 9.3162% feas True calls 6030 5.3s (elapsed 509s)
  [82/120] GA ds2 r500 N10 seed 35: loss 9.5438% feas False calls 6030 5.5s (elapsed 514s)
  [83/120] GA ds2 r500 N10 seed 45: loss 9.5774% feas True calls 6030 5.3s (elapsed 520s)
  [84/120] GA ds2 r500 N10 seed 55: loss 9.6459% feas True calls 6030 5.4s (elapsed 525s)
  [85/120] SLSQP ds2 r500 N10 seed 35: loss 14.0475% feas False calls 6030 5.5s (elapsed 531s)
  [86/120] SLSQP ds2 r500 N10 seed 45: loss 8.7864% feas True calls 6030 5.2s (elapsed 536s)
rev3_fine shard 4/10: 120 runs, 86 already in rev3_fine_s4of10.csv, 34 to do; procs 1; python 3.11.15, numpy 2.4.6, scipy 1.17.1, pandas 3.0.6, cpu Intel(R) Xeon(R) Processor @ 2.10GHz, numpy SIMD AVX2,AVX512F,AVX512_SKX
  [1/34] SLSQP ds2 r500 N10 seed 55: loss 9.3585% feas True calls 6030 5.7s (elapsed 6s)
  [2/34] RSDVNS ds2 r500 N10 seed 35: loss 9.4737% feas True calls 6030 5.5s (elapsed 11s)
  [3/34] RSDVNS ds2 r500 N10 seed 45: loss 10.5601% feas True calls 6030 5.5s (elapsed 17s)
  [4/34] RSDVNS ds2 r500 N10 seed 55: loss 8.5221% feas True calls 6030 5.6s (elapsed 22s)
  [5/34] PSOBV ds1 r750 N6 seed 35: loss 0.2930% feas True calls 6030 2.6s (elapsed 25s)
  [6/34] PSOBV ds1 r750 N6 seed 45: loss 0.3965% feas True calls 6030 2.5s (elapsed 27s)
  [7/34] PSOBV ds1 r750 N6 seed 55: loss 0.3456% feas True calls 6030 2.4s (elapsed 30s)
  [8/34] PSOC ds1 r750 N6 seed 35: loss 0.2941% feas True calls 6030 2.5s (elapsed 32s)
  [9/34] PSOC ds1 r750 N6 seed 45: loss 0.4402% feas True calls 6030 2.7s (elapsed 35s)
  [10/34] PSOC ds1 r750 N6 seed 55: loss 0.3486% feas True calls 6030 2.7s (elapsed 38s)
  [11/34] GA ds1 r750 N6 seed 35: loss 0.2939% feas True calls 6030 2.9s (elapsed 41s)
  [12/34] GA ds1 r750 N6 seed 45: loss 0.3191% feas True calls 6030 2.8s (elapsed 43s)
  [13/34] GA ds1 r750 N6 seed 55: loss 0.3372% feas True calls 6030 2.7s (elapsed 46s)
  [14/34] SLSQP ds1 r750 N6 seed 35: loss 0.6859% feas True calls 6030 3.0s (elapsed 49s)
  [15/34] SLSQP ds1 r750 N6 seed 45: loss 0.8211% feas True calls 6030 3.0s (elapsed 52s)
  [16/34] SLSQP ds1 r750 N6 seed 55: loss 0.7210% feas True calls 6030 3.1s (elapsed 55s)
  [17/34] RSDVNS ds1 r750 N6 seed 35: loss 0.3078% feas True calls 6030 2.5s (elapsed 58s)
  [18/34] RSDVNS ds1 r750 N6 seed 45: loss 0.3678% feas True calls 6030 2.6s (elapsed 60s)
  [19/34] RSDVNS ds1 r750 N6 seed 55: loss 0.2949% feas True calls 6030 2.7s (elapsed 63s)
  [20/34] PSOBV ds2 r750 N6 seed 35: loss 1.2382% feas True calls 6030 2.5s (elapsed 66s)
  [21/34] PSOBV ds2 r750 N6 seed 45: loss 1.4028% feas True calls 6030 2.5s (elapsed 68s)
  [22/34] PSOBV ds2 r750 N6 seed 55: loss 1.4156% feas True calls 6030 2.6s (elapsed 71s)
  [23/34] PSOC ds2 r750 N6 seed 35: loss 1.2452% feas True calls 6030 2.6s (elapsed 73s)
  [24/34] PSOC ds2 r750 N6 seed 45: loss 1.4188% feas True calls 6030 2.6s (elapsed 76s)
  [25/34] PSOC ds2 r750 N6 seed 55: loss 1.4332% feas True calls 6030 2.4s (elapsed 78s)
  [26/34] GA ds2 r750 N6 seed 35: loss 1.2800% feas True calls 6030 2.7s (elapsed 81s)
  [27/34] GA ds2 r750 N6 seed 45: loss 1.5616% feas True calls 6030 2.9s (elapsed 84s)
  [28/34] GA ds2 r750 N6 seed 55: loss 1.4676% feas True calls 6030 2.6s (elapsed 87s)
  [29/34] SLSQP ds2 r750 N6 seed 35: loss 1.9793% feas True calls 6030 3.0s (elapsed 90s)
  [30/34] SLSQP ds2 r750 N6 seed 45: loss 2.5310% feas True calls 6030 3.0s (elapsed 93s)
  [31/34] SLSQP ds2 r750 N6 seed 55: loss 2.1207% feas True calls 6030 3.1s (elapsed 96s)
  [32/34] RSDVNS ds2 r750 N6 seed 35: loss 1.3311% feas True calls 6030 2.8s (elapsed 98s)
  [33/34] RSDVNS ds2 r750 N6 seed 45: loss 1.4649% feas True calls 6030 2.8s (elapsed 101s)
  [34/34] RSDVNS ds2 r750 N6 seed 55: loss 1.4444% feas True calls 6030 2.9s (elapsed 104s)
rev3_fine shard 4/10 done: 34 runs in 104 s
