rev3_fine shard 0/10: 120 runs, 0 already in rev3_fine_s0of10.csv, 120 to do; procs 1; python 3.11.15, numpy 2.4.6, scipy 1.17.1, pandas 3.0.6, cpu Intel(R) Xeon(R) Processor @ 2.10GHz, numpy SIMD AVX2,AVX512F,AVX512_SKX
  [1/120] PSOBV ds1 r1000 N15 seed 31: loss 2.0432% feas True calls 6030 7.6s (elapsed 8s)
  [2/120] PSOBV ds1 r1000 N15 seed 41: loss 1.8079% feas True calls 6030 7.3s (elapsed 15s)
  [3/120] PSOBV ds1 r1000 N15 seed 51: loss 1.9468% feas True calls 6030 7.6s (elapsed 23s)
  [4/120] PSOC ds1 r1000 N15 seed 31: loss 2.2081% feas True calls 6030 7.7s (elapsed 30s)
  [5/120] PSOC ds1 r1000 N15 seed 41: loss 2.0195% feas True calls 6030 7.3s (elapsed 38s)
  [6/120] PSOC ds1 r1000 N15 seed 51: loss 1.8152% feas True calls 6030 6.3s (elapsed 44s)
  [7/120] GA ds1 r1000 N15 seed 31: loss 2.1436% feas True calls 6030 7.5s (elapsed 51s)
  [8/120] GA ds1 r1000 N15 seed 41: loss 1.9193% feas True calls 6030 6.1s (elapsed 58s)
  [9/120] GA ds1 r1000 N15 seed 51: loss 1.7717% feas True calls 6030 6.8s (elapsed 64s)
  [10/120] SLSQP ds1 r1000 N15 seed 31: loss 2.8546% feas True calls 6030 8.2s (elapsed 73s)
  [11/120] SLSQP ds1 r1000 N15 seed 41: loss 2.8246% feas True calls 6030 8.2s (elapsed 81s)
  [12/120] SLSQP ds1 r1000 N15 seed 51: loss 2.6957% feas True calls 6030 8.0s (elapsed 89s)
  [13/120] RSDVNS ds1 r1000 N15 seed 31: loss 2.0446% feas True calls 6030 7.4s (elapsed 96s)
  [14/120] RSDVNS ds1 r1000 N15 seed 41: loss 2.0930% feas True calls 6030 8.0s (elapsed 104s)
  [15/120] RSDVNS ds1 r1000 N15 seed 51: loss 2.2974% feas True calls 6030 6.8s (elapsed 111s)
  [16/120] PSOBV ds2 r1000 N15 seed 31: loss 5.2043% feas True calls 6030 5.7s (elapsed 117s)
  [17/120] PSOBV ds2 r1000 N15 seed 41: loss 4.6187% feas True calls 6030 5.7s (elapsed 122s)
  [18/120] PSOBV ds2 r1000 N15 seed 51: loss 4.7077% feas True calls 6030 5.6s (elapsed 128s)
  [19/120] PSOC ds2 r1000 N15 seed 31: loss 5.4677% feas True calls 6030 7.0s (elapsed 135s)
  [20/120] PSOC ds2 r1000 N15 seed 41: loss 4.9938% feas True calls 6030 6.8s (elapsed 142s)
  [21/120] PSOC ds2 r1000 N15 seed 51: loss 4.8041% feas True calls 6030 7.0s (elapsed 149s)
  [22/120] GA ds2 r1000 N15 seed 31: loss 5.2166% feas True calls 6030 7.3s (elapsed 156s)
  [23/120] GA ds2 r1000 N15 seed 41: loss 4.7686% feas True calls 6030 7.6s (elapsed 164s)
  [24/120] GA ds2 r1000 N15 seed 51: loss 5.1559% feas True calls 6030 7.8s (elapsed 171s)
  [25/120] SLSQP ds2 r1000 N15 seed 31: loss 5.7806% feas True calls 6030 8.1s (elapsed 180s)
  [26/120] SLSQP ds2 r1000 N15 seed 41: loss 6.6388% feas True calls 6030 8.0s (elapsed 188s)
  [27/120] SLSQP ds2 r1000 N15 seed 51: loss 6.1828% feas True calls 6030 8.0s (elapsed 196s)
  [28/120] RSDVNS ds2 r1000 N15 seed 31: loss 4.6780% feas True calls 6030 7.9s (elapsed 204s)
  [29/120] RSDVNS ds2 r1000 N15 seed 41: loss 5.2439% feas True calls 6030 8.1s (elapsed 212s)
  [30/120] RSDVNS ds2 r1000 N15 seed 51: loss 5.3128% feas True calls 6030 8.1s (elapsed 220s)
  [31/120] PSOBV ds1 r750 N12 seed 31: loss 1.8183% feas True calls 6030 5.7s (elapsed 225s)
  [32/120] PSOBV ds1 r750 N12 seed 41: loss 2.5255% feas True calls 6030 4.8s (elapsed 230s)
  [33/120] PSOBV ds1 r750 N12 seed 51: loss 1.9883% feas True calls 6030 5.6s (elapsed 236s)
  [34/120] PSOC ds1 r750 N12 seed 31: loss 1.8888% feas True calls 6030 6.3s (elapsed 242s)
  [35/120] PSOC ds1 r750 N12 seed 41: loss 2.6311% feas True calls 6030 6.4s (elapsed 248s)
  [36/120] PSOC ds1 r750 N12 seed 51: loss 2.0772% feas True calls 6030 6.4s (elapsed 255s)
  [37/120] GA ds1 r750 N12 seed 31: loss 2.4382% feas True calls 6030 6.2s (elapsed 261s)
  [38/120] GA ds1 r750 N12 seed 41: loss 2.3823% feas True calls 6030 5.2s (elapsed 266s)
  [39/120] GA ds1 r750 N12 seed 51: loss 2.0375% feas True calls 6030 5.9s (elapsed 272s)
  [40/120] SLSQP ds1 r750 N12 seed 31: loss 2.5804% feas True calls 6030 5.7s (elapsed 278s)
  [41/120] SLSQP ds1 r750 N12 seed 41: loss 3.2556% feas True calls 6030 5.6s (elapsed 284s)
  [42/120] SLSQP ds1 r750 N12 seed 51: loss 2.8431% feas True calls 6030 5.4s (elapsed 289s)
  [43/120] RSDVNS ds1 r750 N12 seed 31: loss 2.0164% feas True calls 6030 6.2s (elapsed 295s)
  [44/120] RSDVNS ds1 r750 N12 seed 41: loss 2.6323% feas True calls 6030 6.2s (elapsed 301s)
  [45/120] RSDVNS ds1 r750 N12 seed 51: loss 2.1094% feas True calls 6030 6.1s (elapsed 308s)
  [46/120] PSOBV ds2 r750 N12 seed 31: loss 5.4539% feas True calls 6030 6.1s (elapsed 314s)
  [47/120] PSOBV ds2 r750 N12 seed 41: loss 5.8168% feas True calls 6030 6.2s (elapsed 320s)
  [48/120] PSOBV ds2 r750 N12 seed 51: loss 5.6157% feas True calls 6030 6.2s (elapsed 326s)
  [49/120] PSOC ds2 r750 N12 seed 31: loss 6.2548% feas True calls 6030 6.2s (elapsed 332s)
  [50/120] PSOC ds2 r750 N12 seed 41: loss 6.3098% feas True calls 6030 6.4s (elapsed 339s)
  [51/120] PSOC ds2 r750 N12 seed 51: loss 5.5754% feas True calls 6030 6.1s (elapsed 345s)
  [52/120] GA ds2 r750 N12 seed 31: loss 6.3176% feas True calls 6030 6.3s (elapsed 351s)
  [53/120] GA ds2 r750 N12 seed 41: loss 6.3150% feas True calls 6030 6.5s (elapsed 358s)
  [54/120] GA ds2 r750 N12 seed 51: loss 5.5257% feas True calls 6030 6.3s (elapsed 364s)
  [55/120] SLSQP ds2 r750 N12 seed 31: loss 6.4463% feas True calls 6030 6.4s (elapsed 370s)
  [56/120] SLSQP ds2 r750 N12 seed 41: loss 6.6403% feas True calls 6030 6.7s (elapsed 377s)
  [57/120] SLSQP ds2 r750 N12 seed 51: loss 7.0420% feas True calls 6030 6.5s (elapsed 384s)
  [58/120] RSDVNS ds2 r750 N12 seed 31: loss 6.0076% feas True calls 6030 6.6s (elapsed 390s)
  [59/120] RSDVNS ds2 r750 N12 seed 41: loss 6.0705% feas True calls 6030 6.7s (elapsed 397s)
  [60/120] RSDVNS ds2 r750 N12 seed 51: loss 5.3694% feas True calls 6030 6.6s (elapsed 403s)
  [61/120] PSOBV ds1 r500 N10 seed 31: loss 3.7427% feas True calls 6030 5.5s (elapsed 409s)
  [62/120] PSOBV ds1 r500 N10 seed 41: loss 4.3234% feas True calls 6030 5.2s (elapsed 414s)
  [63/120] PSOBV ds1 r500 N10 seed 51: loss 4.0856% feas True calls 6030 5.3s (elapsed 419s)
  [64/120] PSOC ds1 r500 N10 seed 31: loss 4.1224% feas True calls 6030 5.5s (elapsed 425s)
  [65/120] PSOC ds1 r500 N10 seed 41: loss 3.0864% feas True calls 6030 5.4s (elapsed 430s)
  [66/120] PSOC ds1 r500 N10 seed 51: loss 3.8625% feas True calls 6030 5.0s (elapsed 435s)
  [67/120] GA ds1 r500 N10 seed 31: loss 4.5718% feas False calls 6030 5.3s (elapsed 441s)
  [68/120] GA ds1 r500 N10 seed 41: loss 4.6042% feas True calls 6030 4.3s (elapsed 445s)
  [69/120] GA ds1 r500 N10 seed 51: loss 4.3235% feas True calls 6030 4.0s (elapsed 449s)
  [70/120] SLSQP ds1 r500 N10 seed 31: loss 2.8764% feas True calls 6030 5.4s (elapsed 454s)
  [71/120] SLSQP ds1 r500 N10 seed 41: loss 3.5637% feas True calls 6030 5.4s (elapsed 460s)
  [72/120] SLSQP ds1 r500 N10 seed 51: loss 4.2384% feas True calls 6030 5.6s (elapsed 465s)
  [73/120] RSDVNS ds1 r500 N10 seed 31: loss 2.5596% feas True calls 6030 5.9s (elapsed 471s)
  [74/120] RSDVNS ds1 r500 N10 seed 41: loss 6.6566% feas True calls 6030 6.0s (elapsed 477s)
  [75/120] RSDVNS ds1 r500 N10 seed 51: loss 4.5048% feas True calls 6030 5.7s (elapsed 483s)
  [76/120] PSOBV ds2 r500 N10 seed 31: loss 10.1186% feas True calls 6030 5.1s (elapsed 488s)
  [77/120] PSOBV ds2 r500 N10 seed 41: loss 7.8551% feas True calls 6030 5.0s (elapsed 493s)
  [78/120] PSOBV ds2 r500 N10 seed 51: loss 9.3141% feas True calls 6030 3.8s (elapsed 497s)
  [79/120] PSOC ds2 r500 N10 seed 31: loss 10.6546% feas True calls 6030 4.0s (elapsed 501s)
  [80/120] PSOC ds2 r500 N10 seed 41: loss 8.3728% feas True calls 6030 4.0s (elapsed 505s)
  [81/120] PSOC ds2 r500 N10 seed 51: loss 9.5558% feas True calls 6030 4.0s (elapsed 509s)
  [82/120] GA ds2 r500 N10 seed 31: loss 10.0332% feas False calls 6030 4.1s (elapsed 513s)
  [83/120] GA ds2 r500 N10 seed 41: loss 10.0493% feas True calls 6030 4.9s (elapsed 518s)
  [84/120] GA ds2 r500 N10 seed 51: loss 8.8989% feas True calls 6030 5.7s (elapsed 524s)
  [85/120] SLSQP ds2 r500 N10 seed 31: loss 9.5909% feas True calls 6030 5.8s (elapsed 529s)
  [86/120] SLSQP ds2 r500 N10 seed 41: loss 9.4999% feas True calls 6030 5.8s (elapsed 535s)
rev3_fine shard 0/10: 120 runs, 86 already in rev3_fine_s0of10.csv, 34 to do; procs 1; python 3.11.15, numpy 2.4.6, scipy 1.17.1, pandas 3.0.6, cpu Intel(R) Xeon(R) Processor @ 2.10GHz, numpy SIMD AVX2,AVX512F,AVX512_SKX
  [1/34] SLSQP ds2 r500 N10 seed 51: loss 8.9925% feas True calls 6030 5.5s (elapsed 5s)
  [2/34] RSDVNS ds2 r500 N10 seed 31: loss 8.5198% feas True calls 6030 4.3s (elapsed 10s)
  [3/34] RSDVNS ds2 r500 N10 seed 41: loss 9.7943% feas True calls 6030 4.4s (elapsed 14s)
  [4/34] RSDVNS ds2 r500 N10 seed 51: loss 8.4934% feas True calls 6030 4.4s (elapsed 19s)
  [5/34] PSOBV ds1 r750 N6 seed 31: loss 0.3528% feas True calls 6030 1.8s (elapsed 20s)
  [6/34] PSOBV ds1 r750 N6 seed 41: loss 0.3432% feas True calls 6030 1.8s (elapsed 22s)
  [7/34] PSOBV ds1 r750 N6 seed 51: loss 0.2593% feas True calls 6030 1.8s (elapsed 24s)
  [8/34] PSOC ds1 r750 N6 seed 31: loss 0.3217% feas True calls 6030 2.1s (elapsed 26s)
  [9/34] PSOC ds1 r750 N6 seed 41: loss 0.3414% feas True calls 6030 2.0s (elapsed 28s)
  [10/34] PSOC ds1 r750 N6 seed 51: loss 0.2754% feas True calls 6030 2.1s (elapsed 30s)
  [11/34] GA ds1 r750 N6 seed 31: loss 0.2881% feas True calls 6030 2.3s (elapsed 32s)
  [12/34] GA ds1 r750 N6 seed 41: loss 0.3239% feas True calls 6030 1.9s (elapsed 34s)
  [13/34] GA ds1 r750 N6 seed 51: loss 0.3441% feas True calls 6030 2.4s (elapsed 37s)
  [14/34] SLSQP ds1 r750 N6 seed 31: loss 0.4798% feas True calls 6030 2.9s (elapsed 40s)
  [15/34] SLSQP ds1 r750 N6 seed 41: loss 0.5542% feas True calls 6030 2.8s (elapsed 42s)
  [16/34] SLSQP ds1 r750 N6 seed 51: loss 0.7259% feas True calls 6030 2.8s (elapsed 45s)
  [17/34] RSDVNS ds1 r750 N6 seed 31: loss 0.3081% feas True calls 6030 2.6s (elapsed 48s)
  [18/34] RSDVNS ds1 r750 N6 seed 41: loss 0.2783% feas True calls 6030 2.6s (elapsed 50s)
  [19/34] RSDVNS ds1 r750 N6 seed 51: loss 0.3164% feas True calls 6030 2.6s (elapsed 53s)
  [20/34] PSOBV ds2 r750 N6 seed 31: loss 1.4981% feas True calls 6030 2.3s (elapsed 55s)
  [21/34] PSOBV ds2 r750 N6 seed 41: loss 1.4853% feas True calls 6030 2.4s (elapsed 58s)
  [22/34] PSOBV ds2 r750 N6 seed 51: loss 1.2687% feas True calls 6030 2.4s (elapsed 60s)
  [23/34] PSOC ds2 r750 N6 seed 31: loss 1.5072% feas True calls 6030 2.5s (elapsed 63s)
  [24/34] PSOC ds2 r750 N6 seed 41: loss 1.5847% feas True calls 6030 2.6s (elapsed 65s)
  [25/34] PSOC ds2 r750 N6 seed 51: loss 1.3200% feas True calls 6030 2.7s (elapsed 68s)
  [26/34] GA ds2 r750 N6 seed 31: loss 1.2921% feas True calls 6030 2.7s (elapsed 71s)
  [27/34] GA ds2 r750 N6 seed 41: loss 1.4539% feas True calls 6030 2.5s (elapsed 73s)
  [28/34] GA ds2 r750 N6 seed 51: loss 1.5937% feas True calls 6030 2.5s (elapsed 76s)
  [29/34] SLSQP ds2 r750 N6 seed 31: loss 1.5114% feas True calls 6030 2.4s (elapsed 78s)
  [30/34] SLSQP ds2 r750 N6 seed 41: loss 2.3000% feas True calls 6030 2.7s (elapsed 81s)
  [31/34] SLSQP ds2 r750 N6 seed 51: loss 2.3307% feas True calls 6030 2.9s (elapsed 84s)
  [32/34] RSDVNS ds2 r750 N6 seed 31: loss 1.4531% feas True calls 6030 2.7s (elapsed 86s)
  [33/34] RSDVNS ds2 r750 N6 seed 41: loss 1.2609% feas True calls 6030 2.5s (elapsed 89s)
  [34/34] RSDVNS ds2 r750 N6 seed 51: loss 1.6485% feas True calls 6030 2.6s (elapsed 91s)
rev3_fine shard 0/10 done: 34 runs in 91 s
