rev3_fine shard 6/10: 120 runs, 0 already in rev3_fine_s6of10.csv, 120 to do; procs 1; python 3.11.15, numpy 2.4.6, scipy 1.17.1, pandas 3.0.6, cpu Intel(R) Xeon(R) Processor @ 2.10GHz, numpy SIMD AVX2,AVX512F,AVX512_SKX
  [1/120] PSOBV ds1 r1000 N15 seed 37: loss 1.6557% feas True calls 6030 7.6s (elapsed 8s)
  [2/120] PSOBV ds1 r1000 N15 seed 47: loss 1.6242% feas True calls 6030 7.6s (elapsed 15s)
  [3/120] PSOBV ds1 r1000 N15 seed 57: loss 1.9423% feas True calls 6030 7.6s (elapsed 23s)
  [4/120] PSOC ds1 r1000 N15 seed 37: loss 1.9529% feas True calls 6030 7.7s (elapsed 31s)
  [5/120] PSOC ds1 r1000 N15 seed 47: loss 1.9552% feas True calls 6030 8.0s (elapsed 39s)
  [6/120] PSOC ds1 r1000 N15 seed 57: loss 2.0681% feas True calls 6030 7.9s (elapsed 46s)
  [7/120] GA ds1 r1000 N15 seed 37: loss 2.0436% feas True calls 6030 7.9s (elapsed 54s)
  [8/120] GA ds1 r1000 N15 seed 47: loss 2.0010% feas True calls 6030 7.8s (elapsed 62s)
  [9/120] GA ds1 r1000 N15 seed 57: loss 2.0478% feas True calls 6030 7.8s (elapsed 70s)
  [10/120] SLSQP ds1 r1000 N15 seed 37: loss 2.6208% feas True calls 6030 8.4s (elapsed 78s)
  [11/120] SLSQP ds1 r1000 N15 seed 47: loss 2.8430% feas True calls 6030 8.1s (elapsed 86s)
  [12/120] SLSQP ds1 r1000 N15 seed 57: loss 2.8858% feas True calls 6030 8.0s (elapsed 94s)
  [13/120] RSDVNS ds1 r1000 N15 seed 37: loss 2.1778% feas True calls 6030 8.5s (elapsed 103s)
  [14/120] RSDVNS ds1 r1000 N15 seed 47: loss 2.1684% feas True calls 6030 8.2s (elapsed 111s)
  [15/120] RSDVNS ds1 r1000 N15 seed 57: loss 2.2478% feas True calls 6030 8.2s (elapsed 119s)
  [16/120] PSOBV ds2 r1000 N15 seed 37: loss 4.6742% feas True calls 6030 7.8s (elapsed 127s)
  [17/120] PSOBV ds2 r1000 N15 seed 47: loss 4.8363% feas True calls 6030 7.9s (elapsed 135s)
  [18/120] PSOBV ds2 r1000 N15 seed 57: loss 5.0456% feas True calls 6030 7.6s (elapsed 143s)
  [19/120] PSOC ds2 r1000 N15 seed 37: loss 5.0898% feas True calls 6030 7.7s (elapsed 150s)
  [20/120] PSOC ds2 r1000 N15 seed 47: loss 5.4985% feas True calls 6030 7.9s (elapsed 158s)
  [21/120] PSOC ds2 r1000 N15 seed 57: loss 5.1237% feas True calls 6030 7.6s (elapsed 166s)
  [22/120] GA ds2 r1000 N15 seed 37: loss 5.0397% feas True calls 6030 7.7s (elapsed 174s)
  [23/120] GA ds2 r1000 N15 seed 47: loss 4.7943% feas True calls 6030 7.7s (elapsed 181s)
  [24/120] GA ds2 r1000 N15 seed 57: loss 4.7095% feas True calls 6030 7.6s (elapsed 189s)
  [25/120] SLSQP ds2 r1000 N15 seed 37: loss 5.7533% feas True calls 6030 7.9s (elapsed 197s)
  [26/120] SLSQP ds2 r1000 N15 seed 47: loss 5.6416% feas True calls 6030 8.0s (elapsed 205s)
  [27/120] SLSQP ds2 r1000 N15 seed 57: loss 5.9547% feas True calls 6030 7.9s (elapsed 213s)
  [28/120] RSDVNS ds2 r1000 N15 seed 37: loss 5.4464% feas True calls 6030 8.3s (elapsed 221s)
  [29/120] RSDVNS ds2 r1000 N15 seed 47: loss 5.5789% feas True calls 6030 8.2s (elapsed 229s)
  [30/120] RSDVNS ds2 r1000 N15 seed 57: loss 5.4241% feas True calls 6030 8.1s (elapsed 237s)
  [31/120] PSOBV ds1 r750 N12 seed 37: loss 2.0762% feas True calls 6030 6.3s (elapsed 244s)
  [32/120] PSOBV ds1 r750 N12 seed 47: loss 2.7189% feas True calls 6030 6.4s (elapsed 250s)
  [33/120] PSOBV ds1 r750 N12 seed 57: loss 2.3568% feas True calls 6030 6.3s (elapsed 256s)
  [34/120] PSOC ds1 r750 N12 seed 37: loss 2.3308% feas True calls 6030 6.3s (elapsed 263s)
  [35/120] PSOC ds1 r750 N12 seed 47: loss 2.5492% feas True calls 6030 6.3s (elapsed 269s)
  [36/120] PSOC ds1 r750 N12 seed 57: loss 2.8018% feas True calls 6030 6.2s (elapsed 275s)
  [37/120] GA ds1 r750 N12 seed 37: loss 2.2505% feas True calls 6030 6.4s (elapsed 282s)
  [38/120] GA ds1 r750 N12 seed 47: loss 2.5948% feas True calls 6030 6.4s (elapsed 288s)
  [39/120] GA ds1 r750 N12 seed 57: loss 2.2615% feas True calls 6030 6.5s (elapsed 295s)
  [40/120] SLSQP ds1 r750 N12 seed 37: loss 2.6039% feas True calls 6030 6.6s (elapsed 301s)
  [41/120] SLSQP ds1 r750 N12 seed 47: loss 2.9185% feas True calls 6030 6.7s (elapsed 308s)
  [42/120] SLSQP ds1 r750 N12 seed 57: loss 2.5788% feas True calls 6030 6.6s (elapsed 315s)
  [43/120] RSDVNS ds1 r750 N12 seed 37: loss 2.9204% feas True calls 6030 6.9s (elapsed 321s)
  [44/120] RSDVNS ds1 r750 N12 seed 47: loss 3.1463% feas True calls 6030 6.8s (elapsed 328s)
  [45/120] RSDVNS ds1 r750 N12 seed 57: loss 1.6242% feas True calls 6030 6.7s (elapsed 335s)
  [46/120] PSOBV ds2 r750 N12 seed 37: loss 5.4735% feas True calls 6030 6.1s (elapsed 341s)
  [47/120] PSOBV ds2 r750 N12 seed 47: loss 5.7931% feas True calls 6030 6.3s (elapsed 347s)
  [48/120] PSOBV ds2 r750 N12 seed 57: loss 5.5692% feas True calls 6030 6.1s (elapsed 354s)
  [49/120] PSOC ds2 r750 N12 seed 37: loss 5.6195% feas True calls 6030 6.5s (elapsed 360s)
  [50/120] PSOC ds2 r750 N12 seed 47: loss 5.7737% feas True calls 6030 6.6s (elapsed 367s)
  [51/120] PSOC ds2 r750 N12 seed 57: loss 5.8958% feas True calls 6030 6.1s (elapsed 373s)
  [52/120] GA ds2 r750 N12 seed 37: loss 5.6690% feas True calls 6030 6.4s (elapsed 379s)
  [53/120] GA ds2 r750 N12 seed 47: loss 5.9523% feas True calls 6030 6.4s (elapsed 385s)
  [54/120] GA ds2 r750 N12 seed 57: loss 5.4826% feas True calls 6030 6.4s (elapsed 392s)
  [55/120] SLSQP ds2 r750 N12 seed 37: loss 6.9415% feas True calls 6030 6.5s (elapsed 398s)
  [56/120] SLSQP ds2 r750 N12 seed 47: loss 7.1483% feas True calls 6030 6.6s (elapsed 405s)
  [57/120] SLSQP ds2 r750 N12 seed 57: loss 7.1751% feas True calls 6030 6.7s (elapsed 412s)
  [58/120] RSDVNS ds2 r750 N12 seed 37: loss 6.6209% feas True calls 6030 6.7s (elapsed 418s)
  [59/120] RSDVNS ds2 r750 N12 seed 47: loss 6.9320% feas True calls 6030 6.6s (elapsed 425s)
  [60/120] RSDVNS ds2 r750 N12 seed 57: loss 5.6571% feas True calls 6030 6.6s (elapsed 432s)
  [61/120] PSOBV ds1 r500 N10 seed 37: loss 4.8542% feas True calls 6030 5.6s (elapsed 437s)
  [62/120] PSOBV ds1 r500 N10 seed 47: loss 3.8663% feas True calls 6030 5.6s (elapsed 443s)
  [63/120] PSOBV ds1 r500 N10 seed 57: loss 3.7453% feas True calls 6030 5.5s (elapsed 448s)
  [64/120] PSOC ds1 r500 N10 seed 37: loss 4.5504% feas True calls 6030 5.7s (elapsed 454s)
  [65/120] PSOC ds1 r500 N10 seed 47: loss 3.8916% feas True calls 6030 5.7s (elapsed 460s)
  [66/120] PSOC ds1 r500 N10 seed 57: loss 3.8278% feas True calls 6030 5.5s (elapsed 465s)
  [67/120] GA ds1 r500 N10 seed 37: loss 7.6066% feas True calls 6030 5.8s (elapsed 471s)
  [68/120] GA ds1 r500 N10 seed 47: loss 6.8272% feas True calls 6030 5.8s (elapsed 477s)
  [69/120] GA ds1 r500 N10 seed 57: loss 5.2428% feas True calls 6030 5.5s (elapsed 482s)
  [70/120] SLSQP ds1 r500 N10 seed 37: loss 3.7326% feas True calls 6030 5.9s (elapsed 488s)
  [71/120] SLSQP ds1 r500 N10 seed 47: loss 3.5688% feas True calls 6030 5.9s (elapsed 494s)
  [72/120] SLSQP ds1 r500 N10 seed 57: loss 2.8640% feas True calls 6030 5.9s (elapsed 500s)
  [73/120] RSDVNS ds1 r500 N10 seed 37: loss 2.6882% feas True calls 6030 6.1s (elapsed 506s)
  [74/120] RSDVNS ds1 r500 N10 seed 47: loss 5.5998% feas True calls 6030 6.0s (elapsed 512s)
  [75/120] RSDVNS ds1 r500 N10 seed 57: loss 5.3708% feas True calls 6030 6.0s (elapsed 518s)
  [76/120] PSOBV ds2 r500 N10 seed 37: loss 8.7916% feas True calls 6030 5.5s (elapsed 524s)
  [77/120] PSOBV ds2 r500 N10 seed 47: loss 8.4281% feas True calls 6030 5.7s (elapsed 530s)
  [78/120] PSOBV ds2 r500 N10 seed 57: loss 8.8410% feas True calls 6030 5.5s (elapsed 535s)
rev3_fine shard 6/10: 120 runs, 78 already in rev3_fine_s6of10.csv, 42 to do; procs 1; python 3.11.15, numpy 2.4.6, scipy 1.17.1, pandas 3.0.6, cpu Intel(R) Xeon(R) Processor @ 2.10GHz, numpy SIMD AVX2,AVX512F,AVX512_SKX
  [1/42] PSOC ds2 r500 N10 seed 37: loss 9.4996% feas True calls 6030 5.7s (elapsed 6s)
  [2/42] PSOC ds2 r500 N10 seed 47: loss 8.9243% feas True calls 6030 5.6s (elapsed 11s)
  [3/42] PSOC ds2 r500 N10 seed 57: loss 9.0657% feas True calls 6030 5.6s (elapsed 17s)
  [4/42] GA ds2 r500 N10 seed 37: loss 10.7019% feas True calls 6030 5.8s (elapsed 23s)
  [5/42] GA ds2 r500 N10 seed 47: loss 9.5218% feas True calls 6030 5.6s (elapsed 28s)
  [6/42] GA ds2 r500 N10 seed 57: loss 8.6476% feas True calls 6030 5.5s (elapsed 34s)
  [7/42] SLSQP ds2 r500 N10 seed 37: loss 10.0740% feas True calls 6030 6.2s (elapsed 40s)
  [8/42] SLSQP ds2 r500 N10 seed 47: loss 9.3328% feas True calls 6030 6.1s (elapsed 46s)
  [9/42] SLSQP ds2 r500 N10 seed 57: loss 8.8725% feas True calls 6030 6.0s (elapsed 52s)
  [10/42] RSDVNS ds2 r500 N10 seed 37: loss 8.1042% feas True calls 6030 6.1s (elapsed 58s)
  [11/42] RSDVNS ds2 r500 N10 seed 47: loss 10.6773% feas True calls 6030 6.0s (elapsed 64s)
  [12/42] RSDVNS ds2 r500 N10 seed 57: loss 9.0679% feas True calls 6030 6.0s (elapsed 70s)
  [13/42] PSOBV ds1 r750 N6 seed 37: loss 0.3213% feas True calls 6030 2.8s (elapsed 73s)
  [14/42] PSOBV ds1 r750 N6 seed 47: loss 0.3181% feas True calls 6030 2.8s (elapsed 76s)
  [15/42] PSOBV ds1 r750 N6 seed 57: loss 0.2684% feas True calls 6030 2.7s (elapsed 78s)
  [16/42] PSOC ds1 r750 N6 seed 37: loss 0.3046% feas True calls 6030 2.9s (elapsed 81s)
  [17/42] PSOC ds1 r750 N6 seed 47: loss 0.3303% feas True calls 6030 2.8s (elapsed 84s)
  [18/42] PSOC ds1 r750 N6 seed 57: loss 0.2805% feas True calls 6030 2.8s (elapsed 87s)
  [19/42] GA ds1 r750 N6 seed 37: loss 0.3121% feas True calls 6030 2.8s (elapsed 90s)
  [20/42] GA ds1 r750 N6 seed 47: loss 0.2983% feas True calls 6030 3.0s (elapsed 93s)
  [21/42] GA ds1 r750 N6 seed 57: loss 0.3982% feas True calls 6030 3.1s (elapsed 96s)
  [22/42] SLSQP ds1 r750 N6 seed 37: loss 0.8046% feas True calls 6030 3.5s (elapsed 99s)
  [23/42] SLSQP ds1 r750 N6 seed 47: loss 0.4951% feas True calls 6030 3.2s (elapsed 102s)
  [24/42] SLSQP ds1 r750 N6 seed 57: loss 0.5310% feas True calls 6030 3.2s (elapsed 106s)
  [25/42] RSDVNS ds1 r750 N6 seed 37: loss 0.2800% feas True calls 6030 3.0s (elapsed 109s)
  [26/42] RSDVNS ds1 r750 N6 seed 47: loss 0.2506% feas True calls 6030 3.0s (elapsed 112s)
  [27/42] RSDVNS ds1 r750 N6 seed 57: loss 0.3102% feas True calls 6030 3.0s (elapsed 115s)
  [28/42] PSOBV ds2 r750 N6 seed 37: loss 1.3600% feas True calls 6030 2.8s (elapsed 117s)
  [29/42] PSOBV ds2 r750 N6 seed 47: loss 1.4031% feas True calls 6030 2.7s (elapsed 120s)
  [30/42] PSOBV ds2 r750 N6 seed 57: loss 1.3060% feas True calls 6030 2.7s (elapsed 123s)
  [31/42] PSOC ds2 r750 N6 seed 37: loss 1.4172% feas True calls 6030 2.9s (elapsed 126s)
  [32/42] PSOC ds2 r750 N6 seed 47: loss 1.4768% feas True calls 6030 2.7s (elapsed 128s)
  [33/42] PSOC ds2 r750 N6 seed 57: loss 1.3297% feas True calls 6030 2.7s (elapsed 131s)
  [34/42] GA ds2 r750 N6 seed 37: loss 1.3647% feas True calls 6030 3.1s (elapsed 134s)
  [35/42] GA ds2 r750 N6 seed 47: loss 1.5516% feas True calls 6030 3.0s (elapsed 137s)
  [36/42] GA ds2 r750 N6 seed 57: loss 1.4813% feas True calls 6030 2.9s (elapsed 140s)
  [37/42] SLSQP ds2 r750 N6 seed 37: loss 2.5342% feas True calls 6030 3.3s (elapsed 143s)
  [38/42] SLSQP ds2 r750 N6 seed 47: loss 1.7791% feas True calls 6030 3.3s (elapsed 147s)
  [39/42] SLSQP ds2 r750 N6 seed 57: loss 1.7583% feas True calls 6030 3.1s (elapsed 150s)
  [40/42] RSDVNS ds2 r750 N6 seed 37: loss 1.3126% feas True calls 6030 2.9s (elapsed 153s)
  [41/42] RSDVNS ds2 r750 N6 seed 47: loss 1.3716% feas True calls 6030 3.0s (elapsed 156s)
  [42/42] RSDVNS ds2 r750 N6 seed 57: loss 1.4918% feas True calls 6030 3.1s (elapsed 159s)
rev3_fine shard 6/10 done: 42 runs in 159 s
